Archive member included because of file (symbol)

c:/programs/altera/13.0sp1/nios2eds/bin/gnu/h-i686-mingw32/bin/../lib/gcc/nios2-elf/4.1.2/../../../../nios2-elf/lib/mhw-mulx\libc.a(lib_a-ctype_.o)
                              obj/default/network_utilities.o (__ctype_ptr)
c:/programs/altera/13.0sp1/nios2eds/bin/gnu/h-i686-mingw32/bin/../lib/gcc/nios2-elf/4.1.2/../../../../nios2-elf/lib/mhw-mulx\libc.a(lib_a-fprintf.o)
                              obj/default/alt_error_handler.o (fprintf)
c:/programs/altera/13.0sp1/nios2eds/bin/gnu/h-i686-mingw32/bin/../lib/gcc/nios2-elf/4.1.2/../../../../nios2-elf/lib/mhw-mulx\libc.a(lib_a-fwrite.o)
                              obj/default/alt_error_handler.o (fwrite)
c:/programs/altera/13.0sp1/nios2eds/bin/gnu/h-i686-mingw32/bin/../lib/gcc/nios2-elf/4.1.2/../../../../nios2-elf/lib/mhw-mulx\libc.a(lib_a-getc.o)
                              obj/default/network_utilities.o (getc)
c:/programs/altera/13.0sp1/nios2eds/bin/gnu/h-i686-mingw32/bin/../lib/gcc/nios2-elf/4.1.2/../../../../nios2-elf/lib/mhw-mulx\libc.a(lib_a-impure.o)
                              obj/default/alt_error_handler.o (_impure_ptr)
c:/programs/altera/13.0sp1/nios2eds/bin/gnu/h-i686-mingw32/bin/../lib/gcc/nios2-elf/4.1.2/../../../../nios2-elf/lib/mhw-mulx\libc.a(lib_a-memcpy.o)
                              obj/default/simple_socket_server.o (memcpy)
c:/programs/altera/13.0sp1/nios2eds/bin/gnu/h-i686-mingw32/bin/../lib/gcc/nios2-elf/4.1.2/../../../../nios2-elf/lib/mhw-mulx\libc.a(lib_a-memmove.o)
                              obj/default/simple_socket_server.o (memmove)
c:/programs/altera/13.0sp1/nios2eds/bin/gnu/h-i686-mingw32/bin/../lib/gcc/nios2-elf/4.1.2/../../../../nios2-elf/lib/mhw-mulx\libc.a(lib_a-memset.o)
                              obj/default/simple_socket_server.o (memset)
c:/programs/altera/13.0sp1/nios2eds/bin/gnu/h-i686-mingw32/bin/../lib/gcc/nios2-elf/4.1.2/../../../../nios2-elf/lib/mhw-mulx\libc.a(lib_a-perror.o)
                              obj/default/alt_error_handler.o (perror)
c:/programs/altera/13.0sp1/nios2eds/bin/gnu/h-i686-mingw32/bin/../lib/gcc/nios2-elf/4.1.2/../../../../nios2-elf/lib/mhw-mulx\libc.a(lib_a-printf.o)
                              obj/default/alt_error_handler.o (printf)
c:/programs/altera/13.0sp1/nios2eds/bin/gnu/h-i686-mingw32/bin/../lib/gcc/nios2-elf/4.1.2/../../../../nios2-elf/lib/mhw-mulx\libc.a(lib_a-putc.o)
                              obj/default/network_utilities.o (putc)
c:/programs/altera/13.0sp1/nios2eds/bin/gnu/h-i686-mingw32/bin/../lib/gcc/nios2-elf/4.1.2/../../../../nios2-elf/lib/mhw-mulx\libc.a(lib_a-putchar.o)
                              obj/default/network_utilities.o (putchar)
c:/programs/altera/13.0sp1/nios2eds/bin/gnu/h-i686-mingw32/bin/../lib/gcc/nios2-elf/4.1.2/../../../../nios2-elf/lib/mhw-mulx\libc.a(lib_a-puts.o)
                              obj/default/alt_error_handler.o (puts)
c:/programs/altera/13.0sp1/nios2eds/bin/gnu/h-i686-mingw32/bin/../lib/gcc/nios2-elf/4.1.2/../../../../nios2-elf/lib/mhw-mulx\libc.a(lib_a-rget.o)
                              c:/programs/altera/13.0sp1/nios2eds/bin/gnu/h-i686-mingw32/bin/../lib/gcc/nios2-elf/4.1.2/../../../../nios2-elf/lib/mhw-mulx\libc.a(lib_a-getc.o) (__srget_r)
c:/programs/altera/13.0sp1/nios2eds/bin/gnu/h-i686-mingw32/bin/../lib/gcc/nios2-elf/4.1.2/../../../../nios2-elf/lib/mhw-mulx\libc.a(lib_a-sprintf.o)
                              obj/default/simple_socket_server.o (sprintf)
c:/programs/altera/13.0sp1/nios2eds/bin/gnu/h-i686-mingw32/bin/../lib/gcc/nios2-elf/4.1.2/../../../../nios2-elf/lib/mhw-mulx\libc.a(lib_a-strchr.o)
                              obj/default/simple_socket_server.o (strchr)
c:/programs/altera/13.0sp1/nios2eds/bin/gnu/h-i686-mingw32/bin/../lib/gcc/nios2-elf/4.1.2/../../../../nios2-elf/lib/mhw-mulx\libc.a(lib_a-strerror.o)
                              c:/programs/altera/13.0sp1/nios2eds/bin/gnu/h-i686-mingw32/bin/../lib/gcc/nios2-elf/4.1.2/../../../../nios2-elf/lib/mhw-mulx\libc.a(lib_a-perror.o) (strerror)
c:/programs/altera/13.0sp1/nios2eds/bin/gnu/h-i686-mingw32/bin/../lib/gcc/nios2-elf/4.1.2/../../../../nios2-elf/lib/mhw-mulx\libc.a(lib_a-strlen.o)
                              c:/programs/altera/13.0sp1/nios2eds/bin/gnu/h-i686-mingw32/bin/../lib/gcc/nios2-elf/4.1.2/../../../../nios2-elf/lib/mhw-mulx\libc.a(lib_a-puts.o) (strlen)
c:/programs/altera/13.0sp1/nios2eds/bin/gnu/h-i686-mingw32/bin/../lib/gcc/nios2-elf/4.1.2/../../../../nios2-elf/lib/mhw-mulx\libc.a(lib_a-u_strerr.o)
                              c:/programs/altera/13.0sp1/nios2eds/bin/gnu/h-i686-mingw32/bin/../lib/gcc/nios2-elf/4.1.2/../../../../nios2-elf/lib/mhw-mulx\libc.a(lib_a-strerror.o) (_user_strerror)
c:/programs/altera/13.0sp1/nios2eds/bin/gnu/h-i686-mingw32/bin/../lib/gcc/nios2-elf/4.1.2/../../../../nios2-elf/lib/mhw-mulx\libc.a(lib_a-vfprintf.o)
[...]
Memory Configuration

Name             Origin             Length             Attributes
ext_flash_BEFORE_RESET 0x04000000         0x02020000
reset            0x06020000         0x00000020
ext_flash        0x06020020         0x01fdffe0
onchip_SRAM_BEFORE_EXCEPTION 0x09080000         0x00000120
onchip_SRAM      0x09080120         0x0007fee0
descriptor_memory 0x09100000         0x00002000
*default*        0x00000000         0xffffffff

Linker script and memory map

LOAD ../SimpleSocketServer_bsp//obj/HAL/src/crt0.o
LOAD obj/default/alt_error_handler.o
LOAD obj/default/iniche_init.o
LOAD obj/default/led.o
LOAD obj/default/network_utilities.o
LOAD obj/default/simple_socket_server.o
LOAD obj/default/tse_my_system.o
LOAD c:/programs/altera/13.0sp1/nios2eds/bin/gnu/h-i686-mingw32/bin/../lib/gcc/nios2-elf/4.1.2/../../../../nios2-elf/lib/mhw-mulx\libstdc++.a
LOAD c:/programs/altera/13.0sp1/nios2eds/bin/gnu/h-i686-mingw32/bin/../lib/gcc/nios2-elf/4.1.2/../../../../nios2-elf/lib/mhw-mulx\libm.a
LOAD c:/programs/altera/13.0sp1/nios2eds/bin/gnu/h-i686-mingw32/bin/../lib/gcc/nios2-elf/4.1.2/mhw-mulx\libgcc.a
START GROUP
LOAD c:/programs/altera/13.0sp1/nios2eds/bin/gnu/h-i686-mingw32/bin/../lib/gcc/nios2-elf/4.1.2/../../../../nios2-elf/lib/mhw-mulx\libc.a
LOAD c:/programs/altera/13.0sp1/nios2eds/bin/gnu/h-i686-mingw32/bin/../lib/gcc/nios2-elf/4.1.2/mhw-mulx\libgcc.a
LOAD ../SimpleSocketServer_bsp/\libucosii_bsp.a
END GROUP
LOAD c:/programs/altera/13.0sp1/nios2eds/bin/gnu/h-i686-mingw32/bin/../lib/gcc/nios2-elf/4.1.2/mhw-mulx\libgcc.a
                0x04000000                __alt_mem_ext_flash = 0x4000000
                0x09080000                __alt_mem_onchip_SRAM = 0x9080000
                0x09100000                __alt_mem_descriptor_memory = 0x9100000

.entry          0x06020000        0x0
 *(.entry)
 .entry         0x06020000        0x0 ../SimpleSocketServer_bsp//obj/HAL/src/crt0.o
                0x06020000                __reset

.exceptions     0x09080120      0x19c
                0x09080120                PROVIDE (__ram_exceptions_start, ABSOLUTE (.))
                0x09080120                . = ALIGN (0x20)
 *(.irq)
 *(.exceptions.entry.label)
 .exceptions.entry.label
                0x09080120        0x0 ../SimpleSocketServer_bsp/\libucosii_bsp.a(alt_irq_entry.o)
                0x09080120                alt_irq_entry
 .exceptions.entry.label
                0x09080120        0x0 ../SimpleSocketServer_bsp/\libucosii_bsp.a(alt_exception_entry.o)
                0x09080120                alt_exception
 *(.exceptions.entry.user)
 *(.exceptions.entry)
 .exceptions.entry
                0x09080120       0x54 ../SimpleSocketServer_bsp/\libucosii_bsp.a(alt_exception_entry.o)
 *(.exceptions.irqtest.user)
 *(.exceptions.irqtest)
 .exceptions.irqtest
                0x09080174       0x10 ../SimpleSocketServer_bsp/\libucosii_bsp.a(alt_irq_entry.o)
 *(.exceptions.irqhandler.user)
 *(.exceptions.irqhandler)
 .exceptions.irqhandler
                0x09080184        0x4 ../SimpleSocketServer_bsp/\libucosii_bsp.a(alt_irq_entry.o)
 *(.exceptions.irqreturn.user)
 *(.exceptions.irqreturn)
 .exceptions.irqreturn
                0x09080188        0x4 ../SimpleSocketServer_bsp/\libucosii_bsp.a(alt_irq_entry.o)
 *(.exceptions.notirq.label)
 .exceptions.notirq.label
                0x0908018c        0x0 ../SimpleSocketServer_bsp/\libucosii_bsp.a(alt_irq_entry.o)
 *(.exceptions.notirq.user)
 *(.exceptions.notirq)
 .exceptions.notirq
                0x0908018c        0x8 ../SimpleSocketServer_bsp/\libucosii_bsp.a(alt_exception_entry.o)
 *(.exceptions.soft.user)
 *(.exceptions.soft)
 *(.exceptions.unknown.user)
 *(.exceptions.unknown)
 .exceptions.unknown
                0x09080194        0x4 ../SimpleSocketServer_bsp/\libucosii_bsp.a(alt_exception_entry.o)
 *(.exceptions.exit.label)
 .exceptions.exit.label
                0x09080198        0x0 ../SimpleSocketServer_bsp/\libucosii_bsp.a(alt_irq_entry.o)
 .exceptions.exit.label
                0x09080198        0x0 ../SimpleSocketServer_bsp/\libucosii_bsp.a(alt_exception_entry.o)
 *(.exceptions.exit.user)
 *(.exceptions.exit)
 .exceptions.exit
                0x09080198       0x54 ../SimpleSocketServer_bsp/\libucosii_bsp.a(alt_exception_entry.o)
 *(.exceptions)
 .exceptions    0x090801ec       0xd0 ../SimpleSocketServer_bsp/\libucosii_bsp.a(alt_irq_handler.o)
                0x090801ec                alt_irq_handler
                0x090802bc                PROVIDE (__ram_exceptions_end, ABSOLUTE (.))
                0x09080120                PROVIDE (__flash_exceptions_start, LOADADDR (.exceptions))

.text           0x090802bc    0x4ac3c
                0x090802bc                PROVIDE (stext, ABSOLUTE (.))
 *(.interp)
 *(.hash)
 *(.dynsym)
 *(.dynstr)
 *(.gnu.version)
 *(.gnu.version_d)
 *(.gnu.version_r)
 *(.rel.init)
 *(.rela.init)
 *(.rel.text .rel.text.* .rel.gnu.linkonce.t.*)
 *(.rela.text .rela.text.* .rela.gnu.linkonce.t.*)
 *(.rel.fini)
 *(.rela.fini)
 *(.rel.rodata .rel.rodata.* .rel.gnu.linkonce.r.*)
 *(.rela.rodata .rela.rodata.* .rela.gnu.linkonce.r.*)
 *(.rel.data .rel.data.* .rel.gnu.linkonce.d.*)
 *(.rela.data .rela.data.* .rela.gnu.linkonce.d.*)
 *(.rel.tdata .rel.tdata.* .rel.gnu.linkonce.td.*)
 *(.rela.tdata .rela.tdata.* .rela.gnu.linkonce.td.*)
 *(.rel.tbss .rel.tbss.* .rel.gnu.linkonce.tb.*)
 *(.rela.tbss .rela.tbss.* .rela.gnu.linkonce.tb.*)
 *(.rel.ctors)
 *(.rela.ctors)
 *(.rel.dtors)
 *(.rela.dtors)
 *(.rel.got)
 *(.rela.got)
 *(.rel.sdata .rel.sdata.* .rel.gnu.linkonce.s.*)
 *(.rela.sdata .rela.sdata.* .rela.gnu.linkonce.s.*)
 *(.rel.sbss .rel.sbss.* .rel.gnu.linkonce.sb.*)
 *(.rela.sbss .rela.sbss.* .rela.gnu.linkonce.sb.*)
 *(.rel.sdata2 .rel.sdata2.* .rel.gnu.linkonce.s2.*)
 *(.rela.sdata2 .rela.sdata2.* .rela.gnu.linkonce.s2.*)
 *(.rel.sbss2 .rel.sbss2.* .rel.gnu.linkonce.sb2.*)
 *(.rela.sbss2 .rela.sbss2.* .rela.gnu.linkonce.sb2.*)
 *(.rel.bss .rel.bss.* .rel.gnu.linkonce.b.*)
 *(.rela.bss .rela.bss.* .rela.gnu.linkonce.b.*)
 *(.rel.plt)
 *(.rela.plt)
 *(.rel.dyn)
 *(.init)
 *(.plt)
 *(.text .stub .text.* .gnu.linkonce.t.*)
 .text          0x090802bc       0x48 ../SimpleSocketServer_bsp//obj/HAL/src/crt0.o
                0x090802bc                _start
 .text          0x09080304      0xba8 obj/default/alt_error_handler.o
                0x09080304                alt_uCOSIIErrorHandler
                0x09080928                alt_NetworkErrorHandler
                0x09080bc0                alt_SSSErrorHandler
 .text          0x09080eac       0xf4 obj/default/iniche_init.o
                0x09080eac                SSSInitialTask
                0x09080f24                main
 .text          0x09080fa0      0x348 obj/default/led.o
                0x09080fa0                led_bit_toggle
                0x09081090                LED7SegLightshowTask
                0x09081104                LEDManagementTask
 .text          0x090812e8      0x3c4 obj/default/network_utilities.o
                0x090812e8                get_mac_addr
                0x09081338                get_ip_addr
                0x09081394                get_serial_number
                0x09081570                generate_mac_addr
 .text          0x090816ac      0x968 obj/default/simple_socket_server.o
                0x090816ac                SSSCreateOSDataStructs
                0x09081754                SSSCreateTasks
                0x09081818                sss_reset_connection
                0x09081888                sss_send_menu
                0x09081a18                sss_handle_accept
                0x09081ad8                sss_exec_command
                0x09081c7c                sss_handle_receive
                0x09081e68                SSSSimpleSocketServerTask
 .text          0x09082014        0x0 obj/default/tse_my_system.o
 .text          0x09082014        0x0 c:/programs/altera/13.0sp1/nios2eds/bin/gnu/h-i686-mingw32/bin/../lib/gcc/nios2-elf/4.1.2/../../../../nios2-elf/lib/mhw-mulx\libc.a(lib_a-ctype_.o)
 .text          0x09082014       0x60 c:/programs/altera/13.0sp1/nios2eds/bin/gnu/h-i686-mingw32/bin/../lib/gcc/nios2-elf/4.1.2/../../../../nios2-elf/lib/mhw-mulx\libc.a(lib_a-fprintf.o)
                0x09082014                fprintf
                0x09082040                _fprintf_r
 .text          0x09082074       0xdc c:/programs/altera/13.0sp1/nios2eds/bin/gnu/h-i686-mingw32/bin/../lib/gcc/nios2-elf/4.1.2/../../../../nios2-elf/lib/mhw-mulx\libc.a(lib_a-fwrite.o)
                0x09082074                _fwrite_r
                0x09082110                fwrite
 .text          0x09082150      0x128 c:/programs/altera/13.0sp1/nios2eds/bin/gnu/h-i686-mingw32/bin/../lib/gcc/nios2-elf/4.1.2/../../../../nios2-elf/lib/mhw-mulx\libc.a(lib_a-getc.o)
                0x09082150                getc
                0x090821e8                _getc_r
 .text          0x09082278        0x0 c:/programs/altera/13.0sp1/nios2eds/bin/gnu/h-i686-mingw32/bin/../lib/gcc/nios2-elf/4.1.2/../../../../nios2-elf/lib/mhw-mulx\libc.a(lib_a-impure.o)
 .text          0x09082278       0xa0 c:/programs/altera/13.0sp1/nios2eds/bin/gnu/h-i686-mingw32/bin/../lib/gcc/nios2-elf/4.1.2/../../../../nios2-elf/lib/mhw-mulx\libc.a(lib_a-memcpy.o)
                0x09082278                memcpy
 .text          0x09082318       0xe0 c:/programs/altera/13.0sp1/nios2eds/bin/gnu/h-i686-mingw32/bin/../lib/gcc/nios2-elf/4.1.2/../../../../nios2-elf/lib/mhw-mulx\libc.a(lib_a-memmove.o)
                0x09082318                memmove
 .text          0x090823f8       0x98 c:/programs/altera/13.0sp1/nios2eds/bin/gnu/h-i686-mingw32/bin/../lib/gcc/nios2-elf/4.1.2/../../../../nios2-elf/lib/mhw-mulx\libc.a(lib_a-memset.o)
                0x090823f8                memset
 .text          0x09082490       0x80 c:/programs/altera/13.0sp1/nios2eds/bin/gnu/h-i686-mingw32/bin/../lib/gcc/nios2-elf/4.1.2/../../../../nios2-elf/lib/mhw-mulx\libc.a(lib_a-perror.o)
                0x09082490                _perror_r
                0x090824fc                perror
 .text          0x09082510       0x78 c:/programs/altera/13.0sp1/nios2eds/bin/gnu/h-i686-mingw32/bin/../lib/gcc/nios2-elf/4.1.2/../../../../nios2-elf/lib/mhw-mulx\libc.a(lib_a-printf.o)
                0x09082510                printf
                0x09082554                _printf_r
 .text          0x09082588      0x1ec c:/programs/altera/13.0sp1/nios2eds/bin/gnu/h-i686-mingw32/bin/../lib/gcc/nios2-elf/4.1.2/../../../../nios2-elf/lib/mhw-mulx\libc.a(lib_a-putc.o)
                0x09082588                putc
                0x0908268c                _putc_r
 .text          0x09082774       0x24 c:/programs/altera/13.0sp1/nios2eds/bin/gnu/h-i686-mingw32/bin/../lib/gcc/nios2-elf/4.1.2/../../../../nios2-elf/lib/mhw-mulx\libc.a(lib_a-putchar.o)
                0x09082774                putchar
                0x09082790                _putchar_r
 .text          0x09082798       0xb4 c:/programs/altera/13.0sp1/nios2eds/bin/gnu/h-i686-mingw32/bin/../lib/gcc/nios2-elf/4.1.2/../../../../nios2-elf/lib/mhw-mulx\libc.a(lib_a-puts.o)
                0x09082798                _puts_r
                0x09082838                puts
 .text          0x0908284c       0x60 c:/programs/altera/13.0sp1/nios2eds/bin/gnu/h-i686-mingw32/bin/../lib/gcc/nios2-elf/4.1.2/../../../../nios2-elf/lib/mhw-mulx\libc.a(lib_a-rget.o)
                0x0908284c                __srget_r
                0x09082898                __srget
 .text          0x090828ac       0xd4 c:/programs/altera/13.0sp1/nios2eds/bin/gnu/h-i686-mingw32/bin/../lib/gcc/nios2-elf/4.1.2/../../../../nios2-elf/lib/mhw-mulx\libc.a(lib_a-sprintf.o)
                0x090828ac                sprintf
                0x09082920                _sprintf_r
 .text          0x09082980       0xe0 c:/programs/altera/13.0sp1/nios2eds/bin/gnu/h-i686-mingw32/bin/../lib/gcc/nios2-elf/4.1.2/../../../../nios2-elf/lib/mhw-mulx\libc.a(lib_a-strchr.o)
                0x09082980                strchr
 .text          0x09082a60      0x674 c:/programs/altera/13.0sp1/nios2eds/bin/gnu/h-i686-mingw32/bin/../lib/gcc/nios2-elf/4.1.2/../../../../nios2-elf/lib/mhw-mulx\libc.a(lib_a-strerror.o)
                0x09082a60                strerror
 .text          0x090830d4       0x74 c:/programs/altera/13.0sp1/nios2eds/bin/gnu/h-i686-mingw32/bin/../lib/gcc/nios2-elf/4.1.2/../../../../nios2-elf/lib/mhw-mulx\libc.a(lib_a-strlen.o)
                0x090830d4                strlen
 .text          0x09083148        0x8 c:/programs/altera/13.0sp1/nios2eds/bin/gnu/h-i686-mingw32/bin/../lib/gcc/nios2-elf/4.1.2/../../../../nios2-elf/lib/mhw-mulx\libc.a(lib_a-u_strerr.o)
                0x09083148                _user_strerror
 .text          0x09083150     0x1f28 c:/programs/altera/13.0sp1/nios2eds/bin/gnu/h-i686-mingw32/bin/../lib/gcc/nios2-elf/4.1.2/../../../../nios2-elf/lib/mhw-mulx\libc.a(lib_a-vfprintf.o)
                0x090831a8                ___vfprintf_internal_r
                0x09085054                __vfprintf_internal
 .text          0x09085078      0x14c c:/programs/altera/13.0sp1/nios2eds/bin/gnu/h-i686-mingw32/bin/../lib/gcc/nios2-elf/4.1.2/../../../../nios2-elf/lib/mhw-mulx\libc.a(lib_a-wbuf.o)
                0x09085078                __swbuf_r
                0x090851a8                __swbuf
 .text          0x090851c4      0x13c c:/programs/altera/13.0sp1/nios2eds/bin/gnu/h-i686-mingw32/bin/../lib/gcc/nios2-elf/4.1.2/../../../../nios2-elf/lib/mhw-mulx\libc.a(lib_a-wsetup.o)
                0x090851c4                __swsetup_r
 .text          0x09085300     0x17cc c:/programs/altera/13.0sp1/nios2eds/bin/gnu/h-i686-mingw32/bin/../lib/gcc/nios2-elf/4.1.2/../../../../nios2-elf/lib/mhw-mulx\libc.a(lib_a-dtoa.o)
                0x09085518                _dtoa_r
 .text          0x09086acc      0x230 c:/programs/altera/13.0sp1/nios2eds/bin/gnu/h-i686-mingw32/bin/../lib/gcc/nios2-elf/4.1.2/../../../../nios2-elf/lib/mhw-mulx\libc.a(lib_a-fflush.o)
                0x09086acc                _fflush_r
                0x09086cc8                fflush
 .text          0x09086cfc      0x2c0 c:/programs/altera/13.0sp1/nios2eds/bin/gnu/h-i686-mingw32/bin/../lib/gcc/nios2-elf/4.1.2/../../../../nios2-elf/lib/mhw-mulx\libc.a(lib_a-findfp.o)
                0x09086d54                __sfp_lock_acquire
                0x09086d58                __sfp_lock_release
                0x09086d5c                __sinit_lock_acquire
                0x09086d60                __sinit_lock_release
                0x09086d64                __sinit
                0x09086e18                __fp_unlock_all
                0x09086e30                __fp_lock_all
                0x09086e48                _cleanup_r
                0x09086e54                _cleanup
                0x09086e64                __sfmoreglue
                0x09086ecc                __sfp
 .text          0x09086fbc       0xbc c:/programs/altera/13.0sp1/nios2eds/bin/gnu/h-i686-mingw32/bin/../lib/gcc/nios2-elf/4.1.2/../../../../nios2-elf/lib/mhw-mulx\libc.a(lib_a-fputc.o)
                0x09086fbc                fputc
                0x09087020                _fputc_r
 .text          0x09087078       0x90 c:/programs/altera/13.0sp1/nios2eds/bin/gnu/h-i686-mingw32/bin/../lib/gcc/nios2-elf/4.1.2/../../../../nios2-elf/lib/mhw-mulx\libc.a(lib_a-fputs.o)
                0x09087078                _fputs_r
                0x090870ec                fputs
 .text          0x09087108      0x440 c:/programs/altera/13.0sp1/nios2eds/bin/gnu/h-i686-mingw32/bin/../lib/gcc/nios2-elf/4.1.2/../../../../nios2-elf/lib/mhw-mulx\libc.a(lib_a-freer.o)
                0x09087108                _malloc_trim_r
                0x09087234                _free_r
 .text          0x09087548      0x49c c:/programs/altera/13.0sp1/nios2eds/bin/gnu/h-i686-mingw32/bin/../lib/gcc/nios2-elf/4.1.2/../../../../nios2-elf/lib/mhw-mulx\libc.a(lib_a-fvwrite.o)
                0x09087548                __sfvwrite_r
 .text          0x090879e4      0x180 c:/programs/altera/13.0sp1/nios2eds/bin/gnu/h-i686-mingw32/bin/../lib/gcc/nios2-elf/4.1.2/../../../../nios2-elf/lib/mhw-mulx\libc.a(lib_a-fwalk.o)
                0x090879e4                _fwalk_reent
                0x09087aac                _fwalk
 .text          0x09087b64       0xc4 c:/programs/altera/13.0sp1/nios2eds/bin/gnu/h-i686-mingw32/bin/../lib/gcc/nios2-elf/4.1.2/../../../../nios2-elf/lib/mhw-mulx\libc.a(lib_a-locale.o)
                0x09087b64                __locale_charset
                0x09087b6c                _localeconv_r
                0x09087b78                localeconv
                0x09087b88                _setlocale_r
                0x09087c0c                setlocale
 .text          0x09087c28      0x194 c:/programs/altera/13.0sp1/nios2eds/bin/gnu/h-i686-mingw32/bin/../lib/gcc/nios2-elf/4.1.2/../../../../nios2-elf/lib/mhw-mulx\libc.a(lib_a-makebuf.o)
                0x09087c28                __smakebuf_r
 .text          0x09087dbc      0x740 c:/programs/altera/13.0sp1/nios2eds/bin/gnu/h-i686-mingw32/bin/../lib/gcc/nios2-elf/4.1.2/../../../../nios2-elf/lib/mhw-mulx\libc.a(lib_a-mallocr.o)
                0x09087dbc                _malloc_r
 .text          0x090884fc       0xe4 c:/programs/altera/13.0sp1/nios2eds/bin/gnu/h-i686-mingw32/bin/../lib/gcc/nios2-elf/4.1.2/../../../../nios2-elf/lib/mhw-mulx\libc.a(lib_a-memchr.o)
                0x090884fc                memchr
 .text          0x090885e0      0xff4 c:/programs/altera/13.0sp1/nios2eds/bin/gnu/h-i686-mingw32/bin/../lib/gcc/nios2-elf/4.1.2/../../../../nios2-elf/lib/mhw-mulx\libc.a(lib_a-mprec.o)
                0x090885e0                _Bfree
                0x09088608                __hi0bits
                0x09088678                __lo0bits
                0x0908873c                __mcmp
                0x0908879c                __ulp
                0x0908881c                __b2d
                0x0908893c                __ratio
                0x090889ec                _mprec_log10
                0x09088a80                __copybits
                0x09088ad8                __any_on
                0x09088b60                _Balloc
                0x09088c1c                __d2b
                0x09088d98                __mdiff
                0x09088f24                __lshift
                0x09089070                __multiply
                0x09089258                __i2b
                0x09089294                __multadd
                0x09089394                __pow5mult
                0x090894b4                __s2b
 .text          0x090895d4      0x5f4 c:/programs/altera/13.0sp1/nios2eds/bin/gnu/h-i686-mingw32/bin/../lib/gcc/nios2-elf/4.1.2/../../../../nios2-elf/lib/mhw-mulx\libc.a(lib_a-reallocr.o)
                0x090895d4                _realloc_r
 .text          0x09089bc8      0x1e0 c:/programs/altera/13.0sp1/nios2eds/bin/gnu/h-i686-mingw32/bin/../lib/gcc/nios2-elf/4.1.2/../../../../nios2-elf/lib/mhw-mulx\libc.a(lib_a-refill.o)
                0x09089bc8                __srefill_r
 .text          0x09089da8       0x40 c:/programs/altera/13.0sp1/nios2eds/bin/gnu/h-i686-mingw32/bin/../lib/gcc/nios2-elf/4.1.2/../../../../nios2-elf/lib/mhw-mulx\libc.a(lib_a-s_isinfd.o)
                0x09089da8                __isinfd
 .text          0x09089de8       0x30 c:/programs/altera/13.0sp1/nios2eds/bin/gnu/h-i686-mingw32/bin/../lib/gcc/nios2-elf/4.1.2/../../../../nios2-elf/lib/mhw-mulx\libc.a(lib_a-s_isnand.o)
                0x09089de8                __isnand
 .text          0x09089e18       0x70 c:/programs/altera/13.0sp1/nios2eds/bin/gnu/h-i686-mingw32/bin/../lib/gcc/nios2-elf/4.1.2/../../../../nios2-elf/lib/mhw-mulx\libc.a(lib_a-sbrkr.o)
                0x09089e18                _sbrk_r
 .text          0x09089e88      0x14c c:/programs/altera/13.0sp1/nios2eds/bin/gnu/h-i686-mingw32/bin/../lib/gcc/nios2-elf/4.1.2/../../../../nios2-elf/lib/mhw-mulx\libc.a(lib_a-stdio.o)
                0x09089e88                __sclose
                0x09089e90                __sseek
                0x09089ef8                __swrite
                0x09089f74                __sread
 .text          0x09089fd4       0xbc c:/programs/altera/13.0sp1/nios2eds/bin/gnu/h-i686-mingw32/bin/../lib/gcc/nios2-elf/4.1.2/../../../../nios2-elf/lib/mhw-mulx\libc.a(lib_a-strcmp.o)
                0x09089fd4                strcmp
 .text          0x0908a090       0x78 c:/programs/altera/13.0sp1/nios2eds/bin/gnu/h-i686-mingw32/bin/../lib/gcc/nios2-elf/4.1.2/../../../../nios2-elf/lib/mhw-mulx\libc.a(lib_a-writer.o)
                0x0908a090                _write_r
 .text          0x0908a108       0xb4 c:/programs/altera/13.0sp1/nios2eds/bin/gnu/h-i686-mingw32/bin/../lib/gcc/nios2-elf/4.1.2/../../../../nios2-elf/lib/mhw-mulx\libc.a(lib_a-callocr.o)
                0x0908a108                _calloc_r
 .text          0x0908a1bc       0x70 c:/programs/altera/13.0sp1/nios2eds/bin/gnu/h-i686-mingw32/bin/../lib/gcc/nios2-elf/4.1.2/../../../../nios2-elf/lib/mhw-mulx\libc.a(lib_a-closer.o)
                0x0908a1bc                _close_r
 .text          0x0908a22c      0x124 c:/programs/altera/13.0sp1/nios2eds/bin/gnu/h-i686-mingw32/bin/../lib/gcc/nios2-elf/4.1.2/../../../../nios2-elf/lib/mhw-mulx\libc.a(lib_a-fclose.o)
                0x0908a22c                _fclose_r
                0x0908a33c                fclose
 .text          0x0908a350       0x74 c:/programs/altera/13.0sp1/nios2eds/bin/gnu/h-i686-mingw32/bin/../lib/gcc/nios2-elf/4.1.2/../../../../nios2-elf/lib/mhw-mulx\libc.a(lib_a-fstatr.o)
                0x0908a350                _fstat_r
 .text          0x0908a3c4        0x0 c:/programs/altera/13.0sp1/nios2eds/bin/gnu/h-i686-mingw32/bin/../lib/gcc/nios2-elf/4.1.2/../../../../nios2-elf/lib/mhw-mulx\libc.a(lib_a-int_errno.o)
 .text          0x0908a3c4       0x70 c:/programs/altera/13.0sp1/nios2eds/bin/gnu/h-i686-mingw32/bin/../lib/gcc/nios2-elf/4.1.2/../../../../nios2-elf/lib/mhw-mulx\libc.a(lib_a-isattyr.o)
                0x0908a3c4                _isatty_r
 .text          0x0908a434       0x78 c:/programs/altera/13.0sp1/nios2eds/bin/gnu/h-i686-mingw32/bin/../lib/gcc/nios2-elf/4.1.2/../../../../nios2-elf/lib/mhw-mulx\libc.a(lib_a-lseekr.o)
                0x0908a434                _lseek_r
 .text          0x0908a4ac       0x78 c:/programs/altera/13.0sp1/nios2eds/bin/gnu/h-i686-mingw32/bin/../lib/gcc/nios2-elf/4.1.2/../../../../nios2-elf/lib/mhw-mulx\libc.a(lib_a-readr.o)
                0x0908a4ac                _read_r
 .text          0x0908a524      0x5dc c:/programs/altera/13.0sp1/nios2eds/bin/gnu/h-i686-mingw32/bin/../lib/gcc/nios2-elf/4.1.2/mhw-mulx\libgcc.a(_udivdi3.o)
                0x0908a524                __udivdi3
 .text          0x0908ab00      0x5b0 c:/programs/altera/13.0sp1/nios2eds/bin/gnu/h-i686-mingw32/bin/../lib/gcc/nios2-elf/4.1.2/mhw-mulx\libgcc.a(_umoddi3.o)
                0x0908ab00                __umoddi3
 .text          0x0908b0b0      0x504 c:/programs/altera/13.0sp1/nios2eds/bin/gnu/h-i686-mingw32/bin/../lib/gcc/nios2-elf/4.1.2/mhw-mulx\libgcc.a(_addsub_df.o)
                0x0908b4c0                __subdf3
                0x0908b540                __adddf3
 .text          0x0908b5b4      0x3b4 c:/programs/altera/13.0sp1/nios2eds/bin/gnu/h-i686-mingw32/bin/../lib/gcc/nios2-elf/4.1.2/mhw-mulx\libgcc.a(_mul_df.o)
                0x0908b5b4                __muldf3
 .text          0x0908b968      0x258 c:/programs/altera/13.0sp1/nios2eds/bin/gnu/h-i686-mingw32/bin/../lib/gcc/nios2-elf/4.1.2/mhw-mulx\libgcc.a(_div_df.o)
                0x0908b968                __divdf3
 .text          0x0908bbc0       0x88 c:/programs/altera/13.0sp1/nios2eds/bin/gnu/h-i686-mingw32/bin/../lib/gcc/nios2-elf/4.1.2/mhw-mulx\libgcc.a(_eq_df.o)
                0x0908bbc0                __eqdf2
 .text          0x0908bc48       0x88 c:/programs/altera/13.0sp1/nios2eds/bin/gnu/h-i686-mingw32/bin/../lib/gcc/nios2-elf/4.1.2/mhw-mulx\libgcc.a(_ne_df.o)
                0x0908bc48                __nedf2
 .text          0x0908bcd0       0x88 c:/programs/altera/13.0sp1/nios2eds/bin/gnu/h-i686-mingw32/bin/../lib/gcc/nios2-elf/4.1.2/mhw-mulx\libgcc.a(_gt_df.o)
                0x0908bcd0                __gtdf2
 .text          0x0908bd58       0x88 c:/programs/altera/13.0sp1/nios2eds/bin/gnu/h-i686-mingw32/bin/../lib/gcc/nios2-elf/4.1.2/mhw-mulx\libgcc.a(_ge_df.o)
                0x0908bd58                __gedf2
 .text          0x0908bde0       0x88 c:/programs/altera/13.0sp1/nios2eds/bin/gnu/h-i686-mingw32/bin/../lib/gcc/nios2-elf/4.1.2/mhw-mulx\libgcc.a(_lt_df.o)
                0x0908bde0                __ltdf2
 .text          0x0908be68       0xf8 c:/programs/altera/13.0sp1/nios2eds/bin/gnu/h-i686-mingw32/bin/../lib/gcc/nios2-elf/4.1.2/mhw-mulx\libgcc.a(_si_to_df.o)
                0x0908be68                __floatsidf
 .text          0x0908bf60       0xd8 c:/programs/altera/13.0sp1/nios2eds/bin/gnu/h-i686-mingw32/bin/../lib/gcc/nios2-elf/4.1.2/mhw-mulx\libgcc.a(_df_to_si.o)
                0x0908bf60                __fixdfsi
 .text          0x0908c038        0x0 c:/programs/altera/13.0sp1/nios2eds/bin/gnu/h-i686-mingw32/bin/../lib/gcc/nios2-elf/4.1.2/mhw-mulx\libgcc.a(_thenan_df.o)
 .text          0x0908c038      0x194 c:/programs/altera/13.0sp1/nios2eds/bin/gnu/h-i686-mingw32/bin/../lib/gcc/nios2-elf/4.1.2/mhw-mulx\libgcc.a(_usi_to_df.o)
                0x0908c038                __floatunsidf
 .text          0x0908c1cc      0x14c c:/programs/altera/13.0sp1/nios2eds/bin/gnu/h-i686-mingw32/bin/../lib/gcc/nios2-elf/4.1.2/mhw-mulx\libgcc.a(lib2-divmod.o)
                0x0908c248                __divsi3
                0x0908c2a8                __modsi3
                0x0908c308                __udivsi3
                0x0908c310                __umodsi3
 .text          0x0908c318        0x0 c:/programs/altera/13.0sp1/nios2eds/bin/gnu/h-i686-mingw32/bin/../lib/gcc/nios2-elf/4.1.2/mhw-mulx\libgcc.a(_clz.o)
 .text          0x0908c318       0x80 c:/programs/altera/13.0sp1/nios2eds/bin/gnu/h-i686-mingw32/bin/../lib/gcc/nios2-elf/4.1.2/mhw-mulx\libgcc.a(_clzsi2.o)
                0x0908c318                __clzsi2
 .text          0x0908c398      0x314 c:/programs/altera/13.0sp1/nios2eds/bin/gnu/h-i686-mingw32/bin/../lib/gcc/nios2-elf/4.1.2/mhw-mulx\libgcc.a(_pack_df.o)
                0x0908c398                __pack_d
 .text          0x0908c6ac      0x138 c:/programs/altera/13.0sp1/nios2eds/bin/gnu/h-i686-mingw32/bin/../lib/gcc/nios2-elf/4.1.2/mhw-mulx\libgcc.a(_unpack_df.o)
                0x0908c6ac                __unpack_d
 .text          0x0908c7e4       0xc8 c:/programs/altera/13.0sp1/nios2eds/bin/gnu/h-i686-mingw32/bin/../lib/gcc/nios2-elf/4.1.2/mhw-mulx\libgcc.a(_fpcmp_parts_df.o)
                0x0908c7e4                __fpcmp_parts_d
 .text          0x0908c8ac      0x134 ../SimpleSocketServer_bsp/\libucosii_bsp.a(alt_fstat.o)
                0x0908c8ac                fstat
 .text          0x0908c9e0      0x120 ../SimpleSocketServer_bsp/\libucosii_bsp.a(alt_isatty.o)
                0x0908c9e0                isatty
 .text          0x0908cb00      0x150 ../SimpleSocketServer_bsp/\libucosii_bsp.a(alt_lseek.o)
                0x0908cb00                lseek
 .text          0x0908cc50       0xc8 ../SimpleSocketServer_bsp/\libucosii_bsp.a(alt_main.o)
                0x0908cc50                alt_main
 .text          0x0908cd18       0xbc ../SimpleSocketServer_bsp/\libucosii_bsp.a(alt_sbrk.o)
                0x0908cd18                sbrk
 .text          0x0908cdd4      0x108 ../SimpleSocketServer_bsp/\libucosii_bsp.a(alt_env_lock.o)
                0x0908cdd4                __env_lock
                0x0908ce80                __env_unlock
 .text          0x0908cedc      0x1d8 ../SimpleSocketServer_bsp/\libucosii_bsp.a(alt_malloc_lock.o)
                0x0908cedc                __malloc_lock
                0x0908cfe4                __malloc_unlock
 .text          0x0908d0b4     0x2140 ../SimpleSocketServer_bsp/\libucosii_bsp.a(os_core.o)
                0x0908d0b4                OSEventNameGet
                0x0908d1e4                OSEventNameSet
                0x0908d328                OSEventPendMulti
                0x0908d9dc                OSInit
                0x0908da30                OSIntEnter
                0x0908daac                OSIntExit
                0x0908dbac                OSSchedLock
                0x0908dc38                OSSchedUnlock
                0x0908dd1c                OSStart
                0x0908dd8c                OSStatInit
                0x0908de38                OSTimeTick
                0x0908e078                OSVersion
                0x0908e098                OS_Dummy
                0x0908e0b4                OS_EventTaskRdy
                0x0908e248                OS_EventTaskWait
                0x0908e358                OS_EventTaskWaitMulti
                0x0908e4ac                OS_EventTaskRemove
                0x0908e564                OS_EventTaskRemoveMulti
                0x0908e668                OS_EventWaitListInit
                0x0908ea34                OS_MemClr
                0x0908ea88                OS_MemCopy
                0x0908eaf4                OS_Sched
                0x0908ec38                OS_StrCopy
                0x0908ecb8                OS_StrLen
                0x0908ed10                OS_TaskIdle
                0x0908ed6c                OS_TaskStat
                0x0908ee4c                OS_TaskStatStkChk
                0x0908ef14                OS_TCBInit
 .text          0x0908f1f4      0x18c ../SimpleSocketServer_bsp/\libucosii_bsp.a(os_dbg.o)
                0x0908f1f4                OSDebugInit
 .text          0x0908f380     0x193c ../SimpleSocketServer_bsp/\libucosii_bsp.a(os_flag.o)
                0x0908f380                OSFlagAccept
                0x0908f6b4                OSFlagCreate
                0x0908f7f0                OSFlagDel
                0x0908fa98                OSFlagNameGet
                0x0908fbdc                OSFlagNameSet
                0x0908fd30                OSFlagPend
                0x09090374                OSFlagPendGetFlagsRdy
                0x090903dc                OSFlagPost
                0x09090784                OSFlagQuery
                0x09090a1c                OS_FlagInit
                0x09090c10                OS_FlagUnlink
 .text          0x09090cbc      0x808 ../SimpleSocketServer_bsp/\libucosii_bsp.a(os_mem.o)
                0x09090cbc                OSMemCreate
                0x09090ed8                OSMemGet
                0x09090fdc                OSMemNameGet
                0x090910e8                OSMemNameSet
                0x09091208                OSMemPut
                0x090912f8                OSMemQuery
                0x090913f4                OS_MemInit
 .text          0x090914c4     0x1334 ../SimpleSocketServer_bsp/\libucosii_bsp.a(os_q.o)
                0x090914c4                OSQAccept
                0x09091618                OSQCreate
                0x0909182c                OSQDel
                0x09091b2c                OSQFlush
                0x09091bf4                OSQPend
                0x09091f14                OSQPendAbort
                0x09092090                OSQPost
                0x09092210                OSQPostFront
                0x09092398                OSQPostOpt
                0x090925cc                OSQQuery
                0x0909274c                OS_QInit
 .text          0x090927f8      0xbc8 ../SimpleSocketServer_bsp/\libucosii_bsp.a(os_sem.o)
                0x090927f8                OSSemAccept
                0x090928b8                OSSemCreate
                0x090929cc                OSSemDel
                0x09092c6c                OSSemPend
                0x09092ee8                OSSemPendAbort
                0x09093064                OSSemPost
                0x0909318c                OSSemQuery
                0x090932bc                OSSemSet
 .text          0x090933c0     0x1a40 ../SimpleSocketServer_bsp/\libucosii_bsp.a(os_task.o)
                0x090933c0                OSTaskChangePrio
                0x09093934                OSTaskCreate
                0x09093b08                OSTaskCreateExt
                0x09093d08                OSTaskDel
                0x09094114                OSTaskDelReq
                0x09094284                OSTaskNameGet
                0x0909443c                OSTaskNameSet
                0x09094600                OSTaskResume
                0x09094818                OSTaskStkChk
                0x09094a14                OSTaskSuspend
                0x09094c40                OSTaskQuery
                0x09094d84                OS_TaskStkClr
 .text          0x09094e00      0x668 ../SimpleSocketServer_bsp/\libucosii_bsp.a(os_time.o)
                0x09094e00                OSTimeDly
                0x09094f4c                OSTimeDlyHMSM
                0x09095190                OSTimeDlyResume
                0x090953a0                OSTimeGet
                0x09095404                OSTimeSet
 .text          0x09095468      0x2ec ../SimpleSocketServer_bsp/\libucosii_bsp.a(alt_sys_init.o)
                0x09095468                alt_irq_init
                0x0909549c                alt_sys_init
 .text          0x09095754      0x8d8 ../SimpleSocketServer_bsp/\libucosii_bsp.a(altera_avalon_cfi_flash.o)
                0x09095754                alt_flash_cfi_init
                0x09095828                alt_flash_cfi_write
                0x09095ae8                alt_flash_cfi_get_info
                0x09095b78                alt_flash_cfi_read
                0x09095be0                alt_write_value_to_flash
                0x09095d44                alt_flash_program_block
 .text          0x0909602c     0x14a8 ../SimpleSocketServer_bsp/\libucosii_bsp.a(altera_avalon_cfi_flash_table.o)
                0x0909602c                alt_read_query_entry_8bit
                0x0909606c                alt_read_query_entry_16bit
                0x090960b0                alt_read_query_entry_32bit
                0x090960f8                alt_write_flash_command_8bit_device_8bit_mode
                0x09096134                alt_write_flash_command_16bit_device_8bit_mode
                0x090961b0                alt_write_flash_command_32bit_device_8bit_mode
                0x090961f8                alt_write_flash_command_16bit_device_16bit_mode
                0x0909623c                alt_write_flash_command_32bit_device_16bit_mode
                0x09096284                alt_write_flash_command_32bit_device_32bit_mode
                0x090962cc                alt_write_native_8bit
                0x09096300                alt_write_native_16bit
                0x09096334                alt_write_native_32bit
                0x09096364                alt_set_flash_width_func
                0x09096544                alt_set_flash_algorithm_func
                0x0909666c                alt_read_cfi_table
                0x09096c4c                alt_read_cfi_width
                0x090973f8                alt_check_primary_table
 .text          0x090974d4      0x148 ../SimpleSocketServer_bsp/\libucosii_bsp.a(altera_avalon_jtag_uart_fd.o)
                0x090974d4                altera_avalon_jtag_uart_read_fd
                0x0909752c                altera_avalon_jtag_uart_write_fd
                0x09097584                altera_avalon_jtag_uart_close_fd
                0x090975cc                altera_avalon_jtag_uart_ioctl_fd
 .text          0x0909761c      0x584 ../SimpleSocketServer_bsp/\libucosii_bsp.a(altera_avalon_jtag_uart_init.o)
                0x0909761c                altera_avalon_jtag_uart_init
                0x09097b2c                altera_avalon_jtag_uart_close
 .text          0x09097ba0       0xf4 ../SimpleSocketServer_bsp/\libucosii_bsp.a(altera_avalon_jtag_uart_ioctl.o)
                0x09097ba0                altera_avalon_jtag_uart_ioctl
 .text          0x09097c94      0x2c0 ../SimpleSocketServer_bsp/\libucosii_bsp.a(altera_avalon_jtag_uart_read.o)
                0x09097c94                altera_avalon_jtag_uart_read
 .text          0x09097f54      0x2dc ../SimpleSocketServer_bsp/\libucosii_bsp.a(altera_avalon_jtag_uart_write.o)
                0x09097f54                altera_avalon_jtag_uart_write
 .text          0x09098230      0xf4c ../SimpleSocketServer_bsp/\libucosii_bsp.a(altera_avalon_lcd_16207.o)
                0x09098a04                altera_avalon_lcd_16207_write
                0x09099000                altera_avalon_lcd_16207_init
 .text          0x0909917c       0x58 ../SimpleSocketServer_bsp/\libucosii_bsp.a(altera_avalon_lcd_16207_fd.o)
                0x0909917c                altera_avalon_lcd_16207_write_fd
 .text          0x090991d4      0xde4 ../SimpleSocketServer_bsp/\libucosii_bsp.a(altera_avalon_sgdma.o)
                0x090991d4                alt_avalon_sgdma_do_async_transfer
                0x09099310                alt_avalon_sgdma_do_sync_transfer
                0x09099434                alt_avalon_sgdma_construct_mem_to_mem_desc
                0x090994a4                alt_avalon_sgdma_construct_mem_to_mem_desc_burst
                0x09099524                alt_avalon_sgdma_construct_stream_to_mem_desc
                0x09099578                alt_avalon_sgdma_construct_stream_to_mem_desc_burst
                0x090995e8                alt_avalon_sgdma_construct_mem_to_stream_desc
                0x0909965c                alt_avalon_sgdma_construct_mem_to_stream_desc_burst
                0x090996e0                alt_avalon_sgdma_register_callback
                0x09099730                alt_avalon_sgdma_start
                0x09099784                alt_avalon_sgdma_stop
                0x090997dc                alt_avalon_sgdma_check_descriptor_status
                0x0909984c                alt_avalon_sgdma_open
                0x09099904                alt_avalon_sgdma_construct_descriptor
                0x0909998c                alt_avalon_sgdma_enable_desc_poll
                0x09099a08                alt_avalon_sgdma_disable_desc_poll
                0x09099a64                alt_avalon_sgdma_construct_descriptor_burst
                0x09099f0c                alt_avalon_sgdma_init
 .text          0x09099fb8      0x100 ../SimpleSocketServer_bsp/\libucosii_bsp.a(altera_avalon_timer_sc.o)
                0x0909a028                alt_avalon_timer_sc_init
 .text          0x0909a0b8     0x5340 ../SimpleSocketServer_bsp/\libucosii_bsp.a(altera_avalon_tse.o)
                0x0909a0b8                no_printf
                0x0909a0e4                tse_mac_initTransInfo2
                0x0909a144                tse_mac_sTxWrite
                0x0909a234                tse_mac_aRxRead
                0x0909a2d8                tse_mac_SwReset
                0x0909a36c                tse_mac_setMIImode
                0x0909a3c4                tse_mac_setGMIImode
                0x0909a418                alt_tse_phy_add_profile
                0x0909a5f0                alt_tse_system_add_sys
                0x0909b004                alt_tse_sys_enable_mdio_sharing
                0x0909b17c                alt_tse_mac_get_common_speed
                0x0909b1bc                alt_tse_mac_set_common_speed
                0x0909b204                alt_tse_get_system_index
                0x0909b280                alt_tse_get_mac_group_index
                0x0909b300                alt_tse_get_mac_info_index
                0x0909b38c                alt_tse_get_mac_info
                0x0909b46c                alt_tse_mac_set_speed
                0x0909b558                alt_tse_mac_set_duplex
                0x0909b5f0                getPHYSpeed
                0x0909c3f8                alt_tse_phy_rd_mdio_addr
                0x0909c440                alt_tse_phy_wr_mdio_addr
                0x0909c494                alt_tse_phy_wr_mdio_reg
                0x0909c5bc                alt_tse_phy_rd_mdio_reg
                0x0909c680                alt_tse_phy_add_profile_default
                0x0909c8f8                alt_tse_phy_print_profile
                0x0909cae8                alt_tse_mac_group_init
                0x0909d1f4                alt_tse_mac_get_phy
                0x0909d60c                alt_tse_mac_associate_phy
                0x0909d844                alt_tse_phy_cfg_pcs
                0x0909d964                alt_tse_phy_init
                0x0909da78                alt_tse_phy_restart_an
                0x0909dc28                alt_tse_phy_check_link
                0x0909dd6c                alt_tse_phy_get_cap
                0x0909e2ac                alt_tse_phy_set_adv_1000
                0x0909e440                alt_tse_phy_set_adv_100
                0x0909e650                alt_tse_phy_set_adv_10
                0x0909e7e8                alt_tse_phy_get_common_speed
                0x0909eb04                alt_tse_phy_set_common_speed
                0x0909efe8                marvell_phy_cfg
                0x0909f090                marvell_cfg_gmii
                0x0909f184                marvell_cfg_sgmii
                0x0909f278                marvell_cfg_rgmii
                0x0909f378                DP83848C_link_status_read
 .text          0x0909f3f8     0x17a4 ../SimpleSocketServer_bsp/\libucosii_bsp.a(ins_tse_mac.o)
                0x0909f3f8                altera_eth_tse_init
                0x0909f554                prep_tse_mac
                0x0909f7d8                tse_mac_init
                0x090a02c0                tse_mac_raw_send
                0x090a05b8                tse_sgdmaRx_isr
                0x090a0660                tse_sgdma_read_init
                0x090a0808                tse_mac_rcv
                0x090a0a58                tse_mac_stats
                0x090a0a98                tse_mac_close
 .text          0x090a0b9c       0x54 ../SimpleSocketServer_bsp/\libucosii_bsp.a(alt_iniche_close.o)
                0x090a0b9c                close
 .text          0x090a0bf0      0x144 ../SimpleSocketServer_bsp/\libucosii_bsp.a(alt_iniche_dev.o)
                0x090a0bf0                iniche_devices_init
 .text          0x090a0d34       0x78 ../SimpleSocketServer_bsp/\libucosii_bsp.a(alt_iniche_read.o)
                0x090a0d34                read
 .text          0x090a0dac       0x70 ../SimpleSocketServer_bsp/\libucosii_bsp.a(alt_iniche_write.o)
                0x090a0dac                write
 .text          0x090a0e1c      0xedc ../SimpleSocketServer_bsp/\libucosii_bsp.a(ipnet.o)
                0x090a0e1c                Netinit
                0x090a1468                fixup_subnet_mask
                0x090a15c8                netclose
                0x090a16b0                pktdemux
                0x090a1a84                c_older
                0x090a1b54                ip2mac
 .text          0x090a1cf8      0x4b0 ../SimpleSocketServer_bsp/\libucosii_bsp.a(ipstart.o)
                0x090a1cf8                ip_startup
                0x090a1fdc                exit_hook
                0x090a2048                ip_exit
                0x090a2118                if_netnumber
 .text          0x090a21a8     0x10f8 ../SimpleSocketServer_bsp/\libucosii_bsp.a(igmp_cmn.o)
                0x090a21a8                igmp_init
                0x090a2298                igmp_input
                0x090a2390                igmp_fasttimo
                0x090a25c4                igmp_send
                0x090a286c                igmp_joingroup
                0x090a2ae8                igmp_leavegroup
                0x090a2b64                igmp_validate
                0x090a2ec0                igmp_print_stats
 .text          0x090a32a0      0xbb4 ../SimpleSocketServer_bsp/\libucosii_bsp.a(bsdsock.o)
                0x090a32a0                bsd_accept
                0x090a33d8                bsd_getpeername
                0x090a3504                bsd_getsockname
                0x090a3630                bsd_i_sockoptlen
                0x090a37e8                bsd_getsockopt
                0x090a3908                bsd_ioctl
                0x090a3a0c                bsd_inet_ntoa
                0x090a3a3c                bsd_recvfrom
                0x090a3b9c                bsd_select
                0x090a3d68                bsd_setsockopt
 .text          0x090a3e54      0x118 ../SimpleSocketServer_bsp/\libucosii_bsp.a(cksum.o)
                0x090a3e54                ccksum
                0x090a3f04                cksum
 .text          0x090a3f6c      0xb34 ../SimpleSocketServer_bsp/\libucosii_bsp.a(in_utils.o)
                0x090a3f6c                do_trap
                0x090a3f98                nextarg
                0x090a4014                hexdump
                0x090a415c                print_ipad
                0x090a41d0                print_uptime
                0x090a438c                panic
                0x090a43d0                print_eth
                0x090a4534                uslash
                0x090a45b4                ns_printf
                0x090a4738                std_out
                0x090a477c                con_page
                0x090a4874                parse_args
 .text          0x090a4aa0      0x1c8 ../SimpleSocketServer_bsp/\libucosii_bsp.a(netmain.o)
                0x090a4aa0                netmain
                0x090a4b94                tk_netmain
                0x090a4c1c                tk_nettick
 .text          0x090a4c68      0x5e8 ../SimpleSocketServer_bsp/\libucosii_bsp.a(tk_crnos.o)
                0x090a4c68                TK_OSTimeDly
                0x090a4c94                TK_OSTaskResume
                0x090a4d04                tcp_sleep
                0x090a4ea4                tcp_wakeup
                0x090a4fa8                TK_OSTaskQuery
                0x090a501c                tk_yield
                0x090a5048                tk_stats
 .text          0x090a5250     0x3298 ../SimpleSocketServer_bsp/\libucosii_bsp.a(dhcpclnt.o)
                0x090a5250                dhc_get_srv_ipaddr
                0x090a52e0                dhc_init
                0x090a539c                dhc_set_callback
                0x090a53e0                dhc_upcall
                0x090a5c10                dhc_buildheader
                0x090a5e2c                dhc_discover
                0x090a635c                dhc_rx_offer
                0x090a6460                dhc_request
                0x090a6f9c                dhc_setip
                0x090a721c                dhc_resetip
                0x090a7300                dhc_decline
                0x090a74e4                dhc_extract_opts
                0x090a77a0                dhc_second
                0x090a807c                dhc_halt
                0x090a8104                dhc_reclaim
                0x090a82d4                dhc_state_init
                0x090a8334                dhc_alldone
                0x090a83c4                dhc_ifacedone
                0x090a8438                dhc_set_state
 .text          0x090a84e8       0xcc ../SimpleSocketServer_bsp/\libucosii_bsp.a(dhcputil.o)
                0x090a84e8                find_opt
 .text          0x090a85b4      0x79c ../SimpleSocketServer_bsp/\libucosii_bsp.a(pktalloc.o)
                0x090a85b4                pk_init
                0x090a8844                pk_alloc
                0x090a8920                pk_validate
                0x090a8bd8                pk_free
                0x090a8c84                pk_get_max_intrsafe_buf_len
                0x090a8ca4                dump_buf_estats
 .text          0x090a8d50      0x288 ../SimpleSocketServer_bsp/\libucosii_bsp.a(q.o)
                0x090a8d50                getq
                0x090a8e18                putq
                0x090a8ec8                qdel
 .text          0x090a8fd8      0x31c ../SimpleSocketServer_bsp/\libucosii_bsp.a(udp_open.o)
                0x090a8fd8                udp_open
                0x090a9210                udp_close
 .text          0x090a92f4      0x194 ../SimpleSocketServer_bsp/\libucosii_bsp.a(asm_cksum.o)
                0x090a92f4                asm_cksum
 .text          0x090a9488      0x2e0 ../SimpleSocketServer_bsp/\libucosii_bsp.a(brdutils.o)
                0x090a9488                dtrap
                0x090a94b8                kbhit
                0x090a9564                getch
                0x090a95c4                clock_init
                0x090a9600                clock_c
                0x090a961c                cticks_hook
                0x090a96c8                irq_Mask
                0x090a9724                irq_Unmask
 .text          0x090a9768      0x488 ../SimpleSocketServer_bsp/\libucosii_bsp.a(osportco.o)
                0x090a9768                LOCK_NET_RESOURCE
                0x090a9828                UNLOCK_NET_RESOURCE
                0x090a98b0                TK_NEWTASK
                0x090a9ac4                wait_app_sem
                0x090a9b78                post_app_sem
 .text          0x090a9bf0      0x568 ../SimpleSocketServer_bsp/\libucosii_bsp.a(targnios.o)
                0x090a9bf0                alt_iniche_init
                0x090a9e0c                pre_task_setup
                0x090a9e80                post_task_setup
                0x090a9ea0                prep_armintcp
                0x090a9ed8                calloc2
                0x090a9f0c                npalloc
                0x090aa000                npfree
                0x090aa0b8                ncpalloc
                0x090aa10c                ncpfree
 .text          0x090aa158     0x19b4 ../SimpleSocketServer_bsp/\libucosii_bsp.a(nptcp.o)
                0x090aa158                pffindtype
                0x090aa1f8                pffindproto
                0x090aa2c8                m_getnbuf
                0x090aa470                m_free
                0x090aa5a4                m_freem
                0x090aa5e8                m_copy
                0x090aa90c                m_adj
                0x090aaadc                mbuf_len
                0x090aab34                dtom
                0x090aabdc                remque
                0x090aac4c                insque
                0x090aacc8                nptcp_init
                0x090aadec                tcp_rcv
                0x090aafd8                ip_output
                0x090ab5d0                in_broadcast
                0x090ab610                np_stripoptions
                0x090ab6f8                so_icmpdu
                0x090aba50                tcp_tick
 .text          0x090abb0c      0xa2c ../SimpleSocketServer_bsp/\libucosii_bsp.a(rawsock.o)
                0x090abb0c                rawip_lookup
                0x090abb7c                rawip_soinput
                0x090abd50                rawip_usrreq
 .text          0x090ac538     0x17fc ../SimpleSocketServer_bsp/\libucosii_bsp.a(sockcall.o)
                0x090ac538                DOMAIN_CHECK
                0x090ac584                t_socket
                0x090ac614                t_bind
                0x090ac790                t_listen
                0x090ac874                t_accept
                0x090acb0c                t_connect
                0x090acdb4                t_getpeername
                0x090acdf8                t_getsockname
                0x090ad038                t_setsockopt
                0x090ad214                t_getsockopt
                0x090ad3b8                t_recv
                0x090ad4a8                t_recvfrom
                0x090ad5f8                t_sendto
                0x090ad824                t_send
                0x090ada4c                t_shutdown
                0x090adb30                t_socketclose
                0x090adc98                t_errno
 .text          0x090add34     0x23e8 ../SimpleSocketServer_bsp/\libucosii_bsp.a(socket.o)
                0x090add34                socreate
                0x090adf00                sobind
                0x090adf5c                solisten
                0x090ae04c                sofree
                0x090ae17c                soclose
                0x090ae4e4                soabort
                0x090ae534                soaccept
                0x090ae5d0                soconnect
                0x090ae6a4                sodisconnect
                0x090ae744                sosend
                0x090aed4c                soreceive
                0x090af530                soshutdown
                0x090af5d8                sorflush
                0x090af6d8                sosetopt
                0x090afb98                sogetopt
                0x090b00d8                sohasoutofband
 .text          0x090b011c     0x1318 ../SimpleSocketServer_bsp/\libucosii_bsp.a(socket2.o)
                0x090b011c                soisconnecting
                0x090b0188                soisconnected
                0x090b0284                soisdisconnecting
                0x090b0310                soisdisconnected
                0x090b03cc                sonewconn
                0x090b05e8                soqinsque
                0x090b0694                soqremque
                0x090b07b4                socantsendmore
                0x090b0804                socantrcvmore
                0x090b0854                sbselqueue
                0x090b088c                sbwait
                0x090b08f4                sbwakeup
                0x090b0990                soreserve
                0x090b0a10                sbreserve
                0x090b0a70                sbrelease
                0x090b0ab8                sbappend
                0x090b0b60                sbappendrecord
                0x090b0c40                sbappendaddr
                0x090b0e48                sbcompress
                0x090b1030                sbflush
                0x090b10c0                sbdrop
                0x090b1290                sbdropend
                0x090b13a0                sbdroprecord
 .text          0x090b1434      0x914 ../SimpleSocketServer_bsp/\libucosii_bsp.a(soselect.o)
                0x090b1434                t_select
                0x090b1654                sock_selscan
                0x090b17ac                sock_select
                0x090b19c0                in_pcbnotify
                0x090b1a8c                tcp_notify
                0x090b1af4                ifd_clr
                0x090b1be4                ifd_set
                0x090b1c58                ifd_isset
                0x090b1cd8                ifd_get
 .text          0x090b1d48     0x301c ../SimpleSocketServer_bsp/\libucosii_bsp.a(tcp_in.o)
                0x090b1d48                tcp_reass
                0x090b2150                tcp_input
                0x090b46a4                tcp_dooptions
                0x090b4834                tcp_pulloutofband
                0x090b4960                tcp_xmit_timer
                0x090b4c00                ip4_tcpmss
                0x090b4c48                tcp_mss
 .text          0x090b4d64     0x1360 ../SimpleSocketServer_bsp/\libucosii_bsp.a(tcp_out.o)
                0x090b4d64                tcp_output
                0x090b5ee0                tcp_setpersist
 .text          0x090b60c4      0x9e8 ../SimpleSocketServer_bsp/\libucosii_bsp.a(tcp_subr.o)
                0x090b60c4                tcp_init
                0x090b611c                tcp_template
                0x090b6234                tcp_respond
                0x090b66bc                tcp_newtcpcb
                0x090b67d4                tcp_drop
                0x090b6880                tcp_close
                0x090b6968                tcp_quench
                0x090b69b4                tcp_putseq
                0x090b6a34                tcp_getseq
 .text          0x090b6aac      0x798 ../SimpleSocketServer_bsp/\libucosii_bsp.a(tcp_timr.o)
                0x090b6aac                tcp_slowtimo
                0x090b6d4c                tcp_canceltimers
                0x090b6da8                tcp_timers
 .text          0x090b7244      0x9ec ../SimpleSocketServer_bsp/\libucosii_bsp.a(tcp_usr.o)
                0x090b7244                tcp_usrreq
                0x090b7948                tcp_attach
                0x090b7a7c                tcp_disconnect
                0x090b7b50                tcp_usrclosed
 .text          0x090b7c30       0x4c ../SimpleSocketServer_bsp/\libucosii_bsp.a(tcpport.o)
                0x090b7c30                tcpinit
 .text          0x090b7c7c      0xd20 ../SimpleSocketServer_bsp/\libucosii_bsp.a(udpsock.o)
                0x090b7c7c                udp_lookup
                0x090b7cec                udp_soinput
                0x090b7ea4                udp_usrreq
                0x090b8128                udp4_sockbind
                0x090b8464                udp4_socksend
                0x090b8840                udp4_sockaddr
 .text          0x090b899c      0x154 ../SimpleSocketServer_bsp/\libucosii_bsp.a(alt_alarm_start.o)
                0x090b899c                alt_alarm_start
 .text          0x090b8af0      0x15c ../SimpleSocketServer_bsp/\libucosii_bsp.a(alt_close.o)
                0x090b8af0                alt_close
 .text          0x090b8c4c       0x78 ../SimpleSocketServer_bsp/\libucosii_bsp.a(alt_dcache_flush.o)
                0x090b8c4c                alt_dcache_flush
 .text          0x090b8cc4       0x2c ../SimpleSocketServer_bsp/\libucosii_bsp.a(alt_dev.o)
 .text          0x090b8cf0      0x114 ../SimpleSocketServer_bsp/\libucosii_bsp.a(alt_dev_llist_insert.o)
                0x090b8cf0                alt_dev_llist_insert
 .text          0x090b8e04       0x64 ../SimpleSocketServer_bsp/\libucosii_bsp.a(alt_do_ctors.o)
                0x090b8e04                _do_ctors
 .text          0x090b8e68       0x64 ../SimpleSocketServer_bsp/\libucosii_bsp.a(alt_do_dtors.o)
                0x090b8e68                _do_dtors
 .text          0x090b8ecc        0x0 ../SimpleSocketServer_bsp/\libucosii_bsp.a(alt_errno.o)
 .text          0x090b8ecc       0x94 ../SimpleSocketServer_bsp/\libucosii_bsp.a(alt_find_dev.o)
                0x090b8ecc                alt_find_dev
 .text          0x090b8f60       0xd0 ../SimpleSocketServer_bsp/\libucosii_bsp.a(alt_flash_dev.o)
                0x090b8f60                alt_flash_open_dev
                0x090b8fdc                alt_flash_close_dev
 .text          0x090b9030      0x1d4 ../SimpleSocketServer_bsp/\libucosii_bsp.a(alt_iic.o)
                0x090b9030                alt_ic_isr_register
                0x090b9080                alt_ic_irq_enable
                0x090b911c                alt_ic_irq_disable
                0x090b91bc                alt_ic_irq_enabled
 .text          0x090b9204       0xf8 ../SimpleSocketServer_bsp/\libucosii_bsp.a(alt_iic_isr_register.o)
                0x090b9204                alt_iic_isr_register
 .text          0x090b92fc      0x13c ../SimpleSocketServer_bsp/\libucosii_bsp.a(alt_io_redirect.o)
                0x090b93c0                alt_io_redirect
 .text          0x090b9438        0x0 ../SimpleSocketServer_bsp/\libucosii_bsp.a(alt_irq_entry.o)
 .text          0x090b9438        0x0 ../SimpleSocketServer_bsp/\libucosii_bsp.a(alt_irq_handler.o)
 .text          0x090b9438        0x0 ../SimpleSocketServer_bsp/\libucosii_bsp.a(alt_irq_vars.o)
 .text          0x090b9438      0x2c4 ../SimpleSocketServer_bsp/\libucosii_bsp.a(alt_open.o)
                0x090b9514                open
 .text          0x090b96fc      0x180 ../SimpleSocketServer_bsp/\libucosii_bsp.a(alt_read.o)
                0x090b96fc                alt_read
 .text          0x090b987c       0x60 ../SimpleSocketServer_bsp/\libucosii_bsp.a(alt_release_fd.o)
                0x090b987c                alt_release_fd
 .text          0x090b98dc       0x38 ../SimpleSocketServer_bsp/\libucosii_bsp.a(alt_remap_cached.o)
                0x090b98dc                alt_remap_cached
 .text          0x090b9914       0x40 ../SimpleSocketServer_bsp/\libucosii_bsp.a(alt_remap_uncached.o)
                0x090b9914                alt_remap_uncached
 .text          0x090b9954      0x1a8 ../SimpleSocketServer_bsp/\libucosii_bsp.a(alt_tick.o)
                0x090b9954                alt_alarm_stop
                0x090b99ec                alt_tick
 .text          0x090b9afc       0x64 ../SimpleSocketServer_bsp/\libucosii_bsp.a(alt_uncached_malloc.o)
                0x090b9afc                alt_uncached_malloc
 .text          0x090b9b60      0x164 ../SimpleSocketServer_bsp/\libucosii_bsp.a(alt_usleep.o)
                0x090b9b60                usleep
 .text          0x090b9cc4      0x180 ../SimpleSocketServer_bsp/\libucosii_bsp.a(alt_write.o)
                0x090b9cc4                alt_write
 .text          0x090b9e44       0x20 ../SimpleSocketServer_bsp/\libucosii_bsp.a(altera_nios2_qsys_irq.o)
                0x090b9e44                altera_nios2_qsys_irq_init
 .text          0x090b9e64       0xd0 ../SimpleSocketServer_bsp/\libucosii_bsp.a(os_cpu_a.o)
                0x090b9e64                OSCtxSw
                0x090b9e64                OSIntCtxSw
                0x090b9ef0                OSStartHighRdy
                0x090b9f10                OSStartTsk
 .text          0x090b9f34      0x424 ../SimpleSocketServer_bsp/\libucosii_bsp.a(os_cpu_c.o)
                0x090b9f34                OSTaskStkInit
                0x090ba244                OSTaskCreateHook
                0x090ba264                OSTaskDelHook
                0x090ba284                OSTaskSwHook
                0x090ba2a0                OSTaskStatHook
                0x090ba2bc                OSTimeTickHook
                0x090ba2e4                OSInitHookBegin
                0x090ba300                OSInitHookEnd
                0x090ba31c                OSTaskIdleHook
                0x090ba338                OSTCBInitHook
 .text          0x090ba358      0x460 ../SimpleSocketServer_bsp/\libucosii_bsp.a(altera_avalon_cfi_flash_amd.o)
                0x090ba358                alt_program_amd
                0x090ba3c0                alt_erase_block_amd
 .text          0x090ba7b8      0x460 ../SimpleSocketServer_bsp/\libucosii_bsp.a(altera_avalon_cfi_flash_intel.o)
                0x090ba7b8                alt_program_intel
                0x090ba83c                alt_erase_block_intel
 .text          0x090bac18      0x464 ../SimpleSocketServer_bsp/\libucosii_bsp.a(allports.o)
                0x090bac18                netmain_init
                0x090bad14                icmp_port_du
                0x090bad9c                station_state
                0x090baf24                sysuptime
                0x090bafb4                packet_check
                0x090bb000                mcastlist
                0x090bb024                prep_modules
 .text          0x090bb07c      0x578 ../SimpleSocketServer_bsp/\libucosii_bsp.a(timeouts.o)
                0x090bb07c                inet_timer
                0x090bb378                in_timerset
                0x090bb54c                in_timerkill
 .text          0x090bb5f4       0xa4 ../SimpleSocketServer_bsp/\libucosii_bsp.a(tk_misc.o)
                0x090bb5f4                create_apptasks
                0x090bb618                task_stats
 .text          0x090bb698       0xb0 ../SimpleSocketServer_bsp/\libucosii_bsp.a(alt_iniche_fcntl.o)
                0x090bb698                fcntl
 .text          0x090bb748     0x159c ../SimpleSocketServer_bsp/\libucosii_bsp.a(et_arp.o)
                0x090bb748                etainit
                0x090bb79c                et_send
                0x090bb918                arp_free_pending
                0x090bb9a0                arp_send_pending
                0x090bba14                send_arp
                0x090bbeac                find_oldest_arp
                0x090bc0a0                make_arp_entry
                0x090bc1b4                arpReply
                0x090bc448                arprcv
                0x090bc6a8                send_via_arp
                0x090bc874                cb_arpent_tmo
                0x090bca18                grat_arp
 .text          0x090bcce4      0x298 ../SimpleSocketServer_bsp/\libucosii_bsp.a(iface.o)
                0x090bcce4                if_getbynum
                0x090bcd68                isbcast
                0x090bce48                reg_type
                0x090bcee4                if_killsocks
 .text          0x090bcf7c     0x22ac ../SimpleSocketServer_bsp/\libucosii_bsp.a(ip.o)
                0x090bcf7c                ip_init
                0x090bd078                ip_bldhead
                0x090bd21c                ip_write_internal
                0x090bd99c                ip_write
                0x090bdbe4                ip_write2
                0x090bdf94                ip_raw_write
                0x090be06c                ip_fragment_lc
                0x090be4f4                ip_fragment
                0x090beb20                ip_mymach
                0x090bebcc                ip_dump
                0x090bee84                iproute
                0x090bf0f0                ip_copypkt
 .text          0x090bf228     0x1e00 ../SimpleSocketServer_bsp/\libucosii_bsp.a(ip_reasm.o)
                0x090bf228                ip_reasm_match_frag_with_ire
                0x090bf2f8                ip_reasm_determine_type_of_frag
                0x090bf3e4                ip_reasm_check_mem_useage
                0x090bf47c                ip_reasm_incr_mem_useage
                0x090bf524                ip_reasm_decr_mem_useage
                0x090bf5c4                ip_reasm_process_first_fragment
                0x090bf8a4                ip_reassm
                0x090bf944                ip_reasm_compute_overlap
                0x090bfed4                ip_reasm_process_subsequent_fragments
                0x090c0468                ip_reasm_find_ire
                0x090c04cc                ip_reasm_copy_queued_fragments_into_reassy_buffer
                0x090c0828                ip_reasm_process_timer_tick
                0x090c0944                ip_reasm_delete_ire
                0x090c0b0c                ip_reasm_mark_compact_rfq
                0x090c0c54                ipr_stats
                0x090c0fd4                ip_reasm_send_icmp_timex
 .text          0x090c1028      0xe3c ../SimpleSocketServer_bsp/\libucosii_bsp.a(ipdemux.o)
                0x090c1028                ip_rcv
                0x090c1428                ip_rcv_phase2
                0x090c1a34                ip_demux
 .text          0x090c1e64      0x2f0 ../SimpleSocketServer_bsp/\libucosii_bsp.a(ipmc.o)
                0x090c1e64                in_addmulti
                0x090c1fcc                in_delmulti
                0x090c20e4                lookup_mcast
 .text          0x090c2154       0xe4 ../SimpleSocketServer_bsp/\libucosii_bsp.a(ipport.o)
                0x090c2154                prep_ifaces
                0x090c21e8                netexit
                0x090c2210                evtmap_setup
 .text          0x090c2238      0x550 ../SimpleSocketServer_bsp/\libucosii_bsp.a(ipraw.o)
                0x090c2238                ip_raw_open
                0x090c2328                ip_raw_close
                0x090c23e8                ip_raw_input
                0x090c2620                ip_raw_alloc
                0x090c26ec                ip_raw_free
                0x090c272c                ip_raw_maxalloc
 .text          0x090c2788      0x6f0 ../SimpleSocketServer_bsp/\libucosii_bsp.a(iproute.o)
                0x090c2788                rt_lookup
                0x090c290c                add_route
                0x090c2d34                del_route
 .text          0x090c2e78      0xe3c ../SimpleSocketServer_bsp/\libucosii_bsp.a(udp.o)
                0x090c2e78                udpdemux
                0x090c36d0                udp_send
                0x090c3988                udpswap
                0x090c3ab8                udp_socket
                0x090c3b88                udp_alloc
                0x090c3c48                udp_maxalloc
                0x090c3c74                udp_free
 .text          0x090c3cb4      0x2f0 ../SimpleSocketServer_bsp/\libucosii_bsp.a(igmp.o)
                0x090c3cb4                igmpv1_input
 .text          0x090c3fa4      0x7c0 ../SimpleSocketServer_bsp/\libucosii_bsp.a(igmp2.o)
                0x090c3fa4                igmpv2_input
                0x090c4104                igmpv2_process_report
                0x090c4250                igmpv2_process_query
                0x090c449c                igmpv2_chk_set_timer
                0x090c45f4                igmpv2_chk4_rtr_alert_opt
 .text          0x090c4764      0x8fc ../SimpleSocketServer_bsp/\libucosii_bsp.a(ipopt.o)
                0x090c4764                IPADDR_TO_NETP
                0x090c48ac                ip_setmoptions
                0x090c4e9c                ip_getmoptions
                0x090c4fdc                ip_freemoptions
 .text          0x090c5060      0x6e8 ../SimpleSocketServer_bsp/\libucosii_bsp.a(u_mctest.o)
                0x090c5060                u_mctest_init
                0x090c5090                u_mctest_run
 .text          0x090c5748      0x3d0 ../SimpleSocketServer_bsp/\libucosii_bsp.a(dhcsetup.o)
                0x090c5748                dhc_setup
                0x090c5a14                dhc_main_ipset
 .text          0x090c5b18      0x40c ../SimpleSocketServer_bsp/\libucosii_bsp.a(memdev.o)
                0x090c5b18                init_memdev
                0x090c5b90                md_fopen
                0x090c5bb8                md_fclose
                0x090c5bd8                md_fread
                0x090c5d58                md_fwrite
                0x090c5dd8                md_fseek
                0x090c5e04                md_ftell
                0x090c5e28                md_fgetc
                0x090c5f00                md_unlink
 .text          0x090c5f24      0x810 ../SimpleSocketServer_bsp/\libucosii_bsp.a(parseip.o)
                0x090c5f24                parse_ipad
                0x090c6240                inet_addr
                0x090c62a8                hextoa
                0x090c6318                inet_pton
                0x090c63c4                inet_ntop
                0x090c6450                print46_addr
                0x090c64b0                inet46_addr
                0x090c6574                inet_setport
                0x090c65e8                convert_ip
 .text          0x090c6734      0x1cc ../SimpleSocketServer_bsp/\libucosii_bsp.a(tcpcksum.o)
                0x090c6734                tcp_cksum
 .text          0x090c6900      0x900 ../SimpleSocketServer_bsp/\libucosii_bsp.a(in_pcb.o)
                0x090c6900                in_pcballoc
                0x090c6994                in_pcbdetach
                0x090c69e8                in_pcbbind
                0x090c6c3c                in_pcbconnect
                0x090c6e4c                in_pcbdisconnect
                0x090c6eac                in_setsockaddr
                0x090c6f28                in_setpeeraddr
                0x090c6fa4                in_pcblookup
 .text          0x090c7200     0x1a74 ../SimpleSocketServer_bsp/\libucosii_bsp.a(vfsfiles.o)
                0x090c7200                set_vfopen_error
                0x090c7228                get_vfopen_error
                0x090c7248                vf_alloc_and_link_vop
                0x090c72c4                vf_alloc_buffer
                0x090c739c                vf_free_buffer
                0x090c73ec                vfopen_locked
                0x090c7754                vfopen
                0x090c77a4                vfclose_locked
                0x090c794c                vfclose
                0x090c798c                vfflush
                0x090c79d4                vfgets
                0x090c7ab8                vfeof
                0x090c7b10                vunlink_flag_open_files
                0x090c7b6c                vunlink
                0x090c7d8c                vfread
                0x090c7f38                vfwrite_locked
                0x090c8320                vfwrite
                0x090c8380                vfseek
                0x090c84fc                vftell
                0x090c8630                vgetc_locked
                0x090c8750                vgetc
                0x090c8798                vfslookup_locked
                0x090c88d0                vfslookup
                0x090c8918                strippath
                0x090c8b00                isvfile_locked
                0x090c8b64                isvfile
                0x090c8bac                vferror
                0x090c8c18                vclearerr
 .text          0x090c8c74       0x24 ../SimpleSocketServer_bsp/\libucosii_bsp.a(vfsport.o)
                0x090c8c74                prep_vfs
 .text          0x090c8c98      0x12c ../SimpleSocketServer_bsp/\libucosii_bsp.a(alt_busy_sleep.o)
                0x090c8c98                alt_busy_sleep
 .text          0x090c8dc4        0x0 ../SimpleSocketServer_bsp/\libucosii_bsp.a(alt_exception_entry.o)
 .text          0x090c8dc4      0x1b4 ../SimpleSocketServer_bsp/\libucosii_bsp.a(alt_fcntl.o)
                0x090c8dc4                alt_fcntl
 .text          0x090c8f78      0x120 ../SimpleSocketServer_bsp/\libucosii_bsp.a(alt_find_file.o)
                0x090c8f78                alt_find_file
 .text          0x090c9098       0xf4 ../SimpleSocketServer_bsp/\libucosii_bsp.a(alt_get_fd.o)
                0x090c9098                alt_get_fd
 .text          0x090c918c     0x130c ../SimpleSocketServer_bsp/\libucosii_bsp.a(icmp.o)
                0x090c918c                icmprcv
                0x090c9dc0                icmp_destun
                0x090ca110                icmp_timex
                0x090ca444                icmp_du
 .text          0x090ca498       0x14 c:/programs/altera/13.0sp1/nios2eds/bin/gnu/h-i686-mingw32/bin/../lib/gcc/nios2-elf/4.1.2/../../../../nios2-elf/lib/mhw-mulx\libc.a(lib_a-atexit.o)
                0x090ca498                atexit
 .text          0x090ca4ac       0x18 c:/programs/altera/13.0sp1/nios2eds/bin/gnu/h-i686-mingw32/bin/../lib/gcc/nios2-elf/4.1.2/../../../../nios2-elf/lib/mhw-mulx\libc.a(lib_a-atoi.o)
                0x090ca4ac                _atoi_r
                0x090ca4b8                atoi
 .text          0x090ca4c4       0x1c c:/programs/altera/13.0sp1/nios2eds/bin/gnu/h-i686-mingw32/bin/../lib/gcc/nios2-elf/4.1.2/../../../../nios2-elf/lib/mhw-mulx\libc.a(lib_a-calloc.o)
                0x090ca4c4                calloc
 .text          0x090ca4e0       0x38 c:/programs/altera/13.0sp1/nios2eds/bin/gnu/h-i686-mingw32/bin/../lib/gcc/nios2-elf/4.1.2/../../../../nios2-elf/lib/mhw-mulx\libc.a(lib_a-exit.o)
                0x090ca4e0                exit
 .text          0x090ca518       0x28 c:/programs/altera/13.0sp1/nios2eds/bin/gnu/h-i686-mingw32/bin/../lib/gcc/nios2-elf/4.1.2/../../../../nios2-elf/lib/mhw-mulx\libc.a(lib_a-malloc.o)
                0x090ca518                free
                0x090ca52c                malloc
 .text          0x090ca540       0x74 c:/programs/altera/13.0sp1/nios2eds/bin/gnu/h-i686-mingw32/bin/../lib/gcc/nios2-elf/4.1.2/../../../../nios2-elf/lib/mhw-mulx\libc.a(lib_a-memcmp.o)
                0x090ca540                memcmp
 .text          0x090ca5b4       0x8c c:/programs/altera/13.0sp1/nios2eds/bin/gnu/h-i686-mingw32/bin/../lib/gcc/nios2-elf/4.1.2/../../../../nios2-elf/lib/mhw-mulx\libc.a(lib_a-strcpy.o)
                0x090ca5b4                strcpy
 .text          0x090ca640       0xf0 c:/programs/altera/13.0sp1/nios2eds/bin/gnu/h-i686-mingw32/bin/../lib/gcc/nios2-elf/4.1.2/../../../../nios2-elf/lib/mhw-mulx\libc.a(lib_a-strncmp.o)
                0x090ca640                strncmp
 .text          0x090ca730       0xbc c:/programs/altera/13.0sp1/nios2eds/bin/gnu/h-i686-mingw32/bin/../lib/gcc/nios2-elf/4.1.2/../../../../nios2-elf/lib/mhw-mulx\libc.a(lib_a-strncpy.o)
                0x090ca730                strncpy
 .text          0x090ca7ec      0x268 c:/programs/altera/13.0sp1/nios2eds/bin/gnu/h-i686-mingw32/bin/../lib/gcc/nios2-elf/4.1.2/../../../../nios2-elf/lib/mhw-mulx\libc.a(lib_a-strtol.o)
                0x090ca7ec                _strtol_r
                0x090caa30                strtol
 .text          0x090caa54       0x34 c:/programs/altera/13.0sp1/nios2eds/bin/gnu/h-i686-mingw32/bin/../lib/gcc/nios2-elf/4.1.2/../../../../nios2-elf/lib/mhw-mulx\libc.a(lib_a-vprintf.o)
                0x090caa54                _vprintf_r
                0x090caa68                vprintf
 .text          0x090caa88       0x74 c:/programs/altera/13.0sp1/nios2eds/bin/gnu/h-i686-mingw32/bin/../lib/gcc/nios2-elf/4.1.2/../../../../nios2-elf/lib/mhw-mulx\libc.a(lib_a-vsprintf.o)
                0x090caa88                _vsprintf_r
                0x090caad8                vsprintf
 .text          0x090caafc      0x134 c:/programs/altera/13.0sp1/nios2eds/bin/gnu/h-i686-mingw32/bin/../lib/gcc/nios2-elf/4.1.2/../../../../nios2-elf/lib/mhw-mulx\libc.a(lib_a-__atexit.o)
                0x090caafc                __register_exitproc
 .text          0x090cac30      0x1b4 c:/programs/altera/13.0sp1/nios2eds/bin/gnu/h-i686-mingw32/bin/../lib/gcc/nios2-elf/4.1.2/../../../../nios2-elf/lib/mhw-mulx\libc.a(lib_a-__call_atexit.o)
                0x090cac34                __call_exitprocs
 .text          0x090cade4       0xa4 c:/programs/altera/13.0sp1/nios2eds/bin/gnu/h-i686-mingw32/bin/../lib/gcc/nios2-elf/4.1.2/mhw-mulx\libgcc.a(_fixunsdfsi.o)
                0x090cade4                __fixunsdfsi
 .text          0x090cae88       0x6c ../SimpleSocketServer_bsp/\libucosii_bsp.a(alt_exit.o)
                0x090caec8                _exit
 *(.gnu.warning.*)
 *(.fini)
                0x090caef4                PROVIDE (__etext, ABSOLUTE (.))
                0x090caef4                PROVIDE (_etext, ABSOLUTE (.))
                0x090caef4                PROVIDE (etext, ABSOLUTE (.))
 *(.eh_frame_hdr)
                0x090caef4                . = ALIGN (0x4)
                0x090caef4                PROVIDE (__preinit_array_start, ABSOLUTE (.))
 *(.preinit_array)
                0x090caef4                PROVIDE (__preinit_array_end, ABSOLUTE (.))
                0x090caef4                PROVIDE (__init_array_start, ABSOLUTE (.))
 *(.init_array)
                0x090caef4                PROVIDE (__init_array_end, ABSOLUTE (.))
                0x090caef4                PROVIDE (__fini_array_start, ABSOLUTE (.))
 *(.fini_array)
                0x090caef4                PROVIDE (__fini_array_end, ABSOLUTE (.))
 *(.eh_frame)
 *(.gcc_except_table)
 *(.dynamic)
                0x090caef4                PROVIDE (__CTOR_LIST__, ABSOLUTE (.))
 *(.ctors)
 *(SORT(.ctors.*))
 .ctors.65535   0x090caef4        0x4 c:/programs/altera/13.0sp1/nios2eds/bin/gnu/h-i686-mingw32/bin/../lib/gcc/nios2-elf/4.1.2/../../../../nios2-elf/lib/mhw-mulx\libc.a(lib_a-__call_atexit.o)
                0x090caef8                PROVIDE (__CTOR_END__, ABSOLUTE (.))
                0x090caef8                PROVIDE (__DTOR_LIST__, ABSOLUTE (.))
 *(.dtors)
 *(SORT(.dtors.*))
                0x090caef8                PROVIDE (__DTOR_END__, ABSOLUTE (.))
 *(.jcr)
                0x090caef8                . = ALIGN (0x4)

.rodata         0x090caef8     0x5f94
                0x090caef8                PROVIDE (__ram_rodata_start, ABSOLUTE (.))
                0x090caef8                . = ALIGN (0x4)
 *(.rodata .rodata.* .gnu.linkonce.r.*)
 .rodata        0x090caef8      0xba4 obj/default/alt_error_handler.o
 .rodata        0x090cba9c       0x3c obj/default/iniche_init.o
 .rodata        0x090cbad8       0x24 obj/default/led.o
 .rodata        0x090cbafc      0x180 obj/default/network_utilities.o
 .rodata        0x090cbc7c      0x2d4 obj/default/simple_socket_server.o
 .rodata        0x090cbf50       0x20 obj/default/tse_my_system.o
 .rodata        0x090cbf70      0x281 c:/programs/altera/13.0sp1/nios2eds/bin/gnu/h-i686-mingw32/bin/../lib/gcc/nios2-elf/4.1.2/../../../../nios2-elf/lib/mhw-mulx\libc.a(lib_a-ctype_.o)
                0x090cbf70                _ctype_
 *fill*         0x090cc1f1        0x3 00
 .rodata.str1.4
                0x090cc1f4        0x2 c:/programs/altera/13.0sp1/nios2eds/bin/gnu/h-i686-mingw32/bin/../lib/gcc/nios2-elf/4.1.2/../../../../nios2-elf/lib/mhw-mulx\libc.a(lib_a-impure.o)
                                  0x4 (size before relaxing)
 *fill*         0x090cc1f6        0x2 00
 .rodata.str1.4
                0x090cc1f8        0x3 c:/programs/altera/13.0sp1/nios2eds/bin/gnu/h-i686-mingw32/bin/../lib/gcc/nios2-elf/4.1.2/../../../../nios2-elf/lib/mhw-mulx\libc.a(lib_a-perror.o)
                                  0x4 (size before relaxing)
 *fill*         0x090cc1fb        0x1 00
 .rodata.str1.4
                0x090cc1fc        0x2 c:/programs/altera/13.0sp1/nios2eds/bin/gnu/h-i686-mingw32/bin/../lib/gcc/nios2-elf/4.1.2/../../../../nios2-elf/lib/mhw-mulx\libc.a(lib_a-puts.o)
                                  0x4 (size before relaxing)
 *fill*         0x090cc1fe        0x2 00
 .rodata.str1.4
                0x090cc200      0x7a2 c:/programs/altera/13.0sp1/nios2eds/bin/gnu/h-i686-mingw32/bin/../lib/gcc/nios2-elf/4.1.2/../../../../nios2-elf/lib/mhw-mulx\libc.a(lib_a-strerror.o)
                                0x7a8 (size before relaxing)
 *fill*         0x090cc9a2        0x2 00
 .rodata.str1.4
                0x090cc9a4       0x5e c:/programs/altera/13.0sp1/nios2eds/bin/gnu/h-i686-mingw32/bin/../lib/gcc/nios2-elf/4.1.2/../../../../nios2-elf/lib/mhw-mulx\libc.a(lib_a-vfprintf.o)
                                 0x60 (size before relaxing)
 .rodata        0x090cca02       0x20 c:/programs/altera/13.0sp1/nios2eds/bin/gnu/h-i686-mingw32/bin/../lib/gcc/nios2-elf/4.1.2/../../../../nios2-elf/lib/mhw-mulx\libc.a(lib_a-vfprintf.o)
 *fill*         0x090cca22        0x2 00
 .rodata.str1.4
                0x090cca24       0x10 c:/programs/altera/13.0sp1/nios2eds/bin/gnu/h-i686-mingw32/bin/../lib/gcc/nios2-elf/4.1.2/../../../../nios2-elf/lib/mhw-mulx\libc.a(lib_a-dtoa.o)
                                 0x14 (size before relaxing)
 .rodata.str1.4
                0x090cca34       0x10 c:/programs/altera/13.0sp1/nios2eds/bin/gnu/h-i686-mingw32/bin/../lib/gcc/nios2-elf/4.1.2/../../../../nios2-elf/lib/mhw-mulx\libc.a(lib_a-locale.o)
                                 0x18 (size before relaxing)
 .rodata        0x090cca44       0x30 c:/programs/altera/13.0sp1/nios2eds/bin/gnu/h-i686-mingw32/bin/../lib/gcc/nios2-elf/4.1.2/../../../../nios2-elf/lib/mhw-mulx\libc.a(lib_a-locale.o)
 .rodata        0x090cca74      0x124 c:/programs/altera/13.0sp1/nios2eds/bin/gnu/h-i686-mingw32/bin/../lib/gcc/nios2-elf/4.1.2/../../../../nios2-elf/lib/mhw-mulx\libc.a(lib_a-mprec.o)
                0x090cca74                __mprec_tens
                0x090ccb3c                __mprec_bigtens
                0x090ccb64                __mprec_tinytens
 .rodata        0x090ccb98       0x14 c:/programs/altera/13.0sp1/nios2eds/bin/gnu/h-i686-mingw32/bin/../lib/gcc/nios2-elf/4.1.2/mhw-mulx\libgcc.a(_thenan_df.o)
                0x090ccb98                __thenan_df
 .rodata        0x090ccbac      0x100 c:/programs/altera/13.0sp1/nios2eds/bin/gnu/h-i686-mingw32/bin/../lib/gcc/nios2-elf/4.1.2/mhw-mulx\libgcc.a(_clz.o)
                0x090ccbac                __clz_tab
 .rodata        0x090cccac       0x10 ../SimpleSocketServer_bsp/\libucosii_bsp.a(alt_main.o)
 .rodata        0x090cccbc      0x120 ../SimpleSocketServer_bsp/\libucosii_bsp.a(os_core.o)
                0x090cccbc                OSUnMapTbl
 .rodata        0x090ccddc       0x5c ../SimpleSocketServer_bsp/\libucosii_bsp.a(alt_sys_init.o)
 .rodata        0x090cce38     0x1cc0 ../SimpleSocketServer_bsp/\libucosii_bsp.a(altera_avalon_tse.o)
 .rodata        0x090ceaf8      0x36c ../SimpleSocketServer_bsp/\libucosii_bsp.a(ins_tse_mac.o)
 .rodata        0x090cee64       0xd8 ../SimpleSocketServer_bsp/\libucosii_bsp.a(ipnet.o)
 .rodata        0x090cef3c       0xec ../SimpleSocketServer_bsp/\libucosii_bsp.a(ipstart.o)
 .rodata        0x090cf028      0x54c ../SimpleSocketServer_bsp/\libucosii_bsp.a(igmp_cmn.o)
 .rodata        0x090cf574       0xb8 ../SimpleSocketServer_bsp/\libucosii_bsp.a(in_utils.o)
 .rodata        0x090cf62c       0x34 ../SimpleSocketServer_bsp/\libucosii_bsp.a(netmain.o)
 .rodata        0x090cf660      0x1a8 ../SimpleSocketServer_bsp/\libucosii_bsp.a(tk_crnos.o)
 .rodata        0x090cf808        0x8 ../SimpleSocketServer_bsp/\libucosii_bsp.a(dhcpclnt.o)
 .rodata        0x090cf810      0x118 ../SimpleSocketServer_bsp/\libucosii_bsp.a(pktalloc.o)
 .rodata        0x090cf928       0x84 ../SimpleSocketServer_bsp/\libucosii_bsp.a(udp_open.o)
 .rodata        0x090cf9ac       0x2c ../SimpleSocketServer_bsp/\libucosii_bsp.a(brdutils.o)
 .rodata        0x090cf9d8      0x26c ../SimpleSocketServer_bsp/\libucosii_bsp.a(osportco.o)
 .rodata        0x090cfc44       0xa0 ../SimpleSocketServer_bsp/\libucosii_bsp.a(targnios.o)
 .rodata        0x090cfce4       0x90 ../SimpleSocketServer_bsp/\libucosii_bsp.a(nptcp.o)
 .rodata        0x090cfd74        0x8 ../SimpleSocketServer_bsp/\libucosii_bsp.a(sockcall.o)
 .rodata        0x090cfd7c       0x50 ../SimpleSocketServer_bsp/\libucosii_bsp.a(socket.o)
 .rodata        0x090cfdcc       0x40 ../SimpleSocketServer_bsp/\libucosii_bsp.a(socket2.o)
 .rodata        0x090cfe0c       0x20 ../SimpleSocketServer_bsp/\libucosii_bsp.a(tcp_in.o)
 .rodata        0x090cfe2c       0x40 ../SimpleSocketServer_bsp/\libucosii_bsp.a(tcp_out.o)
 .rodata        0x090cfe6c       0x24 ../SimpleSocketServer_bsp/\libucosii_bsp.a(tcp_subr.o)
 .rodata        0x090cfe90       0x2c ../SimpleSocketServer_bsp/\libucosii_bsp.a(tcp_usr.o)
 .rodata        0x090cfebc        0xc ../SimpleSocketServer_bsp/\libucosii_bsp.a(alt_dev.o)
 .rodata        0x090cfec8        0x4 ../SimpleSocketServer_bsp/\libucosii_bsp.a(os_cpu_c.o)
 .rodata        0x090cfecc      0x1d4 ../SimpleSocketServer_bsp/\libucosii_bsp.a(allports.o)
 .rodata        0x090d00a0       0x34 ../SimpleSocketServer_bsp/\libucosii_bsp.a(tk_misc.o)
 .rodata        0x090d00d4       0x44 ../SimpleSocketServer_bsp/\libucosii_bsp.a(et_arp.o)
 .rodata        0x090d0118      0x1dc ../SimpleSocketServer_bsp/\libucosii_bsp.a(ip.o)
 .rodata        0x090d02f4      0x158 ../SimpleSocketServer_bsp/\libucosii_bsp.a(ip_reasm.o)
 .rodata        0x090d044c      0x120 ../SimpleSocketServer_bsp/\libucosii_bsp.a(ipdemux.o)
 .rodata        0x090d056c       0x34 ../SimpleSocketServer_bsp/\libucosii_bsp.a(ipport.o)
 .rodata        0x090d05a0       0x24 ../SimpleSocketServer_bsp/\libucosii_bsp.a(ipraw.o)
 .rodata        0x090d05c4       0x38 ../SimpleSocketServer_bsp/\libucosii_bsp.a(iproute.o)
 .rodata        0x090d05fc       0xe8 ../SimpleSocketServer_bsp/\libucosii_bsp.a(udp.o)
 .rodata        0x090d06e4      0x2d0 ../SimpleSocketServer_bsp/\libucosii_bsp.a(u_mctest.o)
 .rodata        0x090d09b4       0xf8 ../SimpleSocketServer_bsp/\libucosii_bsp.a(dhcsetup.o)
 .rodata        0x090d0aac       0x94 ../SimpleSocketServer_bsp/\libucosii_bsp.a(parseip.o)
 .rodata        0x090d0b40       0x34 ../SimpleSocketServer_bsp/\libucosii_bsp.a(vfsfiles.o)
 .rodata        0x090d0b74      0x318 ../SimpleSocketServer_bsp/\libucosii_bsp.a(icmp.o)
 *(.rodata1)
                0x090d0e8c                . = ALIGN (0x4)
                0x090d0e8c                PROVIDE (__ram_rodata_end, ABSOLUTE (.))
                0x090caef8                PROVIDE (__flash_rodata_start, LOADADDR (.rodata))

.rwdata         0x090d0e8c     0x2134
                0x090d0e8c                PROVIDE (__ram_rwdata_start, ABSOLUTE (.))
                0x090d0e8c                . = ALIGN (0x4)
 *(.got.plt)
 *(.got)
 *(.data1)
 *(.data .data.* .gnu.linkonce.d.*)
 .data          0x090d0e8c        0x0 ../SimpleSocketServer_bsp//obj/HAL/src/crt0.o
 .data          0x090d0e8c        0x0 obj/default/alt_error_handler.o
 .data          0x090d0e8c       0x18 obj/default/iniche_init.o
                0x090d0e8c                ssstask
 .data          0x090d0ea4        0x0 obj/default/led.o
 .data          0x090d0ea4        0x0 obj/default/network_utilities.o
 .data          0x090d0ea4        0x0 obj/default/simple_socket_server.o
 .data          0x090d0ea4      0x120 obj/default/tse_my_system.o
                0x090d0ea4                tse_mac_device
 .data          0x090d0fc4        0x0 c:/programs/altera/13.0sp1/nios2eds/bin/gnu/h-i686-mingw32/bin/../lib/gcc/nios2-elf/4.1.2/../../../../nios2-elf/lib/mhw-mulx\libc.a(lib_a-ctype_.o)
 .data          0x090d0fc4        0x0 c:/programs/altera/13.0sp1/nios2eds/bin/gnu/h-i686-mingw32/bin/../lib/gcc/nios2-elf/4.1.2/../../../../nios2-elf/lib/mhw-mulx\libc.a(lib_a-fprintf.o)
 .data          0x090d0fc4        0x0 c:/programs/altera/13.0sp1/nios2eds/bin/gnu/h-i686-mingw32/bin/../lib/gcc/nios2-elf/4.1.2/../../../../nios2-elf/lib/mhw-mulx\libc.a(lib_a-fwrite.o)
 .data          0x090d0fc4        0x0 c:/programs/altera/13.0sp1/nios2eds/bin/gnu/h-i686-mingw32/bin/../lib/gcc/nios2-elf/4.1.2/../../../../nios2-elf/lib/mhw-mulx\libc.a(lib_a-getc.o)
 .data          0x090d0fc4      0x400 c:/programs/altera/13.0sp1/nios2eds/bin/gnu/h-i686-mingw32/bin/../lib/gcc/nios2-elf/4.1.2/../../../../nios2-elf/lib/mhw-mulx\libc.a(lib_a-impure.o)
 .data          0x090d13c4        0x0 c:/programs/altera/13.0sp1/nios2eds/bin/gnu/h-i686-mingw32/bin/../lib/gcc/nios2-elf/4.1.2/../../../../nios2-elf/lib/mhw-mulx\libc.a(lib_a-memcpy.o)
 .data          0x090d13c4        0x0 c:/programs/altera/13.0sp1/nios2eds/bin/gnu/h-i686-mingw32/bin/../lib/gcc/nios2-elf/4.1.2/../../../../nios2-elf/lib/mhw-mulx\libc.a(lib_a-memmove.o)
 .data          0x090d13c4        0x0 c:/programs/altera/13.0sp1/nios2eds/bin/gnu/h-i686-mingw32/bin/../lib/gcc/nios2-elf/4.1.2/../../../../nios2-elf/lib/mhw-mulx\libc.a(lib_a-memset.o)
 .data          0x090d13c4        0x0 c:/programs/altera/13.0sp1/nios2eds/bin/gnu/h-i686-mingw32/bin/../lib/gcc/nios2-elf/4.1.2/../../../../nios2-elf/lib/mhw-mulx\libc.a(lib_a-perror.o)
 .data          0x090d13c4        0x0 c:/programs/altera/13.0sp1/nios2eds/bin/gnu/h-i686-mingw32/bin/../lib/gcc/nios2-elf/4.1.2/../../../../nios2-elf/lib/mhw-mulx\libc.a(lib_a-printf.o)
 .data          0x090d13c4        0x0 c:/programs/altera/13.0sp1/nios2eds/bin/gnu/h-i686-mingw32/bin/../lib/gcc/nios2-elf/4.1.2/../../../../nios2-elf/lib/mhw-mulx\libc.a(lib_a-putc.o)
 .data          0x090d13c4        0x0 c:/programs/altera/13.0sp1/nios2eds/bin/gnu/h-i686-mingw32/bin/../lib/gcc/nios2-elf/4.1.2/../../../../nios2-elf/lib/mhw-mulx\libc.a(lib_a-putchar.o)
 .data          0x090d13c4        0x0 c:/programs/altera/13.0sp1/nios2eds/bin/gnu/h-i686-mingw32/bin/../lib/gcc/nios2-elf/4.1.2/../../../../nios2-elf/lib/mhw-mulx\libc.a(lib_a-puts.o)
 .data          0x090d13c4        0x0 c:/programs/altera/13.0sp1/nios2eds/bin/gnu/h-i686-mingw32/bin/../lib/gcc/nios2-elf/4.1.2/../../../../nios2-elf/lib/mhw-mulx\libc.a(lib_a-rget.o)
 .data          0x090d13c4        0x0 c:/programs/altera/13.0sp1/nios2eds/bin/gnu/h-i686-mingw32/bin/../lib/gcc/nios2-elf/4.1.2/../../../../nios2-elf/lib/mhw-mulx\libc.a(lib_a-sprintf.o)
 .data          0x090d13c4        0x0 c:/programs/altera/13.0sp1/nios2eds/bin/gnu/h-i686-mingw32/bin/../lib/gcc/nios2-elf/4.1.2/../../../../nios2-elf/lib/mhw-mulx\libc.a(lib_a-strchr.o)
 .data          0x090d13c4        0x0 c:/programs/altera/13.0sp1/nios2eds/bin/gnu/h-i686-mingw32/bin/../lib/gcc/nios2-elf/4.1.2/../../../../nios2-elf/lib/mhw-mulx\libc.a(lib_a-strerror.o)
 .data          0x090d13c4        0x0 c:/programs/altera/13.0sp1/nios2eds/bin/gnu/h-i686-mingw32/bin/../lib/gcc/nios2-elf/4.1.2/../../../../nios2-elf/lib/mhw-mulx\libc.a(lib_a-strlen.o)
 .data          0x090d13c4        0x0 c:/programs/altera/13.0sp1/nios2eds/bin/gnu/h-i686-mingw32/bin/../lib/gcc/nios2-elf/4.1.2/../../../../nios2-elf/lib/mhw-mulx\libc.a(lib_a-u_strerr.o)
 .data          0x090d13c4        0x0 c:/programs/altera/13.0sp1/nios2eds/bin/gnu/h-i686-mingw32/bin/../lib/gcc/nios2-elf/4.1.2/../../../../nios2-elf/lib/mhw-mulx\libc.a(lib_a-vfprintf.o)
 .data          0x090d13c4        0x0 c:/programs/altera/13.0sp1/nios2eds/bin/gnu/h-i686-mingw32/bin/../lib/gcc/nios2-elf/4.1.2/../../../../nios2-elf/lib/mhw-mulx\libc.a(lib_a-wbuf.o)
 .data          0x090d13c4        0x0 c:/programs/altera/13.0sp1/nios2eds/bin/gnu/h-i686-mingw32/bin/../lib/gcc/nios2-elf/4.1.2/../../../../nios2-elf/lib/mhw-mulx\libc.a(lib_a-wsetup.o)
 .data          0x090d13c4        0x0 c:/programs/altera/13.0sp1/nios2eds/bin/gnu/h-i686-mingw32/bin/../lib/gcc/nios2-elf/4.1.2/../../../../nios2-elf/lib/mhw-mulx\libc.a(lib_a-dtoa.o)
 .data          0x090d13c4        0x0 c:/programs/altera/13.0sp1/nios2eds/bin/gnu/h-i686-mingw32/bin/../lib/gcc/nios2-elf/4.1.2/../../../../nios2-elf/lib/mhw-mulx\libc.a(lib_a-fflush.o)
 .data          0x090d13c4        0x0 c:/programs/altera/13.0sp1/nios2eds/bin/gnu/h-i686-mingw32/bin/../lib/gcc/nios2-elf/4.1.2/../../../../nios2-elf/lib/mhw-mulx\libc.a(lib_a-findfp.o)
 .data          0x090d13c4        0x0 c:/programs/altera/13.0sp1/nios2eds/bin/gnu/h-i686-mingw32/bin/../lib/gcc/nios2-elf/4.1.2/../../../../nios2-elf/lib/mhw-mulx\libc.a(lib_a-fputc.o)
 .data          0x090d13c4        0x0 c:/programs/altera/13.0sp1/nios2eds/bin/gnu/h-i686-mingw32/bin/../lib/gcc/nios2-elf/4.1.2/../../../../nios2-elf/lib/mhw-mulx\libc.a(lib_a-fputs.o)
 .data          0x090d13c4        0x0 c:/programs/altera/13.0sp1/nios2eds/bin/gnu/h-i686-mingw32/bin/../lib/gcc/nios2-elf/4.1.2/../../../../nios2-elf/lib/mhw-mulx\libc.a(lib_a-freer.o)
 .data          0x090d13c4        0x0 c:/programs/altera/13.0sp1/nios2eds/bin/gnu/h-i686-mingw32/bin/../lib/gcc/nios2-elf/4.1.2/../../../../nios2-elf/lib/mhw-mulx\libc.a(lib_a-fvwrite.o)
 .data          0x090d13c4        0x0 c:/programs/altera/13.0sp1/nios2eds/bin/gnu/h-i686-mingw32/bin/../lib/gcc/nios2-elf/4.1.2/../../../../nios2-elf/lib/mhw-mulx\libc.a(lib_a-fwalk.o)
 .data          0x090d13c4        0xc c:/programs/altera/13.0sp1/nios2eds/bin/gnu/h-i686-mingw32/bin/../lib/gcc/nios2-elf/4.1.2/../../../../nios2-elf/lib/mhw-mulx\libc.a(lib_a-locale.o)