Archive member included because of file (symbol)

c:/programs/altera/13.0sp1/nios2eds/bin/gnu/h-i686-mingw32/bin/../lib/gcc/nios2-elf/4.1.2/../../../../nios2-elf/lib/mhw-mulx\libc.a(lib_a-fclose.o)
                              obj/default/hello_world.o (fclose)
c:/programs/altera/13.0sp1/nios2eds/bin/gnu/h-i686-mingw32/bin/../lib/gcc/nios2-elf/4.1.2/../../../../nios2-elf/lib/mhw-mulx\libc.a(lib_a-fflush.o)
                              c:/programs/altera/13.0sp1/nios2eds/bin/gnu/h-i686-mingw32/bin/../lib/gcc/nios2-elf/4.1.2/../../../../nios2-elf/lib/mhw-mulx\libc.a(lib_a-fclose.o) (_fflush_r)
c:/programs/altera/13.0sp1/nios2eds/bin/gnu/h-i686-mingw32/bin/../lib/gcc/nios2-elf/4.1.2/../../../../nios2-elf/lib/mhw-mulx\libc.a(lib_a-findfp.o)
                              c:/programs/altera/13.0sp1/nios2eds/bin/gnu/h-i686-mingw32/bin/../lib/gcc/nios2-elf/4.1.2/../../../../nios2-elf/lib/mhw-mulx\libc.a(lib_a-fclose.o) (__sfp_lock_acquire)
c:/programs/altera/13.0sp1/nios2eds/bin/gnu/h-i686-mingw32/bin/../lib/gcc/nios2-elf/4.1.2/../../../../nios2-elf/lib/mhw-mulx\libc.a(lib_a-fopen.o)
                              obj/default/hello_world.o (fopen)
c:/programs/altera/13.0sp1/nios2eds/bin/gnu/h-i686-mingw32/bin/../lib/gcc/nios2-elf/4.1.2/../../../../nios2-elf/lib/mhw-mulx\libc.a(lib_a-freer.o)
                              c:/programs/altera/13.0sp1/nios2eds/bin/gnu/h-i686-mingw32/bin/../lib/gcc/nios2-elf/4.1.2/../../../../nios2-elf/lib/mhw-mulx\libc.a(lib_a-fclose.o) (_free_r)
c:/programs/altera/13.0sp1/nios2eds/bin/gnu/h-i686-mingw32/bin/../lib/gcc/nios2-elf/4.1.2/../../../../nios2-elf/lib/mhw-mulx\libc.a(lib_a-fseek.o)
                              c:/programs/altera/13.0sp1/nios2eds/bin/gnu/h-i686-mingw32/bin/../lib/gcc/nios2-elf/4.1.2/../../../../nios2-elf/lib/mhw-mulx\libc.a(lib_a-fopen.o) (_fseek_r)
c:/programs/altera/13.0sp1/nios2eds/bin/gnu/h-i686-mingw32/bin/../lib/gcc/nios2-elf/4.1.2/../../../../nios2-elf/lib/mhw-mulx\libc.a(lib_a-fstatr.o)
                              c:/programs/altera/13.0sp1/nios2eds/bin/gnu/h-i686-mingw32/bin/../lib/gcc/nios2-elf/4.1.2/../../../../nios2-elf/lib/mhw-mulx\libc.a(lib_a-fseek.o) (_fstat_r)
c:/programs/altera/13.0sp1/nios2eds/bin/gnu/h-i686-mingw32/bin/../lib/gcc/nios2-elf/4.1.2/../../../../nios2-elf/lib/mhw-mulx\libc.a(lib_a-fwalk.o)
                              c:/programs/altera/13.0sp1/nios2eds/bin/gnu/h-i686-mingw32/bin/../lib/gcc/nios2-elf/4.1.2/../../../../nios2-elf/lib/mhw-mulx\libc.a(lib_a-fflush.o) (_fwalk_reent)
c:/programs/altera/13.0sp1/nios2eds/bin/gnu/h-i686-mingw32/bin/../lib/gcc/nios2-elf/4.1.2/../../../../nios2-elf/lib/mhw-mulx\libc.a(lib_a-fwrite.o)
                              obj/default/hello_world.o (fwrite)
c:/programs/altera/13.0sp1/nios2eds/bin/gnu/h-i686-mingw32/bin/../lib/gcc/nios2-elf/4.1.2/../../../../nios2-elf/lib/mhw-mulx\libc.a(lib_a-impure.o)
                              c:/programs/altera/13.0sp1/nios2eds/bin/gnu/h-i686-mingw32/bin/../lib/gcc/nios2-elf/4.1.2/../../../../nios2-elf/lib/mhw-mulx\libc.a(lib_a-fclose.o) (_impure_ptr)
c:/programs/altera/13.0sp1/nios2eds/bin/gnu/h-i686-mingw32/bin/../lib/gcc/nios2-elf/4.1.2/../../../../nios2-elf/lib/mhw-mulx\libc.a(lib_a-int_errno.o)
                              c:/programs/altera/13.0sp1/nios2eds/bin/gnu/h-i686-mingw32/bin/../lib/gcc/nios2-elf/4.1.2/../../../../nios2-elf/lib/mhw-mulx\libc.a(lib_a-fstatr.o) (errno)
c:/programs/altera/13.0sp1/nios2eds/bin/gnu/h-i686-mingw32/bin/../lib/gcc/nios2-elf/4.1.2/../../../../nios2-elf/lib/mhw-mulx\libc.a(lib_a-makebuf.o)
                              c:/programs/altera/13.0sp1/nios2eds/bin/gnu/h-i686-mingw32/bin/../lib/gcc/nios2-elf/4.1.2/../../../../nios2-elf/lib/mhw-mulx\libc.a(lib_a-fseek.o) (__smakebuf_r)
c:/programs/altera/13.0sp1/nios2eds/bin/gnu/h-i686-mingw32/bin/../lib/gcc/nios2-elf/4.1.2/../../../../nios2-elf/lib/mhw-mulx\libc.a(lib_a-mallocr.o)
                              c:/programs/altera/13.0sp1/nios2eds/bin/gnu/h-i686-mingw32/bin/../lib/gcc/nios2-elf/4.1.2/../../../../nios2-elf/lib/mhw-mulx\libc.a(lib_a-findfp.o) (_malloc_r)
c:/programs/altera/13.0sp1/nios2eds/bin/gnu/h-i686-mingw32/bin/../lib/gcc/nios2-elf/4.1.2/../../../../nios2-elf/lib/mhw-mulx\libc.a(lib_a-memset.o)
                              c:/programs/altera/13.0sp1/nios2eds/bin/gnu/h-i686-mingw32/bin/../lib/gcc/nios2-elf/4.1.2/../../../../nios2-elf/lib/mhw-mulx\libc.a(lib_a-findfp.o) (memset)
c:/programs/altera/13.0sp1/nios2eds/bin/gnu/h-i686-mingw32/bin/../lib/gcc/nios2-elf/4.1.2/../../../../nios2-elf/lib/mhw-mulx\libc.a(lib_a-openr.o)
                              c:/programs/altera/13.0sp1/nios2eds/bin/gnu/h-i686-mingw32/bin/../lib/gcc/nios2-elf/4.1.2/../../../../nios2-elf/lib/mhw-mulx\libc.a(lib_a-fopen.o) (_open_r)
c:/programs/altera/13.0sp1/nios2eds/bin/gnu/h-i686-mingw32/bin/../lib/gcc/nios2-elf/4.1.2/../../../../nios2-elf/lib/mhw-mulx\libc.a(lib_a-puts.o)
                              obj/default/hello_world.o (puts)
[...]
Memory Configuration

Name             Origin             Length             Attributes
ext_flash_BEFORE_RESET 0x04000000         0x02020000
reset            0x06020000         0x00000020
ext_flash        0x06020020         0x01fdffe0
onchip_SRAM_BEFORE_EXCEPTION 0x09080000         0x00000120
onchip_SRAM      0x09080120         0x0007fee0
descriptor_memory 0x09100000         0x00002000
*default*        0x00000000         0xffffffff

Linker script and memory map

LOAD ../HelloWorld_bsp//obj/HAL/src/crt0.o
LOAD obj/default/hello_world.o
LOAD c:/programs/altera/13.0sp1/nios2eds/bin/gnu/h-i686-mingw32/bin/../lib/gcc/nios2-elf/4.1.2/../../../../nios2-elf/lib/mhw-mulx\libstdc++.a
LOAD c:/programs/altera/13.0sp1/nios2eds/bin/gnu/h-i686-mingw32/bin/../lib/gcc/nios2-elf/4.1.2/../../../../nios2-elf/lib/mhw-mulx\libm.a
LOAD c:/programs/altera/13.0sp1/nios2eds/bin/gnu/h-i686-mingw32/bin/../lib/gcc/nios2-elf/4.1.2/mhw-mulx\libgcc.a
START GROUP
LOAD c:/programs/altera/13.0sp1/nios2eds/bin/gnu/h-i686-mingw32/bin/../lib/gcc/nios2-elf/4.1.2/../../../../nios2-elf/lib/mhw-mulx\libc.a
LOAD c:/programs/altera/13.0sp1/nios2eds/bin/gnu/h-i686-mingw32/bin/../lib/gcc/nios2-elf/4.1.2/mhw-mulx\libgcc.a
LOAD ../HelloWorld_bsp/\libhal_bsp.a
END GROUP
LOAD c:/programs/altera/13.0sp1/nios2eds/bin/gnu/h-i686-mingw32/bin/../lib/gcc/nios2-elf/4.1.2/mhw-mulx\libgcc.a
                0x04000000                __alt_mem_ext_flash = 0x4000000
                0x09080000                __alt_mem_onchip_SRAM = 0x9080000
                0x09100000                __alt_mem_descriptor_memory = 0x9100000

.entry          0x06020000        0x0
 *(.entry)
 .entry         0x06020000        0x0 ../HelloWorld_bsp//obj/HAL/src/crt0.o
                0x06020000                __reset

.exceptions     0x09080120      0x194
                0x09080120                PROVIDE (__ram_exceptions_start, ABSOLUTE (.))
                0x09080120                . = ALIGN (0x20)
 *(.irq)
 *(.exceptions.entry.label)
 .exceptions.entry.label
                0x09080120        0x0 ../HelloWorld_bsp/\libhal_bsp.a(alt_irq_entry.o)
                0x09080120                alt_irq_entry
 .exceptions.entry.label
                0x09080120        0x0 ../HelloWorld_bsp/\libhal_bsp.a(alt_exception_entry.o)
                0x09080120                alt_exception
 *(.exceptions.entry.user)
 *(.exceptions.entry)
 .exceptions.entry
                0x09080120       0x54 ../HelloWorld_bsp/\libhal_bsp.a(alt_exception_entry.o)
 *(.exceptions.irqtest.user)
 *(.exceptions.irqtest)
 .exceptions.irqtest
                0x09080174       0x10 ../HelloWorld_bsp/\libhal_bsp.a(alt_irq_entry.o)
 *(.exceptions.irqhandler.user)
 *(.exceptions.irqhandler)
 .exceptions.irqhandler
                0x09080184        0x4 ../HelloWorld_bsp/\libhal_bsp.a(alt_irq_entry.o)
 *(.exceptions.irqreturn.user)
 *(.exceptions.irqreturn)
 .exceptions.irqreturn
                0x09080188        0x4 ../HelloWorld_bsp/\libhal_bsp.a(alt_irq_entry.o)
 *(.exceptions.notirq.label)
 .exceptions.notirq.label
                0x0908018c        0x0 ../HelloWorld_bsp/\libhal_bsp.a(alt_irq_entry.o)
 *(.exceptions.notirq.user)
 *(.exceptions.notirq)
 .exceptions.notirq
                0x0908018c        0x8 ../HelloWorld_bsp/\libhal_bsp.a(alt_exception_entry.o)
 *(.exceptions.soft.user)
 *(.exceptions.soft)
 *(.exceptions.unknown.user)
 *(.exceptions.unknown)
 .exceptions.unknown
                0x09080194        0x4 ../HelloWorld_bsp/\libhal_bsp.a(alt_exception_entry.o)
 *(.exceptions.exit.label)
 .exceptions.exit.label
                0x09080198        0x0 ../HelloWorld_bsp/\libhal_bsp.a(alt_irq_entry.o)
 .exceptions.exit.label
                0x09080198        0x0 ../HelloWorld_bsp/\libhal_bsp.a(alt_exception_entry.o)
 *(.exceptions.exit.user)
 *(.exceptions.exit)
 .exceptions.exit
                0x09080198       0x54 ../HelloWorld_bsp/\libhal_bsp.a(alt_exception_entry.o)
 *(.exceptions)
 .exceptions    0x090801ec       0xc8 ../HelloWorld_bsp/\libhal_bsp.a(alt_irq_handler.o)
                0x090801ec                alt_irq_handler
                0x090802b4                PROVIDE (__ram_exceptions_end, ABSOLUTE (.))
                0x09080120                PROVIDE (__flash_exceptions_start, LOADADDR (.exceptions))

.text           0x090802b4     0xa3b8
                0x090802b4                PROVIDE (stext, ABSOLUTE (.))
 *(.interp)
 *(.hash)
 *(.dynsym)
 *(.dynstr)
 *(.gnu.version)
 *(.gnu.version_d)
 *(.gnu.version_r)
 *(.rel.init)
 *(.rela.init)
 *(.rel.text .rel.text.* .rel.gnu.linkonce.t.*)
 *(.rela.text .rela.text.* .rela.gnu.linkonce.t.*)
 *(.rel.fini)
 *(.rela.fini)
 *(.rel.rodata .rel.rodata.* .rel.gnu.linkonce.r.*)
 *(.rela.rodata .rela.rodata.* .rela.gnu.linkonce.r.*)
 *(.rel.data .rel.data.* .rel.gnu.linkonce.d.*)
 *(.rela.data .rela.data.* .rela.gnu.linkonce.d.*)
 *(.rel.tdata .rel.tdata.* .rel.gnu.linkonce.td.*)
 *(.rela.tdata .rela.tdata.* .rela.gnu.linkonce.td.*)
 *(.rel.tbss .rel.tbss.* .rel.gnu.linkonce.tb.*)
 *(.rela.tbss .rela.tbss.* .rela.gnu.linkonce.tb.*)
 *(.rel.ctors)
 *(.rela.ctors)
 *(.rel.dtors)
 *(.rela.dtors)
 *(.rel.got)
 *(.rela.got)
 *(.rel.sdata .rel.sdata.* .rel.gnu.linkonce.s.*)
 *(.rela.sdata .rela.sdata.* .rela.gnu.linkonce.s.*)
 *(.rel.sbss .rel.sbss.* .rel.gnu.linkonce.sb.*)
 *(.rela.sbss .rela.sbss.* .rela.gnu.linkonce.sb.*)
 *(.rel.sdata2 .rel.sdata2.* .rel.gnu.linkonce.s2.*)
 *(.rela.sdata2 .rela.sdata2.* .rela.gnu.linkonce.s2.*)
 *(.rel.sbss2 .rel.sbss2.* .rel.gnu.linkonce.sb2.*)
 *(.rela.sbss2 .rela.sbss2.* .rela.gnu.linkonce.sb2.*)
 *(.rel.bss .rel.bss.* .rel.gnu.linkonce.b.*)
 *(.rela.bss .rela.bss.* .rela.gnu.linkonce.b.*)
 *(.rel.plt)
 *(.rela.plt)
 *(.rel.dyn)
 *(.init)
 *(.plt)
 *(.text .stub .text.* .gnu.linkonce.t.*)
 .text          0x090802b4       0x48 ../HelloWorld_bsp//obj/HAL/src/crt0.o
                0x090802b4                _start
 .text          0x090802fc       0x80 obj/default/hello_world.o
                0x090802fc                main
 .text          0x0908037c      0x124 c:/programs/altera/13.0sp1/nios2eds/bin/gnu/h-i686-mingw32/bin/../lib/gcc/nios2-elf/4.1.2/../../../../nios2-elf/lib/mhw-mulx\libc.a(lib_a-fclose.o)
                0x0908037c                _fclose_r
                0x0908048c                fclose
 .text          0x090804a0      0x230 c:/programs/altera/13.0sp1/nios2eds/bin/gnu/h-i686-mingw32/bin/../lib/gcc/nios2-elf/4.1.2/../../../../nios2-elf/lib/mhw-mulx\libc.a(lib_a-fflush.o)
                0x090804a0                _fflush_r
                0x0908069c                fflush
 .text          0x090806d0      0x2c0 c:/programs/altera/13.0sp1/nios2eds/bin/gnu/h-i686-mingw32/bin/../lib/gcc/nios2-elf/4.1.2/../../../../nios2-elf/lib/mhw-mulx\libc.a(lib_a-findfp.o)
                0x09080728                __sfp_lock_acquire
                0x0908072c                __sfp_lock_release
                0x09080730                __sinit_lock_acquire
                0x09080734                __sinit_lock_release
                0x09080738                __sinit
                0x090807ec                __fp_unlock_all
                0x09080804                __fp_lock_all
                0x0908081c                _cleanup_r
                0x09080828                _cleanup
                0x09080838                __sfmoreglue
                0x090808a0                __sfp
 .text          0x09080990      0x110 c:/programs/altera/13.0sp1/nios2eds/bin/gnu/h-i686-mingw32/bin/../lib/gcc/nios2-elf/4.1.2/../../../../nios2-elf/lib/mhw-mulx\libc.a(lib_a-fopen.o)
                0x09080990                _fopen_r
                0x09080a84                fopen
 .text          0x09080aa0      0x440 c:/programs/altera/13.0sp1/nios2eds/bin/gnu/h-i686-mingw32/bin/../lib/gcc/nios2-elf/4.1.2/../../../../nios2-elf/lib/mhw-mulx\libc.a(lib_a-freer.o)
                0x09080aa0                _malloc_trim_r
                0x09080bcc                _free_r
 .text          0x09080ee0      0x460 c:/programs/altera/13.0sp1/nios2eds/bin/gnu/h-i686-mingw32/bin/../lib/gcc/nios2-elf/4.1.2/../../../../nios2-elf/lib/mhw-mulx\libc.a(lib_a-fseek.o)
                0x09080ee0                _fseek_r
                0x0908131c                fseek
 .text          0x09081340       0x74 c:/programs/altera/13.0sp1/nios2eds/bin/gnu/h-i686-mingw32/bin/../lib/gcc/nios2-elf/4.1.2/../../../../nios2-elf/lib/mhw-mulx\libc.a(lib_a-fstatr.o)
                0x09081340                _fstat_r
 .text          0x090813b4      0x180 c:/programs/altera/13.0sp1/nios2eds/bin/gnu/h-i686-mingw32/bin/../lib/gcc/nios2-elf/4.1.2/../../../../nios2-elf/lib/mhw-mulx\libc.a(lib_a-fwalk.o)
                0x090813b4                _fwalk_reent
                0x0908147c                _fwalk
 .text          0x09081534       0xdc c:/programs/altera/13.0sp1/nios2eds/bin/gnu/h-i686-mingw32/bin/../lib/gcc/nios2-elf/4.1.2/../../../../nios2-elf/lib/mhw-mulx\libc.a(lib_a-fwrite.o)
                0x09081534                _fwrite_r
                0x090815d0                fwrite
 .text          0x09081610        0x0 c:/programs/altera/13.0sp1/nios2eds/bin/gnu/h-i686-mingw32/bin/../lib/gcc/nios2-elf/4.1.2/../../../../nios2-elf/lib/mhw-mulx\libc.a(lib_a-impure.o)
 .text          0x09081610        0x0 c:/programs/altera/13.0sp1/nios2eds/bin/gnu/h-i686-mingw32/bin/../lib/gcc/nios2-elf/4.1.2/../../../../nios2-elf/lib/mhw-mulx\libc.a(lib_a-int_errno.o)
 .text          0x09081610      0x194 c:/programs/altera/13.0sp1/nios2eds/bin/gnu/h-i686-mingw32/bin/../lib/gcc/nios2-elf/4.1.2/../../../../nios2-elf/lib/mhw-mulx\libc.a(lib_a-makebuf.o)
                0x09081610                __smakebuf_r
 .text          0x090817a4      0x740 c:/programs/altera/13.0sp1/nios2eds/bin/gnu/h-i686-mingw32/bin/../lib/gcc/nios2-elf/4.1.2/../../../../nios2-elf/lib/mhw-mulx\libc.a(lib_a-mallocr.o)
                0x090817a4                _malloc_r
 .text          0x09081ee4       0x98 c:/programs/altera/13.0sp1/nios2eds/bin/gnu/h-i686-mingw32/bin/../lib/gcc/nios2-elf/4.1.2/../../../../nios2-elf/lib/mhw-mulx\libc.a(lib_a-memset.o)
                0x09081ee4                memset
 .text          0x09081f7c       0x78 c:/programs/altera/13.0sp1/nios2eds/bin/gnu/h-i686-mingw32/bin/../lib/gcc/nios2-elf/4.1.2/../../../../nios2-elf/lib/mhw-mulx\libc.a(lib_a-openr.o)
                0x09081f7c                _open_r
 .text          0x09081ff4       0xb4 c:/programs/altera/13.0sp1/nios2eds/bin/gnu/h-i686-mingw32/bin/../lib/gcc/nios2-elf/4.1.2/../../../../nios2-elf/lib/mhw-mulx\libc.a(lib_a-puts.o)
                0x09081ff4                _puts_r
                0x09082094                puts
 .text          0x090820a8      0x1e0 c:/programs/altera/13.0sp1/nios2eds/bin/gnu/h-i686-mingw32/bin/../lib/gcc/nios2-elf/4.1.2/../../../../nios2-elf/lib/mhw-mulx\libc.a(lib_a-refill.o)
                0x090820a8                __srefill_r
 .text          0x09082288       0x70 c:/programs/altera/13.0sp1/nios2eds/bin/gnu/h-i686-mingw32/bin/../lib/gcc/nios2-elf/4.1.2/../../../../nios2-elf/lib/mhw-mulx\libc.a(lib_a-sbrkr.o)
                0x09082288                _sbrk_r
 .text          0x090822f8      0x14c c:/programs/altera/13.0sp1/nios2eds/bin/gnu/h-i686-mingw32/bin/../lib/gcc/nios2-elf/4.1.2/../../../../nios2-elf/lib/mhw-mulx\libc.a(lib_a-stdio.o)
                0x090822f8                __sclose
                0x09082300                __sseek
                0x09082368                __swrite
                0x090823e4                __sread
 .text          0x09082444       0x74 c:/programs/altera/13.0sp1/nios2eds/bin/gnu/h-i686-mingw32/bin/../lib/gcc/nios2-elf/4.1.2/../../../../nios2-elf/lib/mhw-mulx\libc.a(lib_a-strlen.o)
                0x09082444                strlen
 .text          0x090824b8       0x78 c:/programs/altera/13.0sp1/nios2eds/bin/gnu/h-i686-mingw32/bin/../lib/gcc/nios2-elf/4.1.2/../../../../nios2-elf/lib/mhw-mulx\libc.a(lib_a-writer.o)
                0x090824b8                _write_r
 .text          0x09082530       0x70 c:/programs/altera/13.0sp1/nios2eds/bin/gnu/h-i686-mingw32/bin/../lib/gcc/nios2-elf/4.1.2/../../../../nios2-elf/lib/mhw-mulx\libc.a(lib_a-closer.o)
                0x09082530                _close_r
 .text          0x090825a0       0xa0 c:/programs/altera/13.0sp1/nios2eds/bin/gnu/h-i686-mingw32/bin/../lib/gcc/nios2-elf/4.1.2/../../../../nios2-elf/lib/mhw-mulx\libc.a(lib_a-flags.o)
                0x090825a0                __sflags
 .text          0x09082640      0x49c c:/programs/altera/13.0sp1/nios2eds/bin/gnu/h-i686-mingw32/bin/../lib/gcc/nios2-elf/4.1.2/../../../../nios2-elf/lib/mhw-mulx\libc.a(lib_a-fvwrite.o)
                0x09082640                __sfvwrite_r
 .text          0x09082adc       0x70 c:/programs/altera/13.0sp1/nios2eds/bin/gnu/h-i686-mingw32/bin/../lib/gcc/nios2-elf/4.1.2/../../../../nios2-elf/lib/mhw-mulx\libc.a(lib_a-isattyr.o)
                0x09082adc                _isatty_r
 .text          0x09082b4c       0x78 c:/programs/altera/13.0sp1/nios2eds/bin/gnu/h-i686-mingw32/bin/../lib/gcc/nios2-elf/4.1.2/../../../../nios2-elf/lib/mhw-mulx\libc.a(lib_a-lseekr.o)
                0x09082b4c                _lseek_r
 .text          0x09082bc4       0xe4 c:/programs/altera/13.0sp1/nios2eds/bin/gnu/h-i686-mingw32/bin/../lib/gcc/nios2-elf/4.1.2/../../../../nios2-elf/lib/mhw-mulx\libc.a(lib_a-memchr.o)
                0x09082bc4                memchr
 .text          0x09082ca8       0xa0 c:/programs/altera/13.0sp1/nios2eds/bin/gnu/h-i686-mingw32/bin/../lib/gcc/nios2-elf/4.1.2/../../../../nios2-elf/lib/mhw-mulx\libc.a(lib_a-memcpy.o)
                0x09082ca8                memcpy
 .text          0x09082d48       0xe0 c:/programs/altera/13.0sp1/nios2eds/bin/gnu/h-i686-mingw32/bin/../lib/gcc/nios2-elf/4.1.2/../../../../nios2-elf/lib/mhw-mulx\libc.a(lib_a-memmove.o)
                0x09082d48                memmove
 .text          0x09082e28       0x78 c:/programs/altera/13.0sp1/nios2eds/bin/gnu/h-i686-mingw32/bin/../lib/gcc/nios2-elf/4.1.2/../../../../nios2-elf/lib/mhw-mulx\libc.a(lib_a-readr.o)
                0x09082e28                _read_r
 .text          0x09082ea0      0x5f4 c:/programs/altera/13.0sp1/nios2eds/bin/gnu/h-i686-mingw32/bin/../lib/gcc/nios2-elf/4.1.2/../../../../nios2-elf/lib/mhw-mulx\libc.a(lib_a-reallocr.o)
                0x09082ea0                _realloc_r
 .text          0x09083494      0x13c c:/programs/altera/13.0sp1/nios2eds/bin/gnu/h-i686-mingw32/bin/../lib/gcc/nios2-elf/4.1.2/../../../../nios2-elf/lib/mhw-mulx\libc.a(lib_a-wsetup.o)
                0x09083494                __swsetup_r
 .text          0x090835d0      0x14c c:/programs/altera/13.0sp1/nios2eds/bin/gnu/h-i686-mingw32/bin/../lib/gcc/nios2-elf/4.1.2/mhw-mulx\libgcc.a(lib2-divmod.o)
                0x0908364c                __divsi3
                0x090836ac                __modsi3
                0x0908370c                __udivsi3
                0x09083714                __umodsi3
 .text          0x0908371c      0x15c ../HelloWorld_bsp/\libhal_bsp.a(alt_close.o)
                0x0908371c                close
 .text          0x09083878       0x2c ../HelloWorld_bsp/\libhal_bsp.a(alt_dev.o)
 .text          0x090838a4        0x0 ../HelloWorld_bsp/\libhal_bsp.a(alt_errno.o)
 .text          0x090838a4      0x134 ../HelloWorld_bsp/\libhal_bsp.a(alt_fstat.o)
                0x090838a4                fstat
 .text          0x090839d8      0x120 ../HelloWorld_bsp/\libhal_bsp.a(alt_isatty.o)
                0x090839d8                isatty
 .text          0x09083af8      0x150 ../HelloWorld_bsp/\libhal_bsp.a(alt_lseek.o)
                0x09083af8                lseek
 .text          0x09083c48       0x6c ../HelloWorld_bsp/\libhal_bsp.a(alt_main.o)
                0x09083c48                alt_main
 .text          0x09083cb4       0x40 ../HelloWorld_bsp/\libhal_bsp.a(alt_malloc_lock.o)
                0x09083cb4                __malloc_lock
                0x09083cd4                __malloc_unlock
 .text          0x09083cf4      0x2c4 ../HelloWorld_bsp/\libhal_bsp.a(alt_open.o)
                0x09083dd0                open
 .text          0x09083fb8      0x180 ../HelloWorld_bsp/\libhal_bsp.a(alt_read.o)
                0x09083fb8                read
 .text          0x09084138       0x60 ../HelloWorld_bsp/\libhal_bsp.a(alt_release_fd.o)
                0x09084138                alt_release_fd
 .text          0x09084198       0xbc ../HelloWorld_bsp/\libhal_bsp.a(alt_sbrk.o)
                0x09084198                sbrk
 .text          0x09084254      0x180 ../HelloWorld_bsp/\libhal_bsp.a(alt_write.o)
                0x09084254                write
 .text          0x090843d4      0x120 ../HelloWorld_bsp/\libhal_bsp.a(alt_sys_init.o)
                0x090843d4                alt_irq_init
                0x09084408                alt_sys_init
 .text          0x090844f4      0x8d8 ../HelloWorld_bsp/\libhal_bsp.a(altera_avalon_cfi_flash.o)
                0x090844f4                alt_flash_cfi_init
                0x090845c8                alt_flash_cfi_write
                0x09084888                alt_flash_cfi_get_info
                0x09084918                alt_flash_cfi_read
                0x09084980                alt_write_value_to_flash
                0x09084ae4                alt_flash_program_block
 .text          0x09084dcc     0x14a8 ../HelloWorld_bsp/\libhal_bsp.a(altera_avalon_cfi_flash_table.o)
                0x09084dcc                alt_read_query_entry_8bit
                0x09084e0c                alt_read_query_entry_16bit
                0x09084e50                alt_read_query_entry_32bit
                0x09084e98                alt_write_flash_command_8bit_device_8bit_mode
                0x09084ed4                alt_write_flash_command_16bit_device_8bit_mode
                0x09084f50                alt_write_flash_command_32bit_device_8bit_mode
                0x09084f98                alt_write_flash_command_16bit_device_16bit_mode
                0x09084fdc                alt_write_flash_command_32bit_device_16bit_mode
                0x09085024                alt_write_flash_command_32bit_device_32bit_mode
                0x0908506c                alt_write_native_8bit
                0x090850a0                alt_write_native_16bit
                0x090850d4                alt_write_native_32bit
                0x09085104                alt_set_flash_width_func
                0x090852e4                alt_set_flash_algorithm_func
                0x0908540c                alt_read_cfi_table
                0x090859ec                alt_read_cfi_width
                0x09086198                alt_check_primary_table
 .text          0x09086274      0x148 ../HelloWorld_bsp/\libhal_bsp.a(altera_avalon_jtag_uart_fd.o)
                0x09086274                altera_avalon_jtag_uart_read_fd
                0x090862cc                altera_avalon_jtag_uart_write_fd
                0x09086324                altera_avalon_jtag_uart_close_fd
                0x0908636c                altera_avalon_jtag_uart_ioctl_fd
 .text          0x090863bc      0x40c ../HelloWorld_bsp/\libhal_bsp.a(altera_avalon_jtag_uart_init.o)
                0x090863bc                altera_avalon_jtag_uart_init
                0x09086754                altera_avalon_jtag_uart_close
 .text          0x090867c8       0xf4 ../HelloWorld_bsp/\libhal_bsp.a(altera_avalon_jtag_uart_ioctl.o)
                0x090867c8                altera_avalon_jtag_uart_ioctl
 .text          0x090868bc      0x224 ../HelloWorld_bsp/\libhal_bsp.a(altera_avalon_jtag_uart_read.o)
                0x090868bc                altera_avalon_jtag_uart_read
 .text          0x09086ae0      0x240 ../HelloWorld_bsp/\libhal_bsp.a(altera_avalon_jtag_uart_write.o)
                0x09086ae0                altera_avalon_jtag_uart_write
 .text          0x09086d20      0xef8 ../HelloWorld_bsp/\libhal_bsp.a(altera_avalon_lcd_16207.o)
                0x090874f4                altera_avalon_lcd_16207_write
                0x09087ac4                altera_avalon_lcd_16207_init
 .text          0x09087c18       0x58 ../HelloWorld_bsp/\libhal_bsp.a(altera_avalon_lcd_16207_fd.o)
                0x09087c18                altera_avalon_lcd_16207_write_fd
 .text          0x09087c70      0xde4 ../HelloWorld_bsp/\libhal_bsp.a(altera_avalon_sgdma.o)
                0x09087c70                alt_avalon_sgdma_do_async_transfer
                0x09087dac                alt_avalon_sgdma_do_sync_transfer
                0x09087ed0                alt_avalon_sgdma_construct_mem_to_mem_desc
                0x09087f40                alt_avalon_sgdma_construct_mem_to_mem_desc_burst
                0x09087fc0                alt_avalon_sgdma_construct_stream_to_mem_desc
                0x09088014                alt_avalon_sgdma_construct_stream_to_mem_desc_burst
                0x09088084                alt_avalon_sgdma_construct_mem_to_stream_desc
                0x090880f8                alt_avalon_sgdma_construct_mem_to_stream_desc_burst
                0x0908817c                alt_avalon_sgdma_register_callback
                0x090881cc                alt_avalon_sgdma_start
                0x09088220                alt_avalon_sgdma_stop
                0x09088278                alt_avalon_sgdma_check_descriptor_status
                0x090882e8                alt_avalon_sgdma_open
                0x090883a0                alt_avalon_sgdma_construct_descriptor
                0x09088428                alt_avalon_sgdma_enable_desc_poll
                0x090884a4                alt_avalon_sgdma_disable_desc_poll
                0x09088500                alt_avalon_sgdma_construct_descriptor_burst
                0x090889a8                alt_avalon_sgdma_init
 .text          0x09088a54      0x100 ../HelloWorld_bsp/\libhal_bsp.a(altera_avalon_timer_sc.o)
                0x09088ac4                alt_avalon_timer_sc_init
 .text          0x09088b54      0x154 ../HelloWorld_bsp/\libhal_bsp.a(alt_alarm_start.o)
                0x09088b54                alt_alarm_start
 .text          0x09088ca8       0x78 ../HelloWorld_bsp/\libhal_bsp.a(alt_dcache_flush.o)
                0x09088ca8                alt_dcache_flush
 .text          0x09088d20      0x114 ../HelloWorld_bsp/\libhal_bsp.a(alt_dev_llist_insert.o)
                0x09088d20                alt_dev_llist_insert
 .text          0x09088e34       0x64 ../HelloWorld_bsp/\libhal_bsp.a(alt_do_ctors.o)
                0x09088e34                _do_ctors
 .text          0x09088e98       0x64 ../HelloWorld_bsp/\libhal_bsp.a(alt_do_dtors.o)
                0x09088e98                _do_dtors
 .text          0x09088efc       0x94 ../HelloWorld_bsp/\libhal_bsp.a(alt_find_dev.o)
                0x09088efc                alt_find_dev
 .text          0x09088f90      0x120 ../HelloWorld_bsp/\libhal_bsp.a(alt_find_file.o)
                0x09088f90                alt_find_file
 .text          0x090890b0       0xd0 ../HelloWorld_bsp/\libhal_bsp.a(alt_flash_dev.o)
                0x090890b0                alt_flash_open_dev
                0x0908912c                alt_flash_close_dev
 .text          0x09089180       0xb8 ../HelloWorld_bsp/\libhal_bsp.a(alt_get_fd.o)
                0x09089180                alt_get_fd
 .text          0x09089238      0x1d4 ../HelloWorld_bsp/\libhal_bsp.a(alt_iic.o)
                0x09089238                alt_ic_isr_register
                0x09089288                alt_ic_irq_enable
                0x09089324                alt_ic_irq_disable
                0x090893c4                alt_ic_irq_enabled
 .text          0x0908940c       0xf8 ../HelloWorld_bsp/\libhal_bsp.a(alt_iic_isr_register.o)
                0x0908940c                alt_iic_isr_register
 .text          0x09089504      0x13c ../HelloWorld_bsp/\libhal_bsp.a(alt_io_redirect.o)
                0x090895c8                alt_io_redirect
 .text          0x09089640        0x0 ../HelloWorld_bsp/\libhal_bsp.a(alt_irq_entry.o)
 .text          0x09089640        0x0 ../HelloWorld_bsp/\libhal_bsp.a(alt_irq_handler.o)
 .text          0x09089640        0x0 ../HelloWorld_bsp/\libhal_bsp.a(alt_irq_vars.o)
 .text          0x09089640       0x40 ../HelloWorld_bsp/\libhal_bsp.a(alt_remap_uncached.o)
                0x09089640                alt_remap_uncached
 .text          0x09089680      0x1a4 ../HelloWorld_bsp/\libhal_bsp.a(alt_tick.o)
                0x09089680                alt_alarm_stop
                0x09089718                alt_tick
 .text          0x09089824       0x30 ../HelloWorld_bsp/\libhal_bsp.a(alt_usleep.o)
                0x09089824                usleep
 .text          0x09089854       0x20 ../HelloWorld_bsp/\libhal_bsp.a(altera_nios2_qsys_irq.o)
                0x09089854                altera_nios2_qsys_irq_init
 .text          0x09089874      0x460 ../HelloWorld_bsp/\libhal_bsp.a(altera_avalon_cfi_flash_amd.o)
                0x09089874                alt_program_amd
                0x090898dc                alt_erase_block_amd
 .text          0x09089cd4      0x460 ../HelloWorld_bsp/\libhal_bsp.a(altera_avalon_cfi_flash_intel.o)
                0x09089cd4                alt_program_intel
                0x09089d58                alt_erase_block_intel
 .text          0x0908a134      0x12c ../HelloWorld_bsp/\libhal_bsp.a(alt_busy_sleep.o)
                0x0908a134                alt_busy_sleep
 .text          0x0908a260        0x0 ../HelloWorld_bsp/\libhal_bsp.a(alt_exception_entry.o)
 .text          0x0908a260       0x14 c:/programs/altera/13.0sp1/nios2eds/bin/gnu/h-i686-mingw32/bin/../lib/gcc/nios2-elf/4.1.2/../../../../nios2-elf/lib/mhw-mulx\libc.a(lib_a-atexit.o)
                0x0908a260                atexit
 .text          0x0908a274        0x0 c:/programs/altera/13.0sp1/nios2eds/bin/gnu/h-i686-mingw32/bin/../lib/gcc/nios2-elf/4.1.2/../../../../nios2-elf/lib/mhw-mulx\libc.a(lib_a-ctype_.o)
 .text          0x0908a274       0x38 c:/programs/altera/13.0sp1/nios2eds/bin/gnu/h-i686-mingw32/bin/../lib/gcc/nios2-elf/4.1.2/../../../../nios2-elf/lib/mhw-mulx\libc.a(lib_a-exit.o)
                0x0908a274                exit
 .text          0x0908a2ac       0x74 c:/programs/altera/13.0sp1/nios2eds/bin/gnu/h-i686-mingw32/bin/../lib/gcc/nios2-elf/4.1.2/../../../../nios2-elf/lib/mhw-mulx\libc.a(lib_a-memcmp.o)
                0x0908a2ac                memcmp
 .text          0x0908a320      0x134 c:/programs/altera/13.0sp1/nios2eds/bin/gnu/h-i686-mingw32/bin/../lib/gcc/nios2-elf/4.1.2/../../../../nios2-elf/lib/mhw-mulx\libc.a(lib_a-__atexit.o)
                0x0908a320                __register_exitproc
 .text          0x0908a454      0x1b4 c:/programs/altera/13.0sp1/nios2eds/bin/gnu/h-i686-mingw32/bin/../lib/gcc/nios2-elf/4.1.2/../../../../nios2-elf/lib/mhw-mulx\libc.a(lib_a-__call_atexit.o)
                0x0908a458                __call_exitprocs
 .text          0x0908a608       0x60 ../HelloWorld_bsp/\libhal_bsp.a(alt_exit.o)
                0x0908a648                _exit
 *(.gnu.warning.*)
 *(.fini)
                0x0908a668                PROVIDE (__etext, ABSOLUTE (.))
                0x0908a668                PROVIDE (_etext, ABSOLUTE (.))
                0x0908a668                PROVIDE (etext, ABSOLUTE (.))
 *(.eh_frame_hdr)
                0x0908a668                . = ALIGN (0x4)
                0x0908a668                PROVIDE (__preinit_array_start, ABSOLUTE (.))
 *(.preinit_array)
                0x0908a668                PROVIDE (__preinit_array_end, ABSOLUTE (.))
                0x0908a668                PROVIDE (__init_array_start, ABSOLUTE (.))
 *(.init_array)
                0x0908a668                PROVIDE (__init_array_end, ABSOLUTE (.))
                0x0908a668                PROVIDE (__fini_array_start, ABSOLUTE (.))
 *(.fini_array)
                0x0908a668                PROVIDE (__fini_array_end, ABSOLUTE (.))
 *(.eh_frame)
 *(.gcc_except_table)
 *(.dynamic)
                0x0908a668                PROVIDE (__CTOR_LIST__, ABSOLUTE (.))
 *(.ctors)
 *(SORT(.ctors.*))
 .ctors.65535   0x0908a668        0x4 c:/programs/altera/13.0sp1/nios2eds/bin/gnu/h-i686-mingw32/bin/../lib/gcc/nios2-elf/4.1.2/../../../../nios2-elf/lib/mhw-mulx\libc.a(lib_a-__call_atexit.o)
                0x0908a66c                PROVIDE (__CTOR_END__, ABSOLUTE (.))
                0x0908a66c                PROVIDE (__DTOR_LIST__, ABSOLUTE (.))
 *(.dtors)
 *(SORT(.dtors.*))
                0x0908a66c                PROVIDE (__DTOR_END__, ABSOLUTE (.))
 *(.jcr)
                0x0908a66c                . = ALIGN (0x4)

.rodata         0x0908a66c      0x318
                0x0908a66c                PROVIDE (__ram_rodata_start, ABSOLUTE (.))
                0x0908a66c                . = ALIGN (0x4)
 *(.rodata .rodata.* .gnu.linkonce.r.*)
 .rodata        0x0908a66c       0x24 obj/default/hello_world.o
 .rodata.str1.4
                0x0908a690        0x2 c:/programs/altera/13.0sp1/nios2eds/bin/gnu/h-i686-mingw32/bin/../lib/gcc/nios2-elf/4.1.2/../../../../nios2-elf/lib/mhw-mulx\libc.a(lib_a-impure.o)
                                  0x4 (size before relaxing)
 *fill*         0x0908a692        0x2 00
 .rodata.str1.4
                0x0908a694        0x4 c:/programs/altera/13.0sp1/nios2eds/bin/gnu/h-i686-mingw32/bin/../lib/gcc/nios2-elf/4.1.2/../../../../nios2-elf/lib/mhw-mulx\libc.a(lib_a-puts.o)
 .rodata        0x0908a698        0xc ../HelloWorld_bsp/\libhal_bsp.a(alt_dev.o)
 .rodata        0x0908a6a4       0x10 ../HelloWorld_bsp/\libhal_bsp.a(alt_main.o)
 .rodata        0x0908a6b4       0x4c ../HelloWorld_bsp/\libhal_bsp.a(alt_sys_init.o)
 .rodata        0x0908a700      0x281 c:/programs/altera/13.0sp1/nios2eds/bin/gnu/h-i686-mingw32/bin/../lib/gcc/nios2-elf/4.1.2/../../../../nios2-elf/lib/mhw-mulx\libc.a(lib_a-ctype_.o)
                0x0908a700                _ctype_
 *(.rodata1)
                0x0908a984                . = ALIGN (0x4)
 *fill*         0x0908a981        0x3 00
                0x0908a984                PROVIDE (__ram_rodata_end, ABSOLUTE (.))
                0x0908a66c                PROVIDE (__flash_rodata_start, LOADADDR (.rodata))

.rwdata         0x0908a984     0x1cb8
                0x0908a984                PROVIDE (__ram_rwdata_start, ABSOLUTE (.))
                0x0908a984                . = ALIGN (0x4)
 *(.got.plt)
 *(.got)
 *(.data1)
 *(.data .data.* .gnu.linkonce.d.*)
 .data          0x0908a984        0x0 ../HelloWorld_bsp//obj/HAL/src/crt0.o
 .data          0x0908a984        0x0 obj/default/hello_world.o
 .data          0x0908a984        0x0 c:/programs/altera/13.0sp1/nios2eds/bin/gnu/h-i686-mingw32/bin/../lib/gcc/nios2-elf/4.1.2/../../../../nios2-elf/lib/mhw-mulx\libc.a(lib_a-fclose.o)
 .data          0x0908a984        0x0 c:/programs/altera/13.0sp1/nios2eds/bin/gnu/h-i686-mingw32/bin/../lib/gcc/nios2-elf/4.1.2/../../../../nios2-elf/lib/mhw-mulx\libc.a(lib_a-fflush.o)
 .data          0x0908a984        0x0 c:/programs/altera/13.0sp1/nios2eds/bin/gnu/h-i686-mingw32/bin/../lib/gcc/nios2-elf/4.1.2/../../../../nios2-elf/lib/mhw-mulx\libc.a(lib_a-findfp.o)
 .data          0x0908a984        0x0 c:/programs/altera/13.0sp1/nios2eds/bin/gnu/h-i686-mingw32/bin/../lib/gcc/nios2-elf/4.1.2/../../../../nios2-elf/lib/mhw-mulx\libc.a(lib_a-fopen.o)
 .data          0x0908a984        0x0 c:/programs/altera/13.0sp1/nios2eds/bin/gnu/h-i686-mingw32/bin/../lib/gcc/nios2-elf/4.1.2/../../../../nios2-elf/lib/mhw-mulx\libc.a(lib_a-freer.o)
 .data          0x0908a984        0x0 c:/programs/altera/13.0sp1/nios2eds/bin/gnu/h-i686-mingw32/bin/../lib/gcc/nios2-elf/4.1.2/../../../../nios2-elf/lib/mhw-mulx\libc.a(lib_a-fseek.o)
 .data          0x0908a984        0x0 c:/programs/altera/13.0sp1/nios2eds/bin/gnu/h-i686-mingw32/bin/../lib/gcc/nios2-elf/4.1.2/../../../../nios2-elf/lib/mhw-mulx\libc.a(lib_a-fstatr.o)
 .data          0x0908a984        0x0 c:/programs/altera/13.0sp1/nios2eds/bin/gnu/h-i686-mingw32/bin/../lib/gcc/nios2-elf/4.1.2/../../../../nios2-elf/lib/mhw-mulx\libc.a(lib_a-fwalk.o)
 .data          0x0908a984        0x0 c:/programs/altera/13.0sp1/nios2eds/bin/gnu/h-i686-mingw32/bin/../lib/gcc/nios2-elf/4.1.2/../../../../nios2-elf/lib/mhw-mulx\libc.a(lib_a-fwrite.o)
 .data          0x0908a984      0x400 c:/programs/altera/13.0sp1/nios2eds/bin/gnu/h-i686-mingw32/bin/../lib/gcc/nios2-elf/4.1.2/../../../../nios2-elf/lib/mhw-mulx\libc.a(lib_a-impure.o)
 .data          0x0908ad84        0x0 c:/programs/altera/13.0sp1/nios2eds/bin/gnu/h-i686-mingw32/bin/../lib/gcc/nios2-elf/4.1.2/../../../../nios2-elf/lib/mhw-mulx\libc.a(lib_a-int_errno.o)
 .data          0x0908ad84        0x0 c:/programs/altera/13.0sp1/nios2eds/bin/gnu/h-i686-mingw32/bin/../lib/gcc/nios2-elf/4.1.2/../../../../nios2-elf/lib/mhw-mulx\libc.a(lib_a-makebuf.o)
 .data          0x0908ad84      0x408 c:/programs/altera/13.0sp1/nios2eds/bin/gnu/h-i686-mingw32/bin/../lib/gcc/nios2-elf/4.1.2/../../../../nios2-elf/lib/mhw-mulx\libc.a(lib_a-mallocr.o)
                0x0908ad84                __malloc_av_
 .data          0x0908b18c        0x0 c:/programs/altera/13.0sp1/nios2eds/bin/gnu/h-i686-mingw32/bin/../lib/gcc/nios2-elf/4.1.2/../../../../nios2-elf/lib/mhw-mulx\libc.a(lib_a-memset.o)
 .data          0x0908b18c        0x0 c:/programs/altera/13.0sp1/nios2eds/bin/gnu/h-i686-mingw32/bin/../lib/gcc/nios2-elf/4.1.2/../../../../nios2-elf/lib/mhw-mulx\libc.a(lib_a-openr.o)
 .data          0x0908b18c        0x0 c:/programs/altera/13.0sp1/nios2eds/bin/gnu/h-i686-mingw32/bin/../lib/gcc/nios2-elf/4.1.2/../../../../nios2-elf/lib/mhw-mulx\libc.a(lib_a-puts.o)
 .data          0x0908b18c        0x0 c:/programs/altera/13.0sp1/nios2eds/bin/gnu/h-i686-mingw32/bin/../lib/gcc/nios2-elf/4.1.2/../../../../nios2-elf/lib/mhw-mulx\libc.a(lib_a-refill.o)
 .data          0x0908b18c        0x0 c:/programs/altera/13.0sp1/nios2eds/bin/gnu/h-i686-mingw32/bin/../lib/gcc/nios2-elf/4.1.2/../../../../nios2-elf/lib/mhw-mulx\libc.a(lib_a-sbrkr.o)
 .data          0x0908b18c        0x0 c:/programs/altera/13.0sp1/nios2eds/bin/gnu/h-i686-mingw32/bin/../lib/gcc/nios2-elf/4.1.2/../../../../nios2-elf/lib/mhw-mulx\libc.a(lib_a-stdio.o)
 .data          0x0908b18c        0x0 c:/programs/altera/13.0sp1/nios2eds/bin/gnu/h-i686-mingw32/bin/../lib/gcc/nios2-elf/4.1.2/../../../../nios2-elf/lib/mhw-mulx\libc.a(lib_a-strlen.o)
 .data          0x0908b18c        0x0 c:/programs/altera/13.0sp1/nios2eds/bin/gnu/h-i686-mingw32/bin/../lib/gcc/nios2-elf/4.1.2/../../../../nios2-elf/lib/mhw-mulx\libc.a(lib_a-writer.o)
 .data          0x0908b18c        0x0 c:/programs/altera/13.0sp1/nios2eds/bin/gnu/h-i686-mingw32/bin/../lib/gcc/nios2-elf/4.1.2/../../../../nios2-elf/lib/mhw-mulx\libc.a(lib_a-closer.o)
 .data          0x0908b18c        0x0 c:/programs/altera/13.0sp1/nios2eds/bin/gnu/h-i686-mingw32/bin/../lib/gcc/nios2-elf/4.1.2/../../../../nios2-elf/lib/mhw-mulx\libc.a(lib_a-flags.o)
 .data          0x0908b18c        0x0 c:/programs/altera/13.0sp1/nios2eds/bin/gnu/h-i686-mingw32/bin/../lib/gcc/nios2-elf/4.1.2/../../../../nios2-elf/lib/mhw-mulx\libc.a(lib_a-fvwrite.o)
 .data          0x0908b18c        0x0 c:/programs/altera/13.0sp1/nios2eds/bin/gnu/h-i686-mingw32/bin/../lib/gcc/nios2-elf/4.1.2/../../../../nios2-elf/lib/mhw-mulx\libc.a(lib_a-isattyr.o)
 .data          0x0908b18c        0x0 c:/programs/altera/13.0sp1/nios2eds/bin/gnu/h-i686-mingw32/bin/../lib/gcc/nios2-elf/4.1.2/../../../../nios2-elf/lib/mhw-mulx\libc.a(lib_a-lseekr.o)
 .data          0x0908b18c        0x0 c:/programs/altera/13.0sp1/nios2eds/bin/gnu/h-i686-mingw32/bin/../lib/gcc/nios2-elf/4.1.2/../../../../nios2-elf/lib/mhw-mulx\libc.a(lib_a-memchr.o)
 .data          0x0908b18c        0x0 c:/programs/altera/13.0sp1/nios2eds/bin/gnu/h-i686-mingw32/bin/../lib/gcc/nios2-elf/4.1.2/../../../../nios2-elf/lib/mhw-mulx\libc.a(lib_a-memcpy.o)
 .data          0x0908b18c        0x0 c:/programs/altera/13.0sp1/nios2eds/bin/gnu/h-i686-mingw32/bin/../lib/gcc/nios2-elf/4.1.2/../../../../nios2-elf/lib/mhw-mulx\libc.a(lib_a-memmove.o)
 .data          0x0908b18c        0x0 c:/programs/altera/13.0sp1/nios2eds/bin/gnu/h-i686-mingw32/bin/../lib/gcc/nios2-elf/4.1.2/../../../../nios2-elf/lib/mhw-mulx\libc.a(lib_a-readr.o)
 .data          0x0908b18c        0x0 c:/programs/altera/13.0sp1/nios2eds/bin/gnu/h-i686-mingw32/bin/../lib/gcc/nios2-elf/4.1.2/../../../../nios2-elf/lib/mhw-mulx\libc.a(lib_a-reallocr.o)
 .data          0x0908b18c        0x0 c:/programs/altera/13.0sp1/nios2eds/bin/gnu/h-i686-mingw32/bin/../lib/gcc/nios2-elf/4.1.2/../../../../nios2-elf/lib/mhw-mulx\libc.a(lib_a-wsetup.o)
 .data          0x0908b18c        0x0 c:/programs/altera/13.0sp1/nios2eds/bin/gnu/h-i686-mingw32/bin/../lib/gcc/nios2-elf/4.1.2/mhw-mulx\libgcc.a(lib2-divmod.o)
 .data          0x0908b18c        0x0 ../HelloWorld_bsp/\libhal_bsp.a(alt_close.o)
 .data          0x0908b18c      0x1a8 ../HelloWorld_bsp/\libhal_bsp.a(alt_dev.o)
                0x0908b18c                alt_dev_null
                0x0908b1b4                alt_fd_list
 .data          0x0908b334        0x0 ../HelloWorld_bsp/\libhal_bsp.a(alt_errno.o)
 .data          0x0908b334        0x0 ../HelloWorld_bsp/\libhal_bsp.a(alt_fstat.o)
 .data          0x0908b334        0x0 ../HelloWorld_bsp/\libhal_bsp.a(alt_isatty.o)
 .data          0x0908b334        0x0 ../HelloWorld_bsp/\libhal_bsp.a(alt_lseek.o)
 .data          0x0908b334        0x0 ../HelloWorld_bsp/\libhal_bsp.a(alt_main.o)
 .data          0x0908b334        0x0 ../HelloWorld_bsp/\libhal_bsp.a(alt_malloc_lock.o)
 .data          0x0908b334        0x0 ../HelloWorld_bsp/\libhal_bsp.a(alt_open.o)
 .data          0x0908b334        0x0 ../HelloWorld_bsp/\libhal_bsp.a(alt_read.o)
 .data          0x0908b334        0x0 ../HelloWorld_bsp/\libhal_bsp.a(alt_release_fd.o)
 .data          0x0908b334        0x0 ../HelloWorld_bsp/\libhal_bsp.a(alt_sbrk.o)
 .data          0x0908b334        0x0 ../HelloWorld_bsp/\libhal_bsp.a(alt_write.o)
 .data          0x0908b334     0x12b8 ../HelloWorld_bsp/\libhal_bsp.a(alt_sys_init.o)
 .data          0x0908c5ec        0x0 ../HelloWorld_bsp/\libhal_bsp.a(altera_avalon_cfi_flash.o)
 .data          0x0908c5ec        0x0 ../HelloWorld_bsp/\libhal_bsp.a(altera_avalon_cfi_flash_table.o)
 .data          0x0908c5ec        0x0 ../HelloWorld_bsp/\libhal_bsp.a(altera_avalon_jtag_uart_fd.o)
 .data          0x0908c5ec        0x0 ../HelloWorld_bsp/\libhal_bsp.a(altera_avalon_jtag_uart_init.o)
 .data          0x0908c5ec        0x0 ../HelloWorld_bsp/\libhal_bsp.a(altera_avalon_jtag_uart_ioctl.o)
 .data          0x0908c5ec        0x0 ../HelloWorld_bsp/\libhal_bsp.a(altera_avalon_jtag_uart_read.o)
 .data          0x0908c5ec        0x0 ../HelloWorld_bsp/\libhal_bsp.a(altera_avalon_jtag_uart_write.o)
 .data          0x0908c5ec        0x0 ../HelloWorld_bsp/\libhal_bsp.a(altera_avalon_lcd_16207.o)
 .data          0x0908c5ec        0x0 ../HelloWorld_bsp/\libhal_bsp.a(altera_avalon_lcd_16207_fd.o)
 .data          0x0908c5ec        0x0 ../HelloWorld_bsp/\libhal_bsp.a(altera_avalon_sgdma.o)
 .data          0x0908c5ec        0x0 ../HelloWorld_bsp/\libhal_bsp.a(altera_avalon_timer_sc.o)
 .data          0x0908c5ec        0x0 ../HelloWorld_bsp/\libhal_bsp.a(alt_alarm_start.o)
 .data          0x0908c5ec        0x0 ../HelloWorld_bsp/\libhal_bsp.a(alt_dcache_flush.o)
 .data          0x0908c5ec        0x0 ../HelloWorld_bsp/\libhal_bsp.a(alt_dev_llist_insert.o)
 .data          0x0908c5ec        0x0 ../HelloWorld_bsp/\libhal_bsp.a(alt_do_ctors.o)
 .data          0x0908c5ec        0x0 ../HelloWorld_bsp/\libhal_bsp.a(alt_do_dtors.o)
 .data          0x0908c5ec        0x0 ../HelloWorld_bsp/\libhal_bsp.a(alt_find_dev.o)
 .data          0x0908c5ec        0x0 ../HelloWorld_bsp/\libhal_bsp.a(alt_find_file.o)
 .data          0x0908c5ec        0x0 ../HelloWorld_bsp/\libhal_bsp.a(alt_flash_dev.o)
 .data          0x0908c5ec        0x0 ../HelloWorld_bsp/\libhal_bsp.a(alt_get_fd.o)
 .data          0x0908c5ec        0x0 ../HelloWorld_bsp/\libhal_bsp.a(alt_iic.o)
 .data          0x0908c5ec        0x0 ../HelloWorld_bsp/\libhal_bsp.a(alt_iic_isr_register.o)
 .data          0x0908c5ec        0x0 ../HelloWorld_bsp/\libhal_bsp.a(alt_io_redirect.o)
 .data          0x0908c5ec        0x0 ../HelloWorld_bsp/\libhal_bsp.a(alt_irq_entry.o)
 .data          0x0908c5ec        0x0 ../HelloWorld_bsp/\libhal_bsp.a(alt_irq_handler.o)
 .data          0x0908c5ec        0x0 ../HelloWorld_bsp/\libhal_bsp.a(alt_irq_vars.o)
 .data          0x0908c5ec        0x0 ../HelloWorld_bsp/\libhal_bsp.a(alt_remap_uncached.o)
 .data          0x0908c5ec        0x0 ../HelloWorld_bsp/\libhal_bsp.a(alt_tick.o)
 .data          0x0908c5ec        0x0 ../HelloWorld_bsp/\libhal_bsp.a(alt_usleep.o)
 .data          0x0908c5ec        0x0 ../HelloWorld_bsp/\libhal_bsp.a(altera_nios2_qsys_irq.o)
 .data          0x0908c5ec        0x0 ../HelloWorld_bsp/\libhal_bsp.a(altera_avalon_cfi_flash_amd.o)
 .data          0x0908c5ec        0x0 ../HelloWorld_bsp/\libhal_bsp.a(altera_avalon_cfi_flash_intel.o)
 .data          0x0908c5ec        0x0 ../HelloWorld_bsp/\libhal_bsp.a(alt_busy_sleep.o)
 .data          0x0908c5ec        0x0 ../HelloWorld_bsp/\libhal_bsp.a(alt_exception_entry.o)
 .data          0x0908c5ec        0x0 c:/programs/altera/13.0sp1/nios2eds/bin/gnu/h-i686-mingw32/bin/../lib/gcc/nios2-elf/4.1.2/../../../../nios2-elf/lib/mhw-mulx\libc.a(lib_a-atexit.o)
 .data          0x0908c5ec        0x0 c:/programs/altera/13.0sp1/nios2eds/bin/gnu/h-i686-mingw32/bin/../lib/gcc/nios2-elf/4.1.2/../../../../nios2-elf/lib/mhw-mulx\libc.a(lib_a-ctype_.o)
 .data          0x0908c5ec        0x0 c:/programs/altera/13.0sp1/nios2eds/bin/gnu/h-i686-mingw32/bin/../lib/gcc/nios2-elf/4.1.2/../../../../nios2-elf/lib/mhw-mulx\libc.a(lib_a-exit.o)
 .data          0x0908c5ec        0x0 c:/programs/altera/13.0sp1/nios2eds/bin/gnu/h-i686-mingw32/bin/../lib/gcc/nios2-elf/4.1.2/../../../../nios2-elf/lib/mhw-mulx\libc.a(lib_a-memcmp.o)
 .data          0x0908c5ec        0x0 c:/programs/altera/13.0sp1/nios2eds/bin/gnu/h-i686-mingw32/bin/../lib/gcc/nios2-elf/4.1.2/../../../../nios2-elf/lib/mhw-mulx\libc.a(lib_a-__atexit.o)
 .data          0x0908c5ec        0x0 c:/programs/altera/13.0sp1/nios2eds/bin/gnu/h-i686-mingw32/bin/../lib/gcc/nios2-elf/4.1.2/../../../../nios2-elf/lib/mhw-mulx\libc.a(lib_a-__call_atexit.o)
 .data          0x0908c5ec        0x0 ../HelloWorld_bsp/\libhal_bsp.a(alt_exit.o)
                0x090945ec                _gp = ABSOLUTE ((. + 0x8000))
                0x090945ec                PROVIDE (gp, _gp)
 *(.rwdata .rwdata.*)
 *(.sdata .sdata.* .gnu.linkonce.s.*)
 .sdata         0x0908c5ec        0x8 c:/programs/altera/13.0sp1/nios2eds/bin/gnu/h-i686-mingw32/bin/../lib/gcc/nios2-elf/4.1.2/../../../../nios2-elf/lib/mhw-mulx\libc.a(lib_a-impure.o)
                0x0908c5ec                _impure_ptr
                0x0908c5f0                _global_impure_ptr
 .sdata         0x0908c5f4        0x8 c:/programs/altera/13.0sp1/nios2eds/bin/gnu/h-i686-mingw32/bin/../lib/gcc/nios2-elf/4.1.2/../../../../nios2-elf/lib/mhw-mulx\libc.a(lib_a-mallocr.o)
                0x0908c5f4                __malloc_trim_threshold
                0x0908c5f8                __malloc_sbrk_base
 .sdata         0x0908c5fc       0x14 ../HelloWorld_bsp/\libhal_bsp.a(alt_dev.o)
                0x0908c5fc                alt_fs_list
                0x0908c604                alt_dev_list
                0x0908c60c                alt_max_fd
 .sdata         0x0908c610        0x4 ../HelloWorld_bsp/\libhal_bsp.a(alt_errno.o)
                0x0908c610                alt_errno
 .sdata         0x0908c614        0x4 ../HelloWorld_bsp/\libhal_bsp.a(alt_sbrk.o)
 .sdata         0x0908c618        0x4 ../HelloWorld_bsp/\libhal_bsp.a(altera_avalon_lcd_16207.o)
 .sdata         0x0908c61c        0x8 ../HelloWorld_bsp/\libhal_bsp.a(altera_avalon_sgdma.o)
                0x0908c61c                alt_sgdma_list
 .sdata         0x0908c624        0x8 ../HelloWorld_bsp/\libhal_bsp.a(alt_flash_dev.o)
                0x0908c624                alt_flash_dev_list
 .sdata         0x0908c62c        0x4 ../HelloWorld_bsp/\libhal_bsp.a(alt_irq_vars.o)
                0x0908c62c                alt_priority_mask
 .sdata         0x0908c630        0x8 ../HelloWorld_bsp/\libhal_bsp.a(alt_tick.o)
                0x0908c630                alt_alarm_list
 .sdata         0x0908c638        0x4 c:/programs/altera/13.0sp1/nios2eds/bin/gnu/h-i686-mingw32/bin/../lib/gcc/nios2-elf/4.1.2/../../../../nios2-elf/lib/mhw-mulx\libc.a(lib_a-ctype_.o)
                0x0908c638                __ctype_ptr
 *(.sdata2 .sdata2.* .gnu.linkonce.s2.*)
                0x0908c63c                . = ALIGN (0x4)
                0x0908c63c                _edata = ABSOLUTE (.)
                0x0908c63c                PROVIDE (edata, ABSOLUTE (.))
                0x0908c63c                PROVIDE (__ram_rwdata_end, ABSOLUTE (.))
                0x0908a984                PROVIDE (__flash_rwdata_start, LOADADDR (.rwdata))

.bss            0x0908c63c      0x2e0
                0x0908c63c                __bss_start = ABSOLUTE (.)
                0x0908c63c                PROVIDE (__sbss_start, ABSOLUTE (.))
                0x0908c63c                PROVIDE (___sbss_start, ABSOLUTE (.))
 *(.dynsbss)
 *(.sbss .sbss.* .gnu.linkonce.sb.*)
 .sbss          0x0908c63c        0x4 c:/programs/altera/13.0sp1/nios2eds/bin/gnu/h-i686-mingw32/bin/../lib/gcc/nios2-elf/4.1.2/../../../../nios2-elf/lib/mhw-mulx\libc.a(lib_a-int_errno.o)
                0x0908c63c                errno
 .sbss          0x0908c640        0xc c:/programs/altera/13.0sp1/nios2eds/bin/gnu/h-i686-mingw32/bin/../lib/gcc/nios2-elf/4.1.2/../../../../nios2-elf/lib/mhw-mulx\libc.a(lib_a-mallocr.o)
                0x0908c640                __malloc_top_pad
                0x0908c644                __malloc_max_sbrked_mem
                0x0908c648                __malloc_max_total_mem
 .sbss          0x0908c64c        0xc ../HelloWorld_bsp/\libhal_bsp.a(alt_main.o)
                0x0908c64c                alt_argc
                0x0908c650                alt_argv
                0x0908c654                alt_envp
 .sbss          0x0908c658        0x4 ../HelloWorld_bsp/\libhal_bsp.a(alt_irq_vars.o)
                0x0908c658                alt_irq_active
 .sbss          0x0908c65c        0x8 ../HelloWorld_bsp/\libhal_bsp.a(alt_tick.o)
                0x0908c65c                _alt_tick_rate
                0x0908c660                _alt_nticks
 *(.sbss2 .sbss2.* .gnu.linkonce.sb2.*)
 *(.scommon)
                0x0908c664                PROVIDE (__sbss_end, ABSOLUTE (.))
                0x0908c664                PROVIDE (___sbss_end, ABSOLUTE (.))
 *(.dynbss)
 *(.bss .bss.* .gnu.linkonce.b.*)
 .bss           0x0908c664        0x0 ../HelloWorld_bsp//obj/HAL/src/crt0.o
 .bss           0x0908c664        0x0 obj/default/hello_world.o
 .bss           0x0908c664        0x0 c:/programs/altera/13.0sp1/nios2eds/bin/gnu/h-i686-mingw32/bin/../lib/gcc/nios2-elf/4.1.2/../../../../nios2-elf/lib/mhw-mulx\libc.a(lib_a-fclose.o)
 .bss           0x0908c664        0x0 c:/programs/altera/13.0sp1/nios2eds/bin/gnu/h-i686-mingw32/bin/../lib/gcc/nios2-elf/4.1.2/../../../../nios2-elf/lib/mhw-mulx\libc.a(lib_a-fflush.o)
 .bss           0x0908c664        0x0 c:/programs/altera/13.0sp1/nios2eds/bin/gnu/h-i686-mingw32/bin/../lib/gcc/nios2-elf/4.1.2/../../../../nios2-elf/lib/mhw-mulx\libc.a(lib_a-findfp.o)
 .bss           0x0908c664        0x0 c:/programs/altera/13.0sp1/nios2eds/bin/gnu/h-i686-mingw32/bin/../lib/gcc/nios2-elf/4.1.2/../../../../nios2-elf/lib/mhw-mulx\libc.a(lib_a-fopen.o)
 .bss           0x0908c664        0x0 c:/programs/altera/13.0sp1/nios2eds/bin/gnu/h-i686-mingw32/bin/../lib/gcc/nios2-elf/4.1.2/../../../../nios2-elf/lib/mhw-mulx\libc.a(lib_a-freer.o)
 .bss           0x0908c664        0x0 c:/programs/altera/13.0sp1/nios2eds/bin/gnu/h-i686-mingw32/bin/../lib/gcc/nios2-elf/4.1.2/../../../../nios2-elf/lib/mhw-mulx\libc.a(lib_a-fseek.o)
 .bss           0x0908c664        0x0 c:/programs/altera/13.0sp1/nios2eds/bin/gnu/h-i686-mingw32/bin/../lib/gcc/nios2-elf/4.1.2/../../../../nios2-elf/lib/mhw-mulx\libc.a(lib_a-fstatr.o)
 .bss           0x0908c664        0x0 c:/programs/altera/13.0sp1/nios2eds/bin/gnu/h-i686-mingw32/bin/../lib/gcc/nios2-elf/4.1.2/../../../../nios2-elf/lib/mhw-mulx\libc.a(lib_a-fwalk.o)
 .bss           0x0908c664        0x0 c:/programs/altera/13.0sp1/nios2eds/bin/gnu/h-i686-mingw32/bin/../lib/gcc/nios2-elf/4.1.2/../../../../nios2-elf/lib/mhw-mulx\libc.a(lib_a-fwrite.o)
 .bss           0x0908c664        0x0 c:/programs/altera/13.0sp1/nios2eds/bin/gnu/h-i686-mingw32/bin/../lib/gcc/nios2-elf/4.1.2/../../../../nios2-elf/lib/mhw-mulx\libc.a(lib_a-impure.o)
 .bss           0x0908c664        0x0 c:/programs/altera/13.0sp1/nios2eds/bin/gnu/h-i686-mingw32/bin/../lib/gcc/nios2-elf/4.1.2/../../../../nios2-elf/lib/mhw-mulx\libc.a(lib_a-int_errno.o)
 .bss           0x0908c664        0x0 c:/programs/altera/13.0sp1/nios2eds/bin/gnu/h-i686-mingw32/bin/../lib/gcc/nios2-elf/4.1.2/../../../../nios2-elf/lib/mhw-mulx\libc.a(lib_a-makebuf.o)
 .bss           0x0908c664       0x28 c:/programs/altera/13.0sp1/nios2eds/bin/gnu/h-i686-mingw32/bin/../lib/gcc/nios2-elf/4.1.2/../../../../nios2-elf/lib/mhw-mulx\libc.a(lib_a-mallocr.o)
                0x0908c664                __malloc_current_mallinfo
 .bss           0x0908c68c        0x0 c:/programs/altera/13.0sp1/nios2eds/bin/gnu/h-i686-mingw32/bin/../lib/gcc/nios2-elf/4.1.2/../../../../nios2-elf/lib/mhw-mulx\libc.a(lib_a-memset.o)
 .bss           0x0908c68c        0x0 c:/programs/altera/13.0sp1/nios2eds/bin/gnu/h-i686-mingw32/bin/../lib/gcc/nios2-elf/4.1.2/../../../../nios2-elf/lib/mhw-mulx\libc.a(lib_a-openr.o)
 .bss           0x0908c68c        0x0 c:/programs/altera/13.0sp1/nios2eds/bin/gnu/h-i686-mingw32/bin/../lib/gcc/nios2-elf/4.1.2/../../../../nios2-elf/lib/mhw-mulx\libc.a(lib_a-puts.o)
 .bss           0x0908c68c        0x0 c:/programs/altera/13.0sp1/nios2eds/bin/gnu/h-i686-mingw32/bin/../lib/gcc/nios2-elf/4.1.2/../../../../nios2-elf/lib/mhw-mulx\libc.a(lib_a-refill.o)
 .bss           0x0908c68c        0x0 c:/programs/altera/13.0sp1/nios2eds/bin/gnu/h-i686-mingw32/bin/../lib/gcc/nios2-elf/4.1.2/../../../../nios2-elf/lib/mhw-mulx\libc.a(lib_a-sbrkr.o)
 .bss           0x0908c68c        0x0 c:/programs/altera/13.0sp1/nios2eds/bin/gnu/h-i686-mingw32/bin/../lib/gcc/nios2-elf/4.1.2/../../../../nios2-elf/lib/mhw-mulx\libc.a(lib_a-stdio.o)
 .bss           0x0908c68c        0x0 c:/programs/altera/13.0sp1/nios2eds/bin/gnu/h-i686-mingw32/bin/../lib/gcc/nios2-elf/4.1.2/../../../../nios2-elf/lib/mhw-mulx\libc.a(lib_a-strlen.o)
 .bss           0x0908c68c        0x0 c:/programs/altera/13.0sp1/nios2eds/bin/gnu/h-i686-mingw32/bin/../lib/gcc/nios2-elf/4.1.2/../../../../nios2-elf/lib/mhw-mulx\libc.a(lib_a-writer.o)
 .bss           0x0908c68c        0x0 c:/programs/altera/13.0sp1/nios2eds/bin/gnu/h-i686-mingw32/bin/../lib/gcc/nios2-elf/4.1.2/../../../../nios2-elf/lib/mhw-mulx\libc.a(lib_a-closer.o)
 .bss           0x0908c68c        0x0 c:/programs/altera/13.0sp1/nios2eds/bin/gnu/h-i686-mingw32/bin/../lib/gcc/nios2-elf/4.1.2/../../../../nios2-elf/lib/mhw-mulx\libc.a(lib_a-flags.o)
 .bss           0x0908c68c        0x0 c:/programs/altera/13.0sp1/nios2eds/bin/gnu/h-i686-mingw32/bin/../lib/gcc/nios2-elf/4.1.2/../../../../nios2-elf/lib/mhw-mulx\libc.a(lib_a-fvwrite.o)
 .bss           0x0908c68c        0x0 c:/programs/altera/13.0sp1/nios2eds/bin/gnu/h-i686-mingw32/bin/../lib/gcc/nios2-elf/4.1.2/../../../../nios2-elf/lib/mhw-mulx\libc.a(lib_a-isattyr.o)
 .bss           0x0908c68c        0x0 c:/programs/altera/13.0sp1/nios2eds/bin/gnu/h-i686-mingw32/bin/../lib/gcc/nios2-elf/4.1.2/../../../../nios2-elf/lib/mhw-mulx\libc.a(lib_a-lseekr.o)
 .bss           0x0908c68c        0x0 c:/programs/altera/13.0sp1/nios2eds/bin/gnu/h-i686-mingw32/bin/../lib/gcc/nios2-elf/4.1.2/../../../../nios2-elf/lib/mhw-mulx\libc.a(lib_a-memchr.o)
 .bss           0x0908c68c        0x0 c:/programs/altera/13.0sp1/nios2eds/bin/gnu/h-i686-mingw32/bin/../lib/gcc/nios2-elf/4.1.2/../../../../nios2-elf/lib/mhw-mulx\libc.a(lib_a-memcpy.o)
 .bss           0x0908c68c        0x0 c:/programs/altera/13.0sp1/nios2eds/bin/gnu/h-i686-mingw32/bin/../lib/gcc/nios2-elf/4.1.2/../../../../nios2-elf/lib/mhw-mulx\libc.a(lib_a-memmove.o)
 .bss           0x0908c68c        0x0 c:/programs/altera/13.0sp1/nios2eds/bin/gnu/h-i686-mingw32/bin/../lib/gcc/nios2-elf/4.1.2/../../../../nios2-elf/lib/mhw-mulx\libc.a(lib_a-readr.o)
 .bss           0x0908c68c        0x0 c:/programs/altera/13.0sp1/nios2eds/bin/gnu/h-i686-mingw32/bin/../lib/gcc/nios2-elf/4.1.2/../../../../nios2-elf/lib/mhw-mulx\libc.a(lib_a-reallocr.o)
 .bss           0x0908c68c        0x0 c:/programs/altera/13.0sp1/nios2eds/bin/gnu/h-i686-mingw32/bin/../lib/gcc/nios2-elf/4.1.2/../../../../nios2-elf/lib/mhw-mulx\libc.a(lib_a-wsetup.o)
 .bss           0x0908c68c        0x0 c:/programs/altera/13.0sp1/nios2eds/bin/gnu/h-i686-mingw32/bin/../lib/gcc/nios2-elf/4.1.2/mhw-mulx\libgcc.a(lib2-divmod.o)
 .bss           0x0908c68c        0x0 ../HelloWorld_bsp/\libhal_bsp.a(alt_close.o)
 .bss           0x0908c68c        0x0 ../HelloWorld_bsp/\libhal_bsp.a(alt_dev.o)
 .bss           0x0908c68c        0x0 ../HelloWorld_bsp/\libhal_bsp.a(alt_errno.o)
 .bss           0x0908c68c        0x0 ../HelloWorld_bsp/\libhal_bsp.a(alt_fstat.o)
 .bss           0x0908c68c        0x0 ../HelloWorld_bsp/\libhal_bsp.a(alt_isatty.o)
 .bss           0x0908c68c        0x0 ../HelloWorld_bsp/\libhal_bsp.a(alt_lseek.o)
 .bss           0x0908c68c        0x0 ../HelloWorld_bsp/\libhal_bsp.a(alt_main.o)
 .bss           0x0908c68c        0x0 ../HelloWorld_bsp/\libhal_bsp.a(alt_malloc_lock.o)
 .bss           0x0908c68c        0x0 ../HelloWorld_bsp/\libhal_bsp.a(alt_open.o)
 .bss           0x0908c68c        0x0 ../HelloWorld_bsp/\libhal_bsp.a(alt_read.o)
 .bss           0x0908c68c        0x0 ../HelloWorld_bsp/\libhal_bsp.a(alt_release_fd.o)
 .bss           0x0908c68c        0x0 ../HelloWorld_bsp/\libhal_bsp.a(alt_sbrk.o)
 .bss           0x0908c68c        0x0 ../HelloWorld_bsp/\libhal_bsp.a(alt_write.o)
 .bss           0x0908c68c        0x0 ../HelloWorld_bsp/\libhal_bsp.a(alt_sys_init.o)
 .bss           0x0908c68c        0x0 ../HelloWorld_bsp/\libhal_bsp.a(altera_avalon_cfi_flash.o)
 .bss           0x0908c68c        0x0 ../HelloWorld_bsp/\libhal_bsp.a(altera_avalon_cfi_flash_table.o)
 .bss           0x0908c68c        0x0 ../HelloWorld_bsp/\libhal_bsp.a(altera_avalon_jtag_uart_fd.o)
 .bss           0x0908c68c        0x0 ../HelloWorld_bsp/\libhal_bsp.a(altera_avalon_jtag_uart_init.o)
 .bss           0x0908c68c        0x0 ../HelloWorld_bsp/\libhal_bsp.a(altera_avalon_jtag_uart_ioctl.o)
 .bss           0x0908c68c        0x0 ../HelloWorld_bsp/\libhal_bsp.a(altera_avalon_jtag_uart_read.o)
 .bss           0x0908c68c        0x0 ../HelloWorld_bsp/\libhal_bsp.a(altera_avalon_jtag_uart_write.o)
 .bss           0x0908c68c        0x0 ../HelloWorld_bsp/\libhal_bsp.a(altera_avalon_lcd_16207.o)
 .bss           0x0908c68c        0x0 ../HelloWorld_bsp/\libhal_bsp.a(altera_avalon_lcd_16207_fd.o)
 .bss           0x0908c68c        0x0 ../HelloWorld_bsp/\libhal_bsp.a(altera_avalon_sgdma.o)
 .bss           0x0908c68c        0x0 ../HelloWorld_bsp/\libhal_bsp.a(altera_avalon_timer_sc.o)
 .bss           0x0908c68c        0x0 ../HelloWorld_bsp/\libhal_bsp.a(alt_alarm_start.o)
 .bss           0x0908c68c        0x0 ../HelloWorld_bsp/\libhal_bsp.a(alt_dcache_flush.o)
 .bss           0x0908c68c        0x0 ../HelloWorld_bsp/\libhal_bsp.a(alt_dev_llist_insert.o)
 .bss           0x0908c68c        0x0 ../HelloWorld_bsp/\libhal_bsp.a(alt_do_ctors.o)
 .bss           0x0908c68c        0x0 ../HelloWorld_bsp/\libhal_bsp.a(alt_do_dtors.o)
 .bss           0x0908c68c        0x0 ../HelloWorld_bsp/\libhal_bsp.a(alt_find_dev.o)
 .bss           0x0908c68c        0x0 ../HelloWorld_bsp/\libhal_bsp.a(alt_find_file.o)
 .bss           0x0908c68c        0x0 ../HelloWorld_bsp/\libhal_bsp.a(alt_flash_dev.o)
 .bss           0x0908c68c        0x0 ../HelloWorld_bsp/\libhal_bsp.a(alt_get_fd.o)
 .bss           0x0908c68c        0x0 ../HelloWorld_bsp/\libhal_bsp.a(alt_iic.o)
 .bss           0x0908c68c        0x0 ../HelloWorld_bsp/\libhal_bsp.a(alt_iic_isr_register.o)
 .bss           0x0908c68c        0x0 ../HelloWorld_bsp/\libhal_bsp.a(alt_io_redirect.o)
 .bss           0x0908c68c        0x0 ../HelloWorld_bsp/\libhal_bsp.a(alt_irq_entry.o)
 .bss           0x0908c68c        0x0 ../HelloWorld_bsp/\libhal_bsp.a(alt_irq_handler.o)
 .bss           0x0908c68c        0x0 ../HelloWorld_bsp/\libhal_bsp.a(alt_irq_vars.o)
 .bss           0x0908c68c        0x0 ../HelloWorld_bsp/\libhal_bsp.a(alt_remap_uncached.o)
 .bss           0x0908c68c        0x0 ../HelloWorld_bsp/\libhal_bsp.a(alt_tick.o)
 .bss           0x0908c68c        0x0 ../HelloWorld_bsp/\libhal_bsp.a(alt_usleep.o)
 .bss           0x0908c68c        0x0 ../HelloWorld_bsp/\libhal_bsp.a(altera_nios2_qsys_irq.o)
 .bss           0x0908c68c        0x0 ../HelloWorld_bsp/\libhal_bsp.a(altera_avalon_cfi_flash_amd.o)
 .bss           0x0908c68c        0x0 ../HelloWorld_bsp/\libhal_bsp.a(altera_avalon_cfi_flash_intel.o)
 .bss           0x0908c68c        0x0 ../HelloWorld_bsp/\libhal_bsp.a(alt_busy_sleep.o)
 .bss           0x0908c68c        0x0 ../HelloWorld_bsp/\libhal_bsp.a(alt_exception_entry.o)
 .bss           0x0908c68c        0x0 c:/programs/altera/13.0sp1/nios2eds/bin/gnu/h-i686-mingw32/bin/../lib/gcc/nios2-elf/4.1.2/../../../../nios2-elf/lib/mhw-mulx\libc.a(lib_a-atexit.o)
 .bss           0x0908c68c        0x0 c:/programs/altera/13.0sp1/nios2eds/bin/gnu/h-i686-mingw32/bin/../lib/gcc/nios2-elf/4.1.2/../../../../nios2-elf/lib/mhw-mulx\libc.a(lib_a-ctype_.o)
 .bss           0x0908c68c        0x0 c:/programs/altera/13.0sp1/nios2eds/bin/gnu/h-i686-mingw32/bin/../lib/gcc/nios2-elf/4.1.2/../../../../nios2-elf/lib/mhw-mulx\libc.a(lib_a-exit.o)
 .bss           0x0908c68c        0x0 c:/programs/altera/13.0sp1/nios2eds/bin/gnu/h-i686-mingw32/bin/../lib/gcc/nios2-elf/4.1.2/../../../../nios2-elf/lib/mhw-mulx\libc.a(lib_a-memcmp.o)
 .bss           0x0908c68c        0x0 c:/programs/altera/13.0sp1/nios2eds/bin/gnu/h-i686-mingw32/bin/../lib/gcc/nios2-elf/4.1.2/../../../../nios2-elf/lib/mhw-mulx\libc.a(lib_a-__atexit.o)
 .bss           0x0908c68c        0x0 c:/programs/altera/13.0sp1/nios2eds/bin/gnu/h-i686-mingw32/bin/../lib/gcc/nios2-elf/4.1.2/../../../../nios2-elf/lib/mhw-mulx\libc.a(lib_a-__call_atexit.o)
 .bss           0x0908c68c        0x0 ../HelloWorld_bsp/\libhal_bsp.a(alt_exit.o)
 *(COMMON)
 COMMON         0x0908c68c      0x100 ../HelloWorld_bsp/\libhal_bsp.a(alt_irq_handler.o)
                0x0908c68c                alt_irq
 COMMON         0x0908c78c      0x190 c:/programs/altera/13.0sp1/nios2eds/bin/gnu/h-i686-mingw32/bin/../lib/gcc/nios2-elf/4.1.2/../../../../nios2-elf/lib/mhw-mulx\libc.a(lib_a-atexit.o)
                0x0908c78c                _atexit0
                0x0908c91c                . = ALIGN (0x4)
                0x0908c91c                __bss_end = ABSOLUTE (.)

.ext_flash      0x06020020        0x0
                0x06020020                PROVIDE (_alt_partition_ext_flash_start, ABSOLUTE (.))
 *(.ext_flash. ext_flash.*)
                0x06020020                . = ALIGN (0x4)
                0x06020020                PROVIDE (_alt_partition_ext_flash_end, ABSOLUTE (.))
                0x06020020                PROVIDE (_alt_partition_ext_flash_load_addr, LOADADDR (.ext_flash))

.onchip_SRAM    0x0908c91c        0x0
                0x0908c91c                PROVIDE (_alt_partition_onchip_SRAM_start, ABSOLUTE (.))
 *(.onchip_SRAM. onchip_SRAM.*)
                0x0908c91c                . = ALIGN (0x4)
                0x0908c91c                PROVIDE (_alt_partition_onchip_SRAM_end, ABSOLUTE (.))
                0x0908c91c                _end = ABSOLUTE (.)
                0x0908c91c                end = ABSOLUTE (.)
                0x0908c91c                __alt_stack_base = ABSOLUTE (.)
                0x0908c91c                PROVIDE (_alt_partition_onchip_SRAM_load_addr, LOADADDR (.onchip_SRAM))

.descriptor_memory
                0x09100000        0x0
                0x09100000                PROVIDE (_alt_partition_descriptor_memory_start, ABSOLUTE (.))
 *(.descriptor_memory. descriptor_memory.*)
                0x09100000                . = ALIGN (0x4)
                0x09100000                PROVIDE (_alt_partition_descriptor_memory_end, ABSOLUTE (.))
                0x09100000                PROVIDE (_alt_partition_descriptor_memory_load_addr, LOADADDR (.descriptor_memory))

.stab
 *(.stab)

.stabstr
 *(.stabstr)

.stab.excl
 *(.stab.excl)

.stab.exclstr
 *(.stab.exclstr)

.stab.index
 *(.stab.index)

.stab.indexstr
 *(.stab.indexstr)

.comment        0x00000000       0x26
 *(.comment)
 .comment       0x00000000       0x26 obj/default/hello_world.o
                                 0x27 (size before relaxing)
 .comment       0x00000000       0x27 c:/programs/altera/13.0sp1/nios2eds/bin/gnu/h-i686-mingw32/bin/../lib/gcc/nios2-elf/4.1.2/../../../../nios2-elf/lib/mhw-mulx\libc.a(lib_a-fclose.o)
 .comment       0x00000000       0x27 c:/programs/altera/13.0sp1/nios2eds/bin/gnu/h-i686-mingw32/bin/../lib/gcc/nios2-elf/4.1.2/../../../../nios2-elf/lib/mhw-mulx\libc.a(lib_a-fflush.o)
 .comment       0x00000000       0x27 c:/programs/altera/13.0sp1/nios2eds/bin/gnu/h-i686-mingw32/bin/../lib/gcc/nios2-elf/4.1.2/../../../../nios2-elf/lib/mhw-mulx\libc.a(lib_a-findfp.o)
 .comment       0x00000000       0x27 c:/programs/altera/13.0sp1/nios2eds/bin/gnu/h-i686-mingw32/bin/../lib/gcc/nios2-elf/4.1.2/../../../../nios2-elf/lib/mhw-mulx\libc.a(lib_a-fopen.o)
 .comment       0x00000000       0x27 c:/programs/altera/13.0sp1/nios2eds/bin/gnu/h-i686-mingw32/bin/../lib/gcc/nios2-elf/4.1.2/../../../../nios2-elf/lib/mhw-mulx\libc.a(lib_a-freer.o)
 .comment       0x00000000       0x27 c:/programs/altera/13.0sp1/nios2eds/bin/gnu/h-i686-mingw32/bin/../lib/gcc/nios2-elf/4.1.2/../../../../nios2-elf/lib/mhw-mulx\libc.a(lib_a-fseek.o)
 .comment       0x00000000       0x27 c:/programs/altera/13.0sp1/nios2eds/bin/gnu/h-i686-mingw32/bin/../lib/gcc/nios2-elf/4.1.2/../../../../nios2-elf/lib/mhw-mulx\libc.a(lib_a-fstatr.o)
 .comment       0x00000000       0x27 c:/programs/altera/13.0sp1/nios2eds/bin/gnu/h-i686-mingw32/bin/../lib/gcc/nios2-elf/4.1.2/../../../../nios2-elf/lib/mhw-mulx\libc.a(lib_a-fwalk.o)
 .comment       0x00000000       0x27 c:/programs/altera/13.0sp1/nios2eds/bin/gnu/h-i686-mingw32/bin/../lib/gcc/nios2-elf/4.1.2/../../../../nios2-elf/lib/mhw-mulx\libc.a(lib_a-fwrite.o)
 .comment       0x00000000       0x27 c:/programs/altera/13.0sp1/nios2eds/bin/gnu/h-i686-mingw32/bin/../lib/gcc/nios2-elf/4.1.2/../../../../nios2-elf/lib/mhw-mulx\libc.a(lib_a-impure.o)
 .comment       0x00000000       0x27 c:/programs/altera/13.0sp1/nios2eds/bin/gnu/h-i686-mingw32/bin/../lib/gcc/nios2-elf/4.1.2/../../../../nios2-elf/lib/mhw-mulx\libc.a(lib_a-int_errno.o)
 .comment       0x00000000       0x27 c:/programs/altera/13.0sp1/nios2eds/bin/gnu/h-i686-mingw32/bin/../lib/gcc/nios2-elf/4.1.2/../../../../nios2-elf/lib/mhw-mulx\libc.a(lib_a-makebuf.o)
 .comment       0x00000000       0x27 c:/programs/altera/13.0sp1/nios2eds/bin/gnu/h-i686-mingw32/bin/../lib/gcc/nios2-elf/4.1.2/../../../../nios2-elf/lib/mhw-mulx\libc.a(lib_a-mallocr.o)
 .comment       0x00000000       0x27 c:/programs/altera/13.0sp1/nios2eds/bin/gnu/h-i686-mingw32/bin/../lib/gcc/nios2-elf/4.1.2/../../../../nios2-elf/lib/mhw-mulx\libc.a(lib_a-memset.o)
 .comment       0x00000000       0x27 c:/programs/altera/13.0sp1/nios2eds/bin/gnu/h-i686-mingw32/bin/../lib/gcc/nios2-elf/4.1.2/../../../../nios2-elf/lib/mhw-mulx\libc.a(lib_a-openr.o)
 .comment       0x00000000       0x27 c:/programs/altera/13.0sp1/nios2eds/bin/gnu/h-i686-mingw32/bin/../lib/gcc/nios2-elf/4.1.2/../../../../nios2-elf/lib/mhw-mulx\libc.a(lib_a-puts.o)
 .comment       0x00000000       0x27 c:/programs/altera/13.0sp1/nios2eds/bin/gnu/h-i686-mingw32/bin/../lib/gcc/nios2-elf/4.1.2/../../../../nios2-elf/lib/mhw-mulx\libc.a(lib_a-refill.o)
 .comment       0x00000000       0x27 c:/programs/altera/13.0sp1/nios2eds/bin/gnu/h-i686-mingw32/bin/../lib/gcc/nios2-elf/4.1.2/../../../../nios2-elf/lib/mhw-mulx\libc.a(lib_a-sbrkr.o)
 .comment       0x00000000       0x27 c:/programs/altera/13.0sp1/nios2eds/bin/gnu/h-i686-mingw32/bin/../lib/gcc/nios2-elf/4.1.2/../../../../nios2-elf/lib/mhw-mulx\libc.a(lib_a-stdio.o)
 .comment       0x00000000       0x27 c:/programs/altera/13.0sp1/nios2eds/bin/gnu/h-i686-mingw32/bin/../lib/gcc/nios2-elf/4.1.2/../../../../nios2-elf/lib/mhw-mulx\libc.a(lib_a-strlen.o)
 .comment       0x00000000       0x27 c:/programs/altera/13.0sp1/nios2eds/bin/gnu/h-i686-mingw32/bin/../lib/gcc/nios2-elf/4.1.2/../../../../nios2-elf/lib/mhw-mulx\libc.a(lib_a-writer.o)
 .comment       0x00000000       0x27 c:/programs/altera/13.0sp1/nios2eds/bin/gnu/h-i686-mingw32/bin/../lib/gcc/nios2-elf/4.1.2/../../../../nios2-elf/lib/mhw-mulx\libc.a(lib_a-closer.o)
 .comment       0x00000000       0x27 c:/programs/altera/13.0sp1/nios2eds/bin/gnu/h-i686-mingw32/bin/../lib/gcc/nios2-elf/4.1.2/../../../../nios2-elf/lib/mhw-mulx\libc.a(lib_a-flags.o)
 .comment       0x00000000       0x27 c:/programs/altera/13.0sp1/nios2eds/bin/gnu/h-i686-mingw32/bin/../lib/gcc/nios2-elf/4.1.2/../../../../nios2-elf/lib/mhw-mulx\libc.a(lib_a-fvwrite.o)
 .comment       0x00000000       0x27 c:/programs/altera/13.0sp1/nios2eds/bin/gnu/h-i686-mingw32/bin/../lib/gcc/nios2-elf/4.1.2/../../../../nios2-elf/lib/mhw-mulx\libc.a(lib_a-isattyr.o)
 .comment       0x00000000       0x27 c:/programs/altera/13.0sp1/nios2eds/bin/gnu/h-i686-mingw32/bin/../lib/gcc/nios2-elf/4.1.2/../../../../nios2-elf/lib/mhw-mulx\libc.a(lib_a-lseekr.o)
 .comment       0x00000000       0x27 c:/programs/altera/13.0sp1/nios2eds/bin/gnu/h-i686-mingw32/bin/../lib/gcc/nios2-elf/4.1.2/../../../../nios2-elf/lib/mhw-mulx\libc.a(lib_a-memchr.o)
 .comment       0x00000000       0x27 c:/programs/altera/13.0sp1/nios2eds/bin/gnu/h-i686-mingw32/bin/../lib/gcc/nios2-elf/4.1.2/../../../../nios2-elf/lib/mhw-mulx\libc.a(lib_a-memcpy.o)
 .comment       0x00000000       0x27 c:/programs/altera/13.0sp1/nios2eds/bin/gnu/h-i686-mingw32/bin/../lib/gcc/nios2-elf/4.1.2/../../../../nios2-elf/lib/mhw-mulx\libc.a(lib_a-memmove.o)
 .comment       0x00000000       0x27 c:/programs/altera/13.0sp1/nios2eds/bin/gnu/h-i686-mingw32/bin/../lib/gcc/nios2-elf/4.1.2/../../../../nios2-elf/lib/mhw-mulx\libc.a(lib_a-readr.o)
 .comment       0x00000000       0x27 c:/programs/altera/13.0sp1/nios2eds/bin/gnu/h-i686-mingw32/bin/../lib/gcc/nios2-elf/4.1.2/../../../../nios2-elf/lib/mhw-mulx\libc.a(lib_a-reallocr.o)
 .comment       0x00000000       0x27 c:/programs/altera/13.0sp1/nios2eds/bin/gnu/h-i686-mingw32/bin/../lib/gcc/nios2-elf/4.1.2/../../../../nios2-elf/lib/mhw-mulx\libc.a(lib_a-wsetup.o)
 .comment       0x00000000       0x27 c:/programs/altera/13.0sp1/nios2eds/bin/gnu/h-i686-mingw32/bin/../lib/gcc/nios2-elf/4.1.2/mhw-mulx\libgcc.a(lib2-divmod.o)
 .comment       0x00000000       0x27 ../HelloWorld_bsp/\libhal_bsp.a(alt_close.o)
 .comment       0x00000000       0x27 ../HelloWorld_bsp/\libhal_bsp.a(alt_dev.o)
 .comment       0x00000000       0x27 ../HelloWorld_bsp/\libhal_bsp.a(alt_errno.o)
 .comment       0x00000000       0x27 ../HelloWorld_bsp/\libhal_bsp.a(alt_fstat.o)
 .comment       0x00000000       0x27 ../HelloWorld_bsp/\libhal_bsp.a(alt_isatty.o)
 .comment       0x00000000       0x27 ../HelloWorld_bsp/\libhal_bsp.a(alt_lseek.o)
 .comment       0x00000000       0x27 ../HelloWorld_bsp/\libhal_bsp.a(alt_main.o)
 .comment       0x00000000       0x27 ../HelloWorld_bsp/\libhal_bsp.a(alt_malloc_lock.o)
 .comment       0x00000000       0x27 ../HelloWorld_bsp/\libhal_bsp.a(alt_open.o)
 .comment       0x00000000       0x27 ../HelloWorld_bsp/\libhal_bsp.a(alt_read.o)
 .comment       0x00000000       0x27 ../HelloWorld_bsp/\libhal_bsp.a(alt_release_fd.o)
 .comment       0x00000000       0x27 ../HelloWorld_bsp/\libhal_bsp.a(alt_sbrk.o)
 .comment       0x00000000       0x27 ../HelloWorld_bsp/\libhal_bsp.a(alt_write.o)
 .comment       0x00000000       0x27 ../HelloWorld_bsp/\libhal_bsp.a(alt_sys_init.o)
 .comment       0x00000000       0x27 ../HelloWorld_bsp/\libhal_bsp.a(altera_avalon_cfi_flash.o)
 .comment       0x00000000       0x27 ../HelloWorld_bsp/\libhal_bsp.a(altera_avalon_cfi_flash_table.o)
 .comment       0x00000000       0x27 ../HelloWorld_bsp/\libhal_bsp.a(altera_avalon_jtag_uart_fd.o)
 .comment       0x00000000       0x27 ../HelloWorld_bsp/\libhal_bsp.a(altera_avalon_jtag_uart_init.o)
 .comment       0x00000000       0x27 ../HelloWorld_bsp/\libhal_bsp.a(altera_avalon_jtag_uart_ioctl.o)
 .comment       0x00000000       0x27 ../HelloWorld_bsp/\libhal_bsp.a(altera_avalon_jtag_uart_read.o)
 .comment       0x00000000       0x27 ../HelloWorld_bsp/\libhal_bsp.a(altera_avalon_jtag_uart_write.o)
 .comment       0x00000000       0x27 ../HelloWorld_bsp/\libhal_bsp.a(altera_avalon_lcd_16207.o)
 .comment       0x00000000       0x27 ../HelloWorld_bsp/\libhal_bsp.a(altera_avalon_lcd_16207_fd.o)
 .comment       0x00000000       0x27 ../HelloWorld_bsp/\libhal_bsp.a(altera_avalon_sgdma.o)
 .comment       0x00000000       0x27 ../HelloWorld_bsp/\libhal_bsp.a(altera_avalon_timer_sc.o)
 .comment       0x00000000       0x27 ../HelloWorld_bsp/\libhal_bsp.a(alt_alarm_start.o)
 .comment       0x00000000       0x27 ../HelloWorld_bsp/\libhal_bsp.a(alt_dcache_flush.o)
 .comment       0x00000000       0x27 ../HelloWorld_bsp/\libhal_bsp.a(alt_dev_llist_insert.o)
 .comment       0x00000000       0x27 ../HelloWorld_bsp/\libhal_bsp.a(alt_do_ctors.o)
 .comment       0x00000000       0x27 ../HelloWorld_bsp/\libhal_bsp.a(alt_do_dtors.o)
 .comment       0x00000000       0x27 ../HelloWorld_bsp/\libhal_bsp.a(alt_find_dev.o)
 .comment       0x00000000       0x27 ../HelloWorld_bsp/\libhal_bsp.a(alt_find_file.o)
 .comment       0x00000000       0x27 ../HelloWorld_bsp/\libhal_bsp.a(alt_flash_dev.o)
 .comment       0x00000000       0x27 ../HelloWorld_bsp/\libhal_bsp.a(alt_get_fd.o)
 .comment       0x00000000       0x27 ../HelloWorld_bsp/\libhal_bsp.a(alt_iic.o)
 .comment       0x00000000       0x27 ../HelloWorld_bsp/\libhal_bsp.a(alt_iic_isr_register.o)
 .comment       0x00000000       0x27 ../HelloWorld_bsp/\libhal_bsp.a(alt_io_redirect.o)
 .comment       0x00000000       0x27 ../HelloWorld_bsp/\libhal_bsp.a(alt_irq_handler.o)
 .comment       0x00000000       0x27 ../HelloWorld_bsp/\libhal_bsp.a(alt_irq_vars.o)
 .comment       0x00000000       0x27 ../HelloWorld_bsp/\libhal_bsp.a(alt_remap_uncached.o)
 .comment       0x00000000       0x27 ../HelloWorld_bsp/\libhal_bsp.a(alt_tick.o)
 .comment       0x00000000       0x27 ../HelloWorld_bsp/\libhal_bsp.a(alt_usleep.o)
 .comment       0x00000000       0x27 ../HelloWorld_bsp/\libhal_bsp.a(altera_nios2_qsys_irq.o)
 .comment       0x00000000       0x27 ../HelloWorld_bsp/\libhal_bsp.a(altera_avalon_cfi_flash_amd.o)
 .comment       0x00000000       0x27 ../HelloWorld_bsp/\libhal_bsp.a(altera_avalon_cfi_flash_intel.o)
 .comment       0x00000000       0x27 ../HelloWorld_bsp/\libhal_bsp.a(alt_busy_sleep.o)
 .comment       0x00000000       0x27 c:/programs/altera/13.0sp1/nios2eds/bin/gnu/h-i686-mingw32/bin/../lib/gcc/nios2-elf/4.1.2/../../../../nios2-elf/lib/mhw-mulx\libc.a(lib_a-atexit.o)
 .comment       0x00000000       0x27 c:/programs/altera/13.0sp1/nios2eds/bin/gnu/h-i686-mingw32/bin/../lib/gcc/nios2-elf/4.1.2/../../../../nios2-elf/lib/mhw-mulx\libc.a(lib_a-ctype_.o)
 .comment       0x00000000       0x27 c:/programs/altera/13.0sp1/nios2eds/bin/gnu/h-i686-mingw32/bin/../lib/gcc/nios2-elf/4.1.2/../../../../nios2-elf/lib/mhw-mulx\libc.a(lib_a-exit.o)
 .comment       0x00000000       0x27 c:/programs/altera/13.0sp1/nios2eds/bin/gnu/h-i686-mingw32/bin/../lib/gcc/nios2-elf/4.1.2/../../../../nios2-elf/lib/mhw-mulx\libc.a(lib_a-memcmp.o)
 .comment       0x00000000       0x27 c:/programs/altera/13.0sp1/nios2eds/bin/gnu/h-i686-mingw32/bin/../lib/gcc/nios2-elf/4.1.2/../../../../nios2-elf/lib/mhw-mulx\libc.a(lib_a-__atexit.o)
 .comment       0x00000000       0x27 c:/programs/altera/13.0sp1/nios2eds/bin/gnu/h-i686-mingw32/bin/../lib/gcc/nios2-elf/4.1.2/../../../../nios2-elf/lib/mhw-mulx\libc.a(lib_a-__call_atexit.o)
 .comment       0x00000000       0x27 ../HelloWorld_bsp/\libhal_bsp.a(alt_exit.o)

.debug
 *(.debug)

.line
 *(.line)

.debug_srcinfo
 *(.debug_srcinfo)

.debug_sfnames
 *(.debug_sfnames)

.debug_aranges  0x00000000      0xad0
 *(.debug_aranges)
 .debug_aranges
                0x00000000       0x20 ../HelloWorld_bsp//obj/HAL/src/crt0.o
 .debug_aranges
                0x00000020       0x20 obj/default/hello_world.o
 .debug_aranges
                0x00000040       0x20 c:/programs/altera/13.0sp1/nios2eds/bin/gnu/h-i686-mingw32/bin/../lib/gcc/nios2-elf/4.1.2/../../../../nios2-elf/lib/mhw-mulx\libc.a(lib_a-fclose.o)
 .debug_aranges
                0x00000060       0x20 c:/programs/altera/13.0sp1/nios2eds/bin/gnu/h-i686-mingw32/bin/../lib/gcc/nios2-elf/4.1.2/../../../../nios2-elf/lib/mhw-mulx\libc.a(lib_a-fflush.o)
 .debug_aranges
                0x00000080       0x20 c:/programs/altera/13.0sp1/nios2eds/bin/gnu/h-i686-mingw32/bin/../lib/gcc/nios2-elf/4.1.2/../../../../nios2-elf/lib/mhw-mulx\libc.a(lib_a-findfp.o)
 .debug_aranges
                0x000000a0       0x20 c:/programs/altera/13.0sp1/nios2eds/bin/gnu/h-i686-mingw32/bin/../lib/gcc/nios2-elf/4.1.2/../../../../nios2-elf/lib/mhw-mulx\libc.a(lib_a-fopen.o)
 .debug_aranges
                0x000000c0       0x20 c:/programs/altera/13.0sp1/nios2eds/bin/gnu/h-i686-mingw32/bin/../lib/gcc/nios2-elf/4.1.2/../../../../nios2-elf/lib/mhw-mulx\libc.a(lib_a-freer.o)
 .debug_aranges
                0x000000e0       0x20 c:/programs/altera/13.0sp1/nios2eds/bin/gnu/h-i686-mingw32/bin/../lib/gcc/nios2-elf/4.1.2/../../../../nios2-elf/lib/mhw-mulx\libc.a(lib_a-fseek.o)
 .debug_aranges
                0x00000100       0x20 c:/programs/altera/13.0sp1/nios2eds/bin/gnu/h-i686-mingw32/bin/../lib/gcc/nios2-elf/4.1.2/../../../../nios2-elf/lib/mhw-mulx\libc.a(lib_a-fstatr.o)
 .debug_aranges
                0x00000120       0x20 c:/programs/altera/13.0sp1/nios2eds/bin/gnu/h-i686-mingw32/bin/../lib/gcc/nios2-elf/4.1.2/../../../../nios2-elf/lib/mhw-mulx\libc.a(lib_a-fwalk.o)
 .debug_aranges
                0x00000140       0x20 c:/programs/altera/13.0sp1/nios2eds/bin/gnu/h-i686-mingw32/bin/../lib/gcc/nios2-elf/4.1.2/../../../../nios2-elf/lib/mhw-mulx\libc.a(lib_a-fwrite.o)
 .debug_aranges
                0x00000160       0x20 c:/programs/altera/13.0sp1/nios2eds/bin/gnu/h-i686-mingw32/bin/../lib/gcc/nios2-elf/4.1.2/../../../../nios2-elf/lib/mhw-mulx\libc.a(lib_a-makebuf.o)
 .debug_aranges
                0x00000180       0x20 c:/programs/altera/13.0sp1/nios2eds/bin/gnu/h-i686-mingw32/bin/../lib/gcc/nios2-elf/4.1.2/../../../../nios2-elf/lib/mhw-mulx\libc.a(lib_a-mallocr.o)
 .debug_aranges
                0x000001a0       0x20 c:/programs/altera/13.0sp1/nios2eds/bin/gnu/h-i686-mingw32/bin/../lib/gcc/nios2-elf/4.1.2/../../../../nios2-elf/lib/mhw-mulx\libc.a(lib_a-memset.o)
 .debug_aranges
                0x000001c0       0x20 c:/programs/altera/13.0sp1/nios2eds/bin/gnu/h-i686-mingw32/bin/../lib/gcc/nios2-elf/4.1.2/../../../../nios2-elf/lib/mhw-mulx\libc.a(lib_a-openr.o)
 .debug_aranges
                0x000001e0       0x20 c:/programs/altera/13.0sp1/nios2eds/bin/gnu/h-i686-mingw32/bin/../lib/gcc/nios2-elf/4.1.2/../../../../nios2-elf/lib/mhw-mulx\libc.a(lib_a-puts.o)
 .debug_aranges
                0x00000200       0x20 c:/programs/altera/13.0sp1/nios2eds/bin/gnu/h-i686-mingw32/bin/../lib/gcc/nios2-elf/4.1.2/../../../../nios2-elf/lib/mhw-mulx\libc.a(lib_a-refill.o)
 .debug_aranges
                0x00000220       0x20 c:/programs/altera/13.0sp1/nios2eds/bin/gnu/h-i686-mingw32/bin/../lib/gcc/nios2-elf/4.1.2/../../../../nios2-elf/lib/mhw-mulx\libc.a(lib_a-sbrkr.o)
 .debug_aranges
                0x00000240       0x20 c:/programs/altera/13.0sp1/nios2eds/bin/gnu/h-i686-mingw32/bin/../lib/gcc/nios2-elf/4.1.2/../../../../nios2-elf/lib/mhw-mulx\libc.a(lib_a-stdio.o)
 .debug_aranges
                0x00000260       0x20 c:/programs/altera/13.0sp1/nios2eds/bin/gnu/h-i686-mingw32/bin/../lib/gcc/nios2-elf/4.1.2/../../../../nios2-elf/lib/mhw-mulx\libc.a(lib_a-strlen.o)
 .debug_aranges
                0x00000280       0x20 c:/programs/altera/13.0sp1/nios2eds/bin/gnu/h-i686-mingw32/bin/../lib/gcc/nios2-elf/4.1.2/../../../../nios2-elf/lib/mhw-mulx\libc.a(lib_a-writer.o)
 .debug_aranges
                0x000002a0       0x20 c:/programs/altera/13.0sp1/nios2eds/bin/gnu/h-i686-mingw32/bin/../lib/gcc/nios2-elf/4.1.2/../../../../nios2-elf/lib/mhw-mulx\libc.a(lib_a-closer.o)
 .debug_aranges
                0x000002c0       0x20 c:/programs/altera/13.0sp1/nios2eds/bin/gnu/h-i686-mingw32/bin/../lib/gcc/nios2-elf/4.1.2/../../../../nios2-elf/lib/mhw-mulx\libc.a(lib_a-flags.o)
 .debug_aranges
                0x000002e0       0x20 c:/programs/altera/13.0sp1/nios2eds/bin/gnu/h-i686-mingw32/bin/../lib/gcc/nios2-elf/4.1.2/../../../../nios2-elf/lib/mhw-mulx\libc.a(lib_a-fvwrite.o)
 .debug_aranges
                0x00000300       0x20 c:/programs/altera/13.0sp1/nios2eds/bin/gnu/h-i686-mingw32/bin/../lib/gcc/nios2-elf/4.1.2/../../../../nios2-elf/lib/mhw-mulx\libc.a(lib_a-isattyr.o)
 .debug_aranges
                0x00000320       0x20 c:/programs/altera/13.0sp1/nios2eds/bin/gnu/h-i686-mingw32/bin/../lib/gcc/nios2-elf/4.1.2/../../../../nios2-elf/lib/mhw-mulx\libc.a(lib_a-lseekr.o)
 .debug_aranges
                0x00000340       0x20 c:/programs/altera/13.0sp1/nios2eds/bin/gnu/h-i686-mingw32/bin/../lib/gcc/nios2-elf/4.1.2/../../../../nios2-elf/lib/mhw-mulx\libc.a(lib_a-memchr.o)
 .debug_aranges
                0x00000360       0x20 c:/programs/altera/13.0sp1/nios2eds/bin/gnu/h-i686-mingw32/bin/../lib/gcc/nios2-elf/4.1.2/../../../../nios2-elf/lib/mhw-mulx\libc.a(lib_a-memcpy.o)
 .debug_aranges
                0x00000380       0x20 c:/programs/altera/13.0sp1/nios2eds/bin/gnu/h-i686-mingw32/bin/../lib/gcc/nios2-elf/4.1.2/../../../../nios2-elf/lib/mhw-mulx\libc.a(lib_a-memmove.o)
 .debug_aranges
                0x000003a0       0x20 c:/programs/altera/13.0sp1/nios2eds/bin/gnu/h-i686-mingw32/bin/../lib/gcc/nios2-elf/4.1.2/../../../../nios2-elf/lib/mhw-mulx\libc.a(lib_a-readr.o)
 .debug_aranges
                0x000003c0       0x20 c:/programs/altera/13.0sp1/nios2eds/bin/gnu/h-i686-mingw32/bin/../lib/gcc/nios2-elf/4.1.2/../../../../nios2-elf/lib/mhw-mulx\libc.a(lib_a-reallocr.o)
 .debug_aranges
                0x000003e0       0x20 c:/programs/altera/13.0sp1/nios2eds/bin/gnu/h-i686-mingw32/bin/../lib/gcc/nios2-elf/4.1.2/../../../../nios2-elf/lib/mhw-mulx\libc.a(lib_a-wsetup.o)
 .debug_aranges
                0x00000400       0x20 c:/programs/altera/13.0sp1/nios2eds/bin/gnu/h-i686-mingw32/bin/../lib/gcc/nios2-elf/4.1.2/mhw-mulx\libgcc.a(lib2-divmod.o)
 .debug_aranges
                0x00000420       0x20 ../HelloWorld_bsp/\libhal_bsp.a(alt_close.o)
 .debug_aranges
                0x00000440       0x20 ../HelloWorld_bsp/\libhal_bsp.a(alt_dev.o)
 .debug_aranges
                0x00000460       0x20 ../HelloWorld_bsp/\libhal_bsp.a(alt_fstat.o)
 .debug_aranges
                0x00000480       0x20 ../HelloWorld_bsp/\libhal_bsp.a(alt_isatty.o)
 .debug_aranges
                0x000004a0       0x20 ../HelloWorld_bsp/\libhal_bsp.a(alt_lseek.o)
 .debug_aranges
                0x000004c0       0x20 ../HelloWorld_bsp/\libhal_bsp.a(alt_main.o)
 .debug_aranges
                0x000004e0       0x20 ../HelloWorld_bsp/\libhal_bsp.a(alt_malloc_lock.o)
 .debug_aranges
                0x00000500       0x20 ../HelloWorld_bsp/\libhal_bsp.a(alt_open.o)
 .debug_aranges
                0x00000520       0x20 ../HelloWorld_bsp/\libhal_bsp.a(alt_read.o)
 .debug_aranges
                0x00000540       0x20 ../HelloWorld_bsp/\libhal_bsp.a(alt_release_fd.o)
 .debug_aranges
                0x00000560       0x20 ../HelloWorld_bsp/\libhal_bsp.a(alt_sbrk.o)
 .debug_aranges
                0x00000580       0x20 ../HelloWorld_bsp/\libhal_bsp.a(alt_write.o)
 .debug_aranges
                0x000005a0       0x20 ../HelloWorld_bsp/\libhal_bsp.a(alt_sys_init.o)
 .debug_aranges
                0x000005c0       0x20 ../HelloWorld_bsp/\libhal_bsp.a(altera_avalon_cfi_flash.o)
 .debug_aranges
                0x000005e0       0x20 ../HelloWorld_bsp/\libhal_bsp.a(altera_avalon_cfi_flash_table.o)
 .debug_aranges
                0x00000600       0x20 ../HelloWorld_bsp/\libhal_bsp.a(altera_avalon_jtag_uart_fd.o)
 .debug_aranges
                0x00000620       0x20 ../HelloWorld_bsp/\libhal_bsp.a(altera_avalon_jtag_uart_init.o)
 .debug_aranges
                0x00000640       0x20 ../HelloWorld_bsp/\libhal_bsp.a(altera_avalon_jtag_uart_ioctl.o)
 .debug_aranges
                0x00000660       0x20 ../HelloWorld_bsp/\libhal_bsp.a(altera_avalon_jtag_uart_read.o)
 .debug_aranges
                0x00000680       0x20 ../HelloWorld_bsp/\libhal_bsp.a(altera_avalon_jtag_uart_write.o)
 .debug_aranges
                0x000006a0       0x20 ../HelloWorld_bsp/\libhal_bsp.a(altera_avalon_lcd_16207.o)
 .debug_aranges
                0x000006c0       0x20 ../HelloWorld_bsp/\libhal_bsp.a(altera_avalon_lcd_16207_fd.o)
 .debug_aranges
                0x000006e0       0x20 ../HelloWorld_bsp/\libhal_bsp.a(altera_avalon_sgdma.o)
 .debug_aranges
                0x00000700       0x20 ../HelloWorld_bsp/\libhal_bsp.a(altera_avalon_timer_sc.o)
 .debug_aranges
                0x00000720       0x20 ../HelloWorld_bsp/\libhal_bsp.a(alt_alarm_start.o)
 .debug_aranges
                0x00000740       0x20 ../HelloWorld_bsp/\libhal_bsp.a(alt_dcache_flush.o)
 .debug_aranges
                0x00000760       0x20 ../HelloWorld_bsp/\libhal_bsp.a(alt_dev_llist_insert.o)
 .debug_aranges
                0x00000780       0x20 ../HelloWorld_bsp/\libhal_bsp.a(alt_do_ctors.o)
 .debug_aranges
                0x000007a0       0x20 ../HelloWorld_bsp/\libhal_bsp.a(alt_do_dtors.o)
 .debug_aranges
                0x000007c0       0x20 ../HelloWorld_bsp/\libhal_bsp.a(alt_find_dev.o)
 .debug_aranges
                0x000007e0       0x20 ../HelloWorld_bsp/\libhal_bsp.a(alt_find_file.o)
 .debug_aranges
                0x00000800       0x20 ../HelloWorld_bsp/\libhal_bsp.a(alt_flash_dev.o)
 .debug_aranges
                0x00000820       0x20 ../HelloWorld_bsp/\libhal_bsp.a(alt_get_fd.o)
 .debug_aranges
                0x00000840       0x20 ../HelloWorld_bsp/\libhal_bsp.a(alt_iic.o)
 .debug_aranges
                0x00000860       0x20 ../HelloWorld_bsp/\libhal_bsp.a(alt_iic_isr_register.o)
 .debug_aranges
                0x00000880       0x20 ../HelloWorld_bsp/\libhal_bsp.a(alt_io_redirect.o)
 .debug_aranges
                0x000008a0       0x30 ../HelloWorld_bsp/\libhal_bsp.a(alt_irq_entry.o)
 .debug_aranges
                0x000008d0       0x28 ../HelloWorld_bsp/\libhal_bsp.a(alt_irq_handler.o)
 .debug_aranges
                0x000008f8       0x20 ../HelloWorld_bsp/\libhal_bsp.a(alt_remap_uncached.o)
 .debug_aranges
                0x00000918       0x20 ../HelloWorld_bsp/\libhal_bsp.a(alt_tick.o)
 .debug_aranges
                0x00000938       0x20 ../HelloWorld_bsp/\libhal_bsp.a(alt_usleep.o)
 .debug_aranges
                0x00000958       0x20 ../HelloWorld_bsp/\libhal_bsp.a(altera_nios2_qsys_irq.o)
 .debug_aranges
                0x00000978       0x20 ../HelloWorld_bsp/\libhal_bsp.a(altera_avalon_cfi_flash_amd.o)
 .debug_aranges
                0x00000998       0x20 ../HelloWorld_bsp/\libhal_bsp.a(altera_avalon_cfi_flash_intel.o)
 .debug_aranges
                0x000009b8       0x20 ../HelloWorld_bsp/\libhal_bsp.a(alt_busy_sleep.o)
 .debug_aranges
                0x000009d8       0x38 ../HelloWorld_bsp/\libhal_bsp.a(alt_exception_entry.o)
 .debug_aranges
                0x00000a10       0x20 c:/programs/altera/13.0sp1/nios2eds/bin/gnu/h-i686-mingw32/bin/../lib/gcc/nios2-elf/4.1.2/../../../../nios2-elf/lib/mhw-mulx\libc.a(lib_a-atexit.o)
 .debug_aranges
                0x00000a30       0x20 c:/programs/altera/13.0sp1/nios2eds/bin/gnu/h-i686-mingw32/bin/../lib/gcc/nios2-elf/4.1.2/../../../../nios2-elf/lib/mhw-mulx\libc.a(lib_a-exit.o)
 .debug_aranges
                0x00000a50       0x20 c:/programs/altera/13.0sp1/nios2eds/bin/gnu/h-i686-mingw32/bin/../lib/gcc/nios2-elf/4.1.2/../../../../nios2-elf/lib/mhw-mulx\libc.a(lib_a-memcmp.o)
 .debug_aranges
                0x00000a70       0x20 c:/programs/altera/13.0sp1/nios2eds/bin/gnu/h-i686-mingw32/bin/../lib/gcc/nios2-elf/4.1.2/../../../../nios2-elf/lib/mhw-mulx\libc.a(lib_a-__atexit.o)
 .debug_aranges
                0x00000a90       0x20 c:/programs/altera/13.0sp1/nios2eds/bin/gnu/h-i686-mingw32/bin/../lib/gcc/nios2-elf/4.1.2/../../../../nios2-elf/lib/mhw-mulx\libc.a(lib_a-__call_atexit.o)
 .debug_aranges
                0x00000ab0       0x20 ../HelloWorld_bsp/\libhal_bsp.a(alt_exit.o)

.debug_pubnames
                0x00000000     0x1631
 *(.debug_pubnames)
 .debug_pubnames
                0x00000000       0x1b obj/default/hello_world.o
 .debug_pubnames
                0x0000001b       0x2b c:/programs/altera/13.0sp1/nios2eds/bin/gnu/h-i686-mingw32/bin/../lib/gcc/nios2-elf/4.1.2/../../../../nios2-elf/lib/mhw-mulx\libc.a(lib_a-fclose.o)
 .debug_pubnames
                0x00000046       0x2b c:/programs/altera/13.0sp1/nios2eds/bin/gnu/h-i686-mingw32/bin/../lib/gcc/nios2-elf/4.1.2/../../../../nios2-elf/lib/mhw-mulx\libc.a(lib_a-fflush.o)
 .debug_pubnames
                0x00000071       0xdb c:/programs/altera/13.0sp1/nios2eds/bin/gnu/h-i686-mingw32/bin/../lib/gcc/nios2-elf/4.1.2/../../../../nios2-elf/lib/mhw-mulx\libc.a(lib_a-findfp.o)
 .debug_pubnames
                0x0000014c       0x29 c:/programs/altera/13.0sp1/nios2eds/bin/gnu/h-i686-mingw32/bin/../lib/gcc/nios2-elf/4.1.2/../../../../nios2-elf/lib/mhw-mulx\libc.a(lib_a-fopen.o)
 .debug_pubnames
                0x00000175       0x31 c:/programs/altera/13.0sp1/nios2eds/bin/gnu/h-i686-mingw32/bin/../lib/gcc/nios2-elf/4.1.2/../../../../nios2-elf/lib/mhw-mulx\libc.a(lib_a-freer.o)
 .debug_pubnames
                0x000001a6       0x29 c:/programs/altera/13.0sp1/nios2eds/bin/gnu/h-i686-mingw32/bin/../lib/gcc/nios2-elf/4.1.2/../../../../nios2-elf/lib/mhw-mulx\libc.a(lib_a-fseek.o)
 .debug_pubnames
                0x000001cf       0x1f c:/programs/altera/13.0sp1/nios2eds/bin/gnu/h-i686-mingw32/bin/../lib/gcc/nios2-elf/4.1.2/../../../../nios2-elf/lib/mhw-mulx\libc.a(lib_a-fstatr.o)
 .debug_pubnames
                0x000001ee       0x2e c:/programs/altera/13.0sp1/nios2eds/bin/gnu/h-i686-mingw32/bin/../lib/gcc/nios2-elf/4.1.2/../../../../nios2-elf/lib/mhw-mulx\libc.a(lib_a-fwalk.o)
 .debug_pubnames
                0x0000021c       0x2b c:/programs/altera/13.0sp1/nios2eds/bin/gnu/h-i686-mingw32/bin/../lib/gcc/nios2-elf/4.1.2/../../../../nios2-elf/lib/mhw-mulx\libc.a(lib_a-fwrite.o)
 .debug_pubnames
                0x00000247       0x39 c:/programs/altera/13.0sp1/nios2eds/bin/gnu/h-i686-mingw32/bin/../lib/gcc/nios2-elf/4.1.2/../../../../nios2-elf/lib/mhw-mulx\libc.a(lib_a-impure.o)
 .debug_pubnames
                0x00000280       0x1c c:/programs/altera/13.0sp1/nios2eds/bin/gnu/h-i686-mingw32/bin/../lib/gcc/nios2-elf/4.1.2/../../../../nios2-elf/lib/mhw-mulx\libc.a(lib_a-int_errno.o)
 .debug_pubnames
                0x0000029c       0x23 c:/programs/altera/13.0sp1/nios2eds/bin/gnu/h-i686-mingw32/bin/../lib/gcc/nios2-elf/4.1.2/../../../../nios2-elf/lib/mhw-mulx\libc.a(lib_a-makebuf.o)
 .debug_pubnames
                0x000002bf       0xce c:/programs/altera/13.0sp1/nios2eds/bin/gnu/h-i686-mingw32/bin/../lib/gcc/nios2-elf/4.1.2/../../../../nios2-elf/lib/mhw-mulx\libc.a(lib_a-mallocr.o)
 .debug_pubnames
                0x0000038d       0x1d c:/programs/altera/13.0sp1/nios2eds/bin/gnu/h-i686-mingw32/bin/../lib/gcc/nios2-elf/4.1.2/../../../../nios2-elf/lib/mhw-mulx\libc.a(lib_a-memset.o)
 .debug_pubnames
                0x000003aa       0x1e c:/programs/altera/13.0sp1/nios2eds/bin/gnu/h-i686-mingw32/bin/../lib/gcc/nios2-elf/4.1.2/../../../../nios2-elf/lib/mhw-mulx\libc.a(lib_a-openr.o)
 .debug_pubnames
                0x000003c8       0x27 c:/programs/altera/13.0sp1/nios2eds/bin/gnu/h-i686-mingw32/bin/../lib/gcc/nios2-elf/4.1.2/../../../../nios2-elf/lib/mhw-mulx\libc.a(lib_a-puts.o)
 .debug_pubnames
                0x000003ef       0x22 c:/programs/altera/13.0sp1/nios2eds/bin/gnu/h-i686-mingw32/bin/../lib/gcc/nios2-elf/4.1.2/../../../../nios2-elf/lib/mhw-mulx\libc.a(lib_a-refill.o)
 .debug_pubnames
                0x00000411       0x1e c:/programs/altera/13.0sp1/nios2eds/bin/gnu/h-i686-mingw32/bin/../lib/gcc/nios2-elf/4.1.2/../../../../nios2-elf/lib/mhw-mulx\libc.a(lib_a-sbrkr.o)
 .debug_pubnames
                0x0000042f       0x44 c:/programs/altera/13.0sp1/nios2eds/bin/gnu/h-i686-mingw32/bin/../lib/gcc/nios2-elf/4.1.2/../../../../nios2-elf/lib/mhw-mulx\libc.a(lib_a-stdio.o)
 .debug_pubnames
                0x00000473       0x1d c:/programs/altera/13.0sp1/nios2eds/bin/gnu/h-i686-mingw32/bin/../lib/gcc/nios2-elf/4.1.2/../../../../nios2-elf/lib/mhw-mulx\libc.a(lib_a-strlen.o)
 .debug_pubnames
                0x00000490       0x1f c:/programs/altera/13.0sp1/nios2eds/bin/gnu/h-i686-mingw32/bin/../lib/gcc/nios2-elf/4.1.2/../../../../nios2-elf/lib/mhw-mulx\libc.a(lib_a-writer.o)
 .debug_pubnames
                0x000004af       0x1f c:/programs/altera/13.0sp1/nios2eds/bin/gnu/h-i686-mingw32/bin/../lib/gcc/nios2-elf/4.1.2/../../../../nios2-elf/lib/mhw-mulx\libc.a(lib_a-closer.o)
 .debug_pubnames
                0x000004ce       0x1f c:/programs/altera/13.0sp1/nios2eds/bin/gnu/h-i686-mingw32/bin/../lib/gcc/nios2-elf/4.1.2/../../../../nios2-elf/lib/mhw-mulx\libc.a(lib_a-flags.o)
 .debug_pubnames
                0x000004ed       0x23 c:/programs/altera/13.0sp1/nios2eds/bin/gnu/h-i686-mingw32/bin/../lib/gcc/nios2-elf/4.1.2/../../../../nios2-elf/lib/mhw-mulx\libc.a(lib_a-fvwrite.o)
 .debug_pubnames
                0x00000510       0x20 c:/programs/altera/13.0sp1/nios2eds/bin/gnu/h-i686-mingw32/bin/../lib/gcc/nios2-elf/4.1.2/../../../../nios2-elf/lib/mhw-mulx\libc.a(lib_a-isattyr.o)
 .debug_pubnames
                0x00000530       0x1f c:/programs/altera/13.0sp1/nios2eds/bin/gnu/h-i686-mingw32/bin/../lib/gcc/nios2-elf/4.1.2/../../../../nios2-elf/lib/mhw-mulx\libc.a(lib_a-lseekr.o)
 .debug_pubnames
                0x0000054f       0x1d c:/programs/altera/13.0sp1/nios2eds/bin/gnu/h-i686-mingw32/bin/../lib/gcc/nios2-elf/4.1.2/../../../../nios2-elf/lib/mhw-mulx\libc.a(lib_a-memchr.o)
 .debug_pubnames
                0x0000056c       0x1d c:/programs/altera/13.0sp1/nios2eds/bin/gnu/h-i686-mingw32/bin/../lib/gcc/nios2-elf/4.1.2/../../../../nios2-elf/lib/mhw-mulx\libc.a(lib_a-memcpy.o)
 .debug_pubnames
                0x00000589       0x1e c:/programs/altera/13.0sp1/nios2eds/bin/gnu/h-i686-mingw32/bin/../lib/gcc/nios2-elf/4.1.2/../../../../nios2-elf/lib/mhw-mulx\libc.a(lib_a-memmove.o)
 .debug_pubnames
                0x000005a7       0x1e c:/programs/altera/13.0sp1/nios2eds/bin/gnu/h-i686-mingw32/bin/../lib/gcc/nios2-elf/4.1.2/../../../../nios2-elf/lib/mhw-mulx\libc.a(lib_a-readr.o)
 .debug_pubnames
                0x000005c5       0x21 c:/programs/altera/13.0sp1/nios2eds/bin/gnu/h-i686-mingw32/bin/../lib/gcc/nios2-elf/4.1.2/../../../../nios2-elf/lib/mhw-mulx\libc.a(lib_a-reallocr.o)
 .debug_pubnames
                0x000005e6       0x22 c:/programs/altera/13.0sp1/nios2eds/bin/gnu/h-i686-mingw32/bin/../lib/gcc/nios2-elf/4.1.2/../../../../nios2-elf/lib/mhw-mulx\libc.a(lib_a-wsetup.o)
 .debug_pubnames
                0x00000608       0x48 c:/programs/altera/13.0sp1/nios2eds/bin/gnu/h-i686-mingw32/bin/../lib/gcc/nios2-elf/4.1.2/mhw-mulx\libgcc.a(lib2-divmod.o)
 .debug_pubnames
                0x00000650       0x1c ../HelloWorld_bsp/\libhal_bsp.a(alt_close.o)
 .debug_pubnames
                0x0000066c       0x63 ../HelloWorld_bsp/\libhal_bsp.a(alt_dev.o)
 .debug_pubnames
                0x000006cf       0x20 ../HelloWorld_bsp/\libhal_bsp.a(alt_errno.o)
 .debug_pubnames
                0x000006ef       0x1c ../HelloWorld_bsp/\libhal_bsp.a(alt_fstat.o)
 .debug_pubnames
                0x0000070b       0x1d ../HelloWorld_bsp/\libhal_bsp.a(alt_isatty.o)
 .debug_pubnames
                0x00000728       0x1c ../HelloWorld_bsp/\libhal_bsp.a(alt_lseek.o)
 .debug_pubnames
                0x00000744       0x46 ../HelloWorld_bsp/\libhal_bsp.a(alt_main.o)
 .debug_pubnames
                0x0000078a       0x38 ../HelloWorld_bsp/\libhal_bsp.a(alt_malloc_lock.o)
 .debug_pubnames
                0x000007c2       0x1b ../HelloWorld_bsp/\libhal_bsp.a(alt_open.o)
 .debug_pubnames
                0x000007dd       0x1b ../HelloWorld_bsp/\libhal_bsp.a(alt_read.o)
 .debug_pubnames
                0x000007f8       0x25 ../HelloWorld_bsp/\libhal_bsp.a(alt_release_fd.o)
 .debug_pubnames
                0x0000081d       0x1b ../HelloWorld_bsp/\libhal_bsp.a(alt_sbrk.o)
 .debug_pubnames
                0x00000838       0x1c ../HelloWorld_bsp/\libhal_bsp.a(alt_write.o)
 .debug_pubnames
                0x00000854       0x34 ../HelloWorld_bsp/\libhal_bsp.a(alt_sys_init.o)
 .debug_pubnames
                0x00000888       0xac ../HelloWorld_bsp/\libhal_bsp.a(altera_avalon_cfi_flash.o)
 .debug_pubnames
                0x00000934      0x27a ../HelloWorld_bsp/\libhal_bsp.a(altera_avalon_cfi_flash_table.o)
 .debug_pubnames
                0x00000bae       0xa5 ../HelloWorld_bsp/\libhal_bsp.a(altera_avalon_jtag_uart_fd.o)
 .debug_pubnames
                0x00000c53       0x55 ../HelloWorld_bsp/\libhal_bsp.a(altera_avalon_jtag_uart_init.o)
 .debug_pubnames
                0x00000ca8       0x34 ../HelloWorld_bsp/\libhal_bsp.a(altera_avalon_jtag_uart_ioctl.o)
 .debug_pubnames
                0x00000cdc       0x33 ../HelloWorld_bsp/\libhal_bsp.a(altera_avalon_jtag_uart_read.o)
 .debug_pubnames
                0x00000d0f       0x34 ../HelloWorld_bsp/\libhal_bsp.a(altera_avalon_jtag_uart_write.o)
 .debug_pubnames
                0x00000d43       0x55 ../HelloWorld_bsp/\libhal_bsp.a(altera_avalon_lcd_16207.o)
 .debug_pubnames
                0x00000d98       0x37 ../HelloWorld_bsp/\libhal_bsp.a(altera_avalon_lcd_16207_fd.o)
 .debug_pubnames
                0x00000dcf      0x30e ../HelloWorld_bsp/\libhal_bsp.a(altera_avalon_sgdma.o)
 .debug_pubnames
                0x000010dd       0x2f ../HelloWorld_bsp/\libhal_bsp.a(altera_avalon_timer_sc.o)
 .debug_pubnames
                0x0000110c       0x26 ../HelloWorld_bsp/\libhal_bsp.a(alt_alarm_start.o)
 .debug_pubnames
                0x00001132       0x27 ../HelloWorld_bsp/\libhal_bsp.a(alt_dcache_flush.o)
 .debug_pubnames
                0x00001159       0x2b ../HelloWorld_bsp/\libhal_bsp.a(alt_dev_llist_insert.o)
 .debug_pubnames
                0x00001184       0x20 ../HelloWorld_bsp/\libhal_bsp.a(alt_do_ctors.o)
 .debug_pubnames