Archive member included because of file (symbol)

c:/programs/altera/13.0sp1/nios2eds/bin/gnu/h-i686-mingw32/bin/../lib/gcc/nios2-elf/4.1.2/../../../../nios2-elf/lib/mhw-mulx\libc.a(lib_a-ctype_.o)
                              obj/default/network_utilities.o (__ctype_ptr)
c:/programs/altera/13.0sp1/nios2eds/bin/gnu/h-i686-mingw32/bin/../lib/gcc/nios2-elf/4.1.2/../../../../nios2-elf/lib/mhw-mulx\libc.a(lib_a-fprintf.o)
                              obj/default/alt_error_handler.o (fprintf)
c:/programs/altera/13.0sp1/nios2eds/bin/gnu/h-i686-mingw32/bin/../lib/gcc/nios2-elf/4.1.2/../../../../nios2-elf/lib/mhw-mulx\libc.a(lib_a-fwrite.o)
                              obj/default/alt_error_handler.o (fwrite)
c:/programs/altera/13.0sp1/nios2eds/bin/gnu/h-i686-mingw32/bin/../lib/gcc/nios2-elf/4.1.2/../../../../nios2-elf/lib/mhw-mulx\libc.a(lib_a-getc.o)
                              obj/default/network_utilities.o (getc)
c:/programs/altera/13.0sp1/nios2eds/bin/gnu/h-i686-mingw32/bin/../lib/gcc/nios2-elf/4.1.2/../../../../nios2-elf/lib/mhw-mulx\libc.a(lib_a-impure.o)
                              obj/default/alt_error_handler.o (_impure_ptr)
c:/programs/altera/13.0sp1/nios2eds/bin/gnu/h-i686-mingw32/bin/../lib/gcc/nios2-elf/4.1.2/../../../../nios2-elf/lib/mhw-mulx\libc.a(lib_a-memset.o)
                              obj/default/simple_socket_server.o (memset)
c:/programs/altera/13.0sp1/nios2eds/bin/gnu/h-i686-mingw32/bin/../lib/gcc/nios2-elf/4.1.2/../../../../nios2-elf/lib/mhw-mulx\libc.a(lib_a-perror.o)
                              obj/default/alt_error_handler.o (perror)
c:/programs/altera/13.0sp1/nios2eds/bin/gnu/h-i686-mingw32/bin/../lib/gcc/nios2-elf/4.1.2/../../../../nios2-elf/lib/mhw-mulx\libc.a(lib_a-printf.o)
                              obj/default/alt_error_handler.o (printf)
c:/programs/altera/13.0sp1/nios2eds/bin/gnu/h-i686-mingw32/bin/../lib/gcc/nios2-elf/4.1.2/../../../../nios2-elf/lib/mhw-mulx\libc.a(lib_a-putc.o)
                              obj/default/network_utilities.o (putc)
c:/programs/altera/13.0sp1/nios2eds/bin/gnu/h-i686-mingw32/bin/../lib/gcc/nios2-elf/4.1.2/../../../../nios2-elf/lib/mhw-mulx\libc.a(lib_a-putchar.o)
                              obj/default/network_utilities.o (putchar)
c:/programs/altera/13.0sp1/nios2eds/bin/gnu/h-i686-mingw32/bin/../lib/gcc/nios2-elf/4.1.2/../../../../nios2-elf/lib/mhw-mulx\libc.a(lib_a-puts.o)
                              obj/default/alt_error_handler.o (puts)
c:/programs/altera/13.0sp1/nios2eds/bin/gnu/h-i686-mingw32/bin/../lib/gcc/nios2-elf/4.1.2/../../../../nios2-elf/lib/mhw-mulx\libc.a(lib_a-rget.o)
                              c:/programs/altera/13.0sp1/nios2eds/bin/gnu/h-i686-mingw32/bin/../lib/gcc/nios2-elf/4.1.2/../../../../nios2-elf/lib/mhw-mulx\libc.a(lib_a-getc.o) (__srget_r)
c:/programs/altera/13.0sp1/nios2eds/bin/gnu/h-i686-mingw32/bin/../lib/gcc/nios2-elf/4.1.2/../../../../nios2-elf/lib/mhw-mulx\libc.a(lib_a-sprintf.o)
                              obj/default/simple_socket_server.o (sprintf)
c:/programs/altera/13.0sp1/nios2eds/bin/gnu/h-i686-mingw32/bin/../lib/gcc/nios2-elf/4.1.2/../../../../nios2-elf/lib/mhw-mulx\libc.a(lib_a-strchr.o)
                              obj/default/atoul.o (strchr)
c:/programs/altera/13.0sp1/nios2eds/bin/gnu/h-i686-mingw32/bin/../lib/gcc/nios2-elf/4.1.2/../../../../nios2-elf/lib/mhw-mulx\libc.a(lib_a-strerror.o)
                              c:/programs/altera/13.0sp1/nios2eds/bin/gnu/h-i686-mingw32/bin/../lib/gcc/nios2-elf/4.1.2/../../../../nios2-elf/lib/mhw-mulx\libc.a(lib_a-perror.o) (strerror)
c:/programs/altera/13.0sp1/nios2eds/bin/gnu/h-i686-mingw32/bin/../lib/gcc/nios2-elf/4.1.2/../../../../nios2-elf/lib/mhw-mulx\libc.a(lib_a-strlen.o)
                              obj/default/atoul.o (strlen)
c:/programs/altera/13.0sp1/nios2eds/bin/gnu/h-i686-mingw32/bin/../lib/gcc/nios2-elf/4.1.2/../../../../nios2-elf/lib/mhw-mulx\libc.a(lib_a-u_strerr.o)
                              c:/programs/altera/13.0sp1/nios2eds/bin/gnu/h-i686-mingw32/bin/../lib/gcc/nios2-elf/4.1.2/../../../../nios2-elf/lib/mhw-mulx\libc.a(lib_a-strerror.o) (_user_strerror)
c:/programs/altera/13.0sp1/nios2eds/bin/gnu/h-i686-mingw32/bin/../lib/gcc/nios2-elf/4.1.2/../../../../nios2-elf/lib/mhw-mulx\libc.a(lib_a-vfprintf.o)
                              c:/programs/altera/13.0sp1/nios2eds/bin/gnu/h-i686-mingw32/bin/../lib/gcc/nios2-elf/4.1.2/../../../../nios2-elf/lib/mhw-mulx\libc.a(lib_a-printf.o) (___vfprintf_internal_r)
c:/programs/altera/13.0sp1/nios2eds/bin/gnu/h-i686-mingw32/bin/../lib/gcc/nios2-elf/4.1.2/../../../../nios2-elf/lib/mhw-mulx\libc.a(lib_a-wbuf.o)
                              c:/programs/altera/13.0sp1/nios2eds/bin/gnu/h-i686-mingw32/bin/../lib/gcc/nios2-elf/4.1.2/../../../../nios2-elf/lib/mhw-mulx\libc.a(lib_a-putc.o) (__swbuf_r)
c:/programs/altera/13.0sp1/nios2eds/bin/gnu/h-i686-mingw32/bin/../lib/gcc/nios2-elf/4.1.2/../../../../nios2-elf/lib/mhw-mulx\libc.a(lib_a-wsetup.o)
[...]
Memory Configuration

Name             Origin             Length             Attributes
ext_flash_BEFORE_RESET 0x04000000         0x02020000
reset            0x06020000         0x00000020
ext_flash        0x06020020         0x01fdffe0
onchip_SRAM_BEFORE_EXCEPTION 0x09080000         0x00000120
onchip_SRAM      0x09080120         0x0007fee0
descriptor_memory 0x09100000         0x00002000
*default*        0x00000000         0xffffffff

Linker script and memory map

LOAD ../AsicController_bsp//obj/HAL/src/crt0.o
                0x06020000                exit = _exit
LOAD obj/default/AsicCtrl.o
LOAD obj/default/alt_error_handler.o
LOAD obj/default/atoul.o
LOAD obj/default/iniche_init.o
LOAD obj/default/led.o
LOAD obj/default/network_utilities.o
LOAD obj/default/simple_socket_server.o
LOAD obj/default/tse_my_system.o
LOAD c:/programs/altera/13.0sp1/nios2eds/bin/gnu/h-i686-mingw32/bin/../lib/gcc/nios2-elf/4.1.2/../../../../nios2-elf/lib/mhw-mulx\libstdc++.a
LOAD c:/programs/altera/13.0sp1/nios2eds/bin/gnu/h-i686-mingw32/bin/../lib/gcc/nios2-elf/4.1.2/../../../../nios2-elf/lib/mhw-mulx\libm.a
LOAD c:/programs/altera/13.0sp1/nios2eds/bin/gnu/h-i686-mingw32/bin/../lib/gcc/nios2-elf/4.1.2/mhw-mulx\libgcc.a
START GROUP
LOAD c:/programs/altera/13.0sp1/nios2eds/bin/gnu/h-i686-mingw32/bin/../lib/gcc/nios2-elf/4.1.2/../../../../nios2-elf/lib/mhw-mulx\libc.a
LOAD c:/programs/altera/13.0sp1/nios2eds/bin/gnu/h-i686-mingw32/bin/../lib/gcc/nios2-elf/4.1.2/mhw-mulx\libgcc.a
LOAD ../AsicController_bsp/\libucosii_bsp.a
END GROUP
LOAD c:/programs/altera/13.0sp1/nios2eds/bin/gnu/h-i686-mingw32/bin/../lib/gcc/nios2-elf/4.1.2/mhw-mulx\libgcc.a
                0x04000000                __alt_mem_ext_flash = 0x4000000
                0x09080000                __alt_mem_onchip_SRAM = 0x9080000
                0x09100000                __alt_mem_descriptor_memory = 0x9100000

.entry          0x06020000        0x0
 *(.entry)
 .entry         0x06020000        0x0 ../AsicController_bsp//obj/HAL/src/crt0.o
                0x06020000                _exit
                0x06020000                __reset

.exceptions     0x09080120      0x19c
                0x09080120                PROVIDE (__ram_exceptions_start, ABSOLUTE (.))
                0x09080120                . = ALIGN (0x20)
 *(.irq)
 *(.exceptions.entry.label)
 .exceptions.entry.label
                0x09080120        0x0 ../AsicController_bsp/\libucosii_bsp.a(alt_irq_entry.o)
                0x09080120                alt_irq_entry
 .exceptions.entry.label
                0x09080120        0x0 ../AsicController_bsp/\libucosii_bsp.a(alt_exception_entry.o)
                0x09080120                alt_exception
 *(.exceptions.entry.user)
 *(.exceptions.entry)
 .exceptions.entry
                0x09080120       0x54 ../AsicController_bsp/\libucosii_bsp.a(alt_exception_entry.o)
 *(.exceptions.irqtest.user)
 *(.exceptions.irqtest)
 .exceptions.irqtest
                0x09080174       0x10 ../AsicController_bsp/\libucosii_bsp.a(alt_irq_entry.o)
 *(.exceptions.irqhandler.user)
 *(.exceptions.irqhandler)
 .exceptions.irqhandler
                0x09080184        0x4 ../AsicController_bsp/\libucosii_bsp.a(alt_irq_entry.o)
 *(.exceptions.irqreturn.user)
 *(.exceptions.irqreturn)
 .exceptions.irqreturn
                0x09080188        0x4 ../AsicController_bsp/\libucosii_bsp.a(alt_irq_entry.o)
 *(.exceptions.notirq.label)
 .exceptions.notirq.label
                0x0908018c        0x0 ../AsicController_bsp/\libucosii_bsp.a(alt_irq_entry.o)
 *(.exceptions.notirq.user)
 *(.exceptions.notirq)
 .exceptions.notirq
                0x0908018c        0x8 ../AsicController_bsp/\libucosii_bsp.a(alt_exception_entry.o)
 *(.exceptions.soft.user)
 *(.exceptions.soft)
 *(.exceptions.unknown.user)
 *(.exceptions.unknown)
 .exceptions.unknown
                0x09080194        0x4 ../AsicController_bsp/\libucosii_bsp.a(alt_exception_entry.o)
 *(.exceptions.exit.label)
 .exceptions.exit.label
                0x09080198        0x0 ../AsicController_bsp/\libucosii_bsp.a(alt_irq_entry.o)
 .exceptions.exit.label
                0x09080198        0x0 ../AsicController_bsp/\libucosii_bsp.a(alt_exception_entry.o)
 *(.exceptions.exit.user)
 *(.exceptions.exit)
 .exceptions.exit
                0x09080198       0x54 ../AsicController_bsp/\libucosii_bsp.a(alt_exception_entry.o)
 *(.exceptions)
 .exceptions    0x090801ec       0xd0 ../AsicController_bsp/\libucosii_bsp.a(alt_irq_handler.o)
                0x090801ec                alt_irq_handler
                0x090802bc                PROVIDE (__ram_exceptions_end, ABSOLUTE (.))
                0x09080120                PROVIDE (__flash_exceptions_start, LOADADDR (.exceptions))

.text           0x090802bc    0x4b9b0
                0x090802bc                PROVIDE (stext, ABSOLUTE (.))
 *(.interp)
 *(.hash)
 *(.dynsym)
 *(.dynstr)
 *(.gnu.version)
 *(.gnu.version_d)
 *(.gnu.version_r)
 *(.rel.init)
 *(.rela.init)
 *(.rel.text .rel.text.* .rel.gnu.linkonce.t.*)
 *(.rela.text .rela.text.* .rela.gnu.linkonce.t.*)
 *(.rel.fini)
 *(.rela.fini)
 *(.rel.rodata .rel.rodata.* .rel.gnu.linkonce.r.*)
 *(.rela.rodata .rela.rodata.* .rela.gnu.linkonce.r.*)
 *(.rel.data .rel.data.* .rel.gnu.linkonce.d.*)
 *(.rela.data .rela.data.* .rela.gnu.linkonce.d.*)
 *(.rel.tdata .rel.tdata.* .rel.gnu.linkonce.td.*)
 *(.rela.tdata .rela.tdata.* .rela.gnu.linkonce.td.*)
 *(.rel.tbss .rel.tbss.* .rel.gnu.linkonce.tb.*)
 *(.rela.tbss .rela.tbss.* .rela.gnu.linkonce.tb.*)
 *(.rel.ctors)
 *(.rela.ctors)
 *(.rel.dtors)
 *(.rela.dtors)
 *(.rel.got)
 *(.rela.got)
 *(.rel.sdata .rel.sdata.* .rel.gnu.linkonce.s.*)
 *(.rela.sdata .rela.sdata.* .rela.gnu.linkonce.s.*)
 *(.rel.sbss .rel.sbss.* .rel.gnu.linkonce.sb.*)
 *(.rela.sbss .rela.sbss.* .rela.gnu.linkonce.sb.*)
 *(.rel.sdata2 .rel.sdata2.* .rel.gnu.linkonce.s2.*)
 *(.rela.sdata2 .rela.sdata2.* .rela.gnu.linkonce.s2.*)
 *(.rel.sbss2 .rel.sbss2.* .rel.gnu.linkonce.sb2.*)
 *(.rela.sbss2 .rela.sbss2.* .rela.gnu.linkonce.sb2.*)
 *(.rel.bss .rel.bss.* .rel.gnu.linkonce.b.*)
 *(.rela.bss .rela.bss.* .rela.gnu.linkonce.b.*)
 *(.rel.plt)
 *(.rela.plt)
 *(.rel.dyn)
 *(.init)
 *(.plt)
 *(.text .stub .text.* .gnu.linkonce.t.*)
 .text          0x090802bc       0x48 ../AsicController_bsp//obj/HAL/src/crt0.o
                0x090802bc                _start
 .text          0x09080304      0x560 obj/default/AsicCtrl.o
                0x09080304                WriteCommandReg
                0x09080334                WriteNbitReg
                0x09080364                WriteCfgFifo
                0x090803d4                ReadDummyReg
                0x09080418                ReadCommandReg
                0x09080450                ReadNbitReg
                0x09080488                ReadCfgFifo
                0x090804f4                ReadStatusReg
                0x0908052c                ReadDataFifoStatus
                0x09080564                ReadDataFifo0
                0x090805d0                ReadDataFifo1
                0x0908063c                ReadDataFifo2
                0x090806a8                ReadDataFifo3
                0x09080714                ReadDataFifo4
                0x09080780                ReadDataFifo5
                0x090807ec                ReadDataFifo
 .text          0x09080864      0xba8 obj/default/alt_error_handler.o
                0x09080864                alt_uCOSIIErrorHandler
                0x09080e88                alt_NetworkErrorHandler
                0x09081120                alt_SSSErrorHandler
 .text          0x0908140c      0x368 obj/default/atoul.o
                0x0908140c                atoul
 .text          0x09081774       0xf4 obj/default/iniche_init.o
                0x09081774                SSSInitialTask
                0x090817ec                main
 .text          0x09081868        0x0 obj/default/led.o
 .text          0x09081868      0x3c4 obj/default/network_utilities.o
                0x09081868                get_mac_addr
                0x090818b8                get_ip_addr
                0x09081914                get_serial_number
                0x09081af0                generate_mac_addr
 .text          0x09081c2c     0x13e8 obj/default/simple_socket_server.o
                0x09081c2c                SSSCreateOSDataStructs
                0x09081c48                SSSCreateTasks
                0x09081c64                SSSSimpleSocketServerTask
                0x09081d0c                sss_udp_process
                0x09082d4c                DataFifoReadout_Task
                0x09082d64                DataFifoReadout
 .text          0x09083014        0x0 obj/default/tse_my_system.o
 .text          0x09083014        0x0 c:/programs/altera/13.0sp1/nios2eds/bin/gnu/h-i686-mingw32/bin/../lib/gcc/nios2-elf/4.1.2/../../../../nios2-elf/lib/mhw-mulx\libc.a(lib_a-ctype_.o)
 .text          0x09083014       0x60 c:/programs/altera/13.0sp1/nios2eds/bin/gnu/h-i686-mingw32/bin/../lib/gcc/nios2-elf/4.1.2/../../../../nios2-elf/lib/mhw-mulx\libc.a(lib_a-fprintf.o)
                0x09083014                fprintf
                0x09083040                _fprintf_r
 .text          0x09083074       0xdc c:/programs/altera/13.0sp1/nios2eds/bin/gnu/h-i686-mingw32/bin/../lib/gcc/nios2-elf/4.1.2/../../../../nios2-elf/lib/mhw-mulx\libc.a(lib_a-fwrite.o)
                0x09083074                _fwrite_r
                0x09083110                fwrite
 .text          0x09083150      0x128 c:/programs/altera/13.0sp1/nios2eds/bin/gnu/h-i686-mingw32/bin/../lib/gcc/nios2-elf/4.1.2/../../../../nios2-elf/lib/mhw-mulx\libc.a(lib_a-getc.o)
                0x09083150                getc
                0x090831e8                _getc_r
 .text          0x09083278        0x0 c:/programs/altera/13.0sp1/nios2eds/bin/gnu/h-i686-mingw32/bin/../lib/gcc/nios2-elf/4.1.2/../../../../nios2-elf/lib/mhw-mulx\libc.a(lib_a-impure.o)
 .text          0x09083278       0x98 c:/programs/altera/13.0sp1/nios2eds/bin/gnu/h-i686-mingw32/bin/../lib/gcc/nios2-elf/4.1.2/../../../../nios2-elf/lib/mhw-mulx\libc.a(lib_a-memset.o)
                0x09083278                memset
 .text          0x09083310       0x80 c:/programs/altera/13.0sp1/nios2eds/bin/gnu/h-i686-mingw32/bin/../lib/gcc/nios2-elf/4.1.2/../../../../nios2-elf/lib/mhw-mulx\libc.a(lib_a-perror.o)
                0x09083310                _perror_r
                0x0908337c                perror
 .text          0x09083390       0x78 c:/programs/altera/13.0sp1/nios2eds/bin/gnu/h-i686-mingw32/bin/../lib/gcc/nios2-elf/4.1.2/../../../../nios2-elf/lib/mhw-mulx\libc.a(lib_a-printf.o)
                0x09083390                printf
                0x090833d4                _printf_r
 .text          0x09083408      0x1ec c:/programs/altera/13.0sp1/nios2eds/bin/gnu/h-i686-mingw32/bin/../lib/gcc/nios2-elf/4.1.2/../../../../nios2-elf/lib/mhw-mulx\libc.a(lib_a-putc.o)
                0x09083408                putc
                0x0908350c                _putc_r
 .text          0x090835f4       0x24 c:/programs/altera/13.0sp1/nios2eds/bin/gnu/h-i686-mingw32/bin/../lib/gcc/nios2-elf/4.1.2/../../../../nios2-elf/lib/mhw-mulx\libc.a(lib_a-putchar.o)
                0x090835f4                putchar
                0x09083610                _putchar_r
 .text          0x09083618       0xb4 c:/programs/altera/13.0sp1/nios2eds/bin/gnu/h-i686-mingw32/bin/../lib/gcc/nios2-elf/4.1.2/../../../../nios2-elf/lib/mhw-mulx\libc.a(lib_a-puts.o)
                0x09083618                _puts_r
                0x090836b8                puts
 .text          0x090836cc       0x60 c:/programs/altera/13.0sp1/nios2eds/bin/gnu/h-i686-mingw32/bin/../lib/gcc/nios2-elf/4.1.2/../../../../nios2-elf/lib/mhw-mulx\libc.a(lib_a-rget.o)
                0x090836cc                __srget_r
                0x09083718                __srget
 .text          0x0908372c       0xd4 c:/programs/altera/13.0sp1/nios2eds/bin/gnu/h-i686-mingw32/bin/../lib/gcc/nios2-elf/4.1.2/../../../../nios2-elf/lib/mhw-mulx\libc.a(lib_a-sprintf.o)
                0x0908372c                sprintf
                0x090837a0                _sprintf_r
 .text          0x09083800       0xe0 c:/programs/altera/13.0sp1/nios2eds/bin/gnu/h-i686-mingw32/bin/../lib/gcc/nios2-elf/4.1.2/../../../../nios2-elf/lib/mhw-mulx\libc.a(lib_a-strchr.o)
                0x09083800                strchr
 .text          0x090838e0      0x674 c:/programs/altera/13.0sp1/nios2eds/bin/gnu/h-i686-mingw32/bin/../lib/gcc/nios2-elf/4.1.2/../../../../nios2-elf/lib/mhw-mulx\libc.a(lib_a-strerror.o)
                0x090838e0                strerror
 .text          0x09083f54       0x74 c:/programs/altera/13.0sp1/nios2eds/bin/gnu/h-i686-mingw32/bin/../lib/gcc/nios2-elf/4.1.2/../../../../nios2-elf/lib/mhw-mulx\libc.a(lib_a-strlen.o)
                0x09083f54                strlen
 .text          0x09083fc8        0x8 c:/programs/altera/13.0sp1/nios2eds/bin/gnu/h-i686-mingw32/bin/../lib/gcc/nios2-elf/4.1.2/../../../../nios2-elf/lib/mhw-mulx\libc.a(lib_a-u_strerr.o)
                0x09083fc8                _user_strerror
 .text          0x09083fd0     0x1f28 c:/programs/altera/13.0sp1/nios2eds/bin/gnu/h-i686-mingw32/bin/../lib/gcc/nios2-elf/4.1.2/../../../../nios2-elf/lib/mhw-mulx\libc.a(lib_a-vfprintf.o)
                0x09084028                ___vfprintf_internal_r
                0x09085ed4                __vfprintf_internal
 .text          0x09085ef8      0x14c c:/programs/altera/13.0sp1/nios2eds/bin/gnu/h-i686-mingw32/bin/../lib/gcc/nios2-elf/4.1.2/../../../../nios2-elf/lib/mhw-mulx\libc.a(lib_a-wbuf.o)
                0x09085ef8                __swbuf_r
                0x09086028                __swbuf
 .text          0x09086044      0x13c c:/programs/altera/13.0sp1/nios2eds/bin/gnu/h-i686-mingw32/bin/../lib/gcc/nios2-elf/4.1.2/../../../../nios2-elf/lib/mhw-mulx\libc.a(lib_a-wsetup.o)
                0x09086044                __swsetup_r
 .text          0x09086180     0x17cc c:/programs/altera/13.0sp1/nios2eds/bin/gnu/h-i686-mingw32/bin/../lib/gcc/nios2-elf/4.1.2/../../../../nios2-elf/lib/mhw-mulx\libc.a(lib_a-dtoa.o)
                0x09086398                _dtoa_r
 .text          0x0908794c      0x230 c:/programs/altera/13.0sp1/nios2eds/bin/gnu/h-i686-mingw32/bin/../lib/gcc/nios2-elf/4.1.2/../../../../nios2-elf/lib/mhw-mulx\libc.a(lib_a-fflush.o)
                0x0908794c                _fflush_r
                0x09087b48                fflush
 .text          0x09087b7c      0x2c0 c:/programs/altera/13.0sp1/nios2eds/bin/gnu/h-i686-mingw32/bin/../lib/gcc/nios2-elf/4.1.2/../../../../nios2-elf/lib/mhw-mulx\libc.a(lib_a-findfp.o)
                0x09087bd4                __sfp_lock_acquire
                0x09087bd8                __sfp_lock_release
                0x09087bdc                __sinit_lock_acquire
                0x09087be0                __sinit_lock_release
                0x09087be4                __sinit
                0x09087c98                __fp_unlock_all
                0x09087cb0                __fp_lock_all
                0x09087cc8                _cleanup_r
                0x09087cd4                _cleanup
                0x09087ce4                __sfmoreglue
                0x09087d4c                __sfp
 .text          0x09087e3c       0xbc c:/programs/altera/13.0sp1/nios2eds/bin/gnu/h-i686-mingw32/bin/../lib/gcc/nios2-elf/4.1.2/../../../../nios2-elf/lib/mhw-mulx\libc.a(lib_a-fputc.o)
                0x09087e3c                fputc
                0x09087ea0                _fputc_r
 .text          0x09087ef8       0x90 c:/programs/altera/13.0sp1/nios2eds/bin/gnu/h-i686-mingw32/bin/../lib/gcc/nios2-elf/4.1.2/../../../../nios2-elf/lib/mhw-mulx\libc.a(lib_a-fputs.o)
                0x09087ef8                _fputs_r
                0x09087f6c                fputs
 .text          0x09087f88      0x440 c:/programs/altera/13.0sp1/nios2eds/bin/gnu/h-i686-mingw32/bin/../lib/gcc/nios2-elf/4.1.2/../../../../nios2-elf/lib/mhw-mulx\libc.a(lib_a-freer.o)
                0x09087f88                _malloc_trim_r
                0x090880b4                _free_r
 .text          0x090883c8      0x49c c:/programs/altera/13.0sp1/nios2eds/bin/gnu/h-i686-mingw32/bin/../lib/gcc/nios2-elf/4.1.2/../../../../nios2-elf/lib/mhw-mulx\libc.a(lib_a-fvwrite.o)
                0x090883c8                __sfvwrite_r
 .text          0x09088864      0x180 c:/programs/altera/13.0sp1/nios2eds/bin/gnu/h-i686-mingw32/bin/../lib/gcc/nios2-elf/4.1.2/../../../../nios2-elf/lib/mhw-mulx\libc.a(lib_a-fwalk.o)
                0x09088864                _fwalk_reent
                0x0908892c                _fwalk
 .text          0x090889e4       0xc4 c:/programs/altera/13.0sp1/nios2eds/bin/gnu/h-i686-mingw32/bin/../lib/gcc/nios2-elf/4.1.2/../../../../nios2-elf/lib/mhw-mulx\libc.a(lib_a-locale.o)
                0x090889e4                __locale_charset
                0x090889ec                _localeconv_r
                0x090889f8                localeconv
                0x09088a08                _setlocale_r
                0x09088a8c                setlocale
 .text          0x09088aa8      0x194 c:/programs/altera/13.0sp1/nios2eds/bin/gnu/h-i686-mingw32/bin/../lib/gcc/nios2-elf/4.1.2/../../../../nios2-elf/lib/mhw-mulx\libc.a(lib_a-makebuf.o)
                0x09088aa8                __smakebuf_r
 .text          0x09088c3c      0x740 c:/programs/altera/13.0sp1/nios2eds/bin/gnu/h-i686-mingw32/bin/../lib/gcc/nios2-elf/4.1.2/../../../../nios2-elf/lib/mhw-mulx\libc.a(lib_a-mallocr.o)
                0x09088c3c                _malloc_r
 .text          0x0908937c       0xe4 c:/programs/altera/13.0sp1/nios2eds/bin/gnu/h-i686-mingw32/bin/../lib/gcc/nios2-elf/4.1.2/../../../../nios2-elf/lib/mhw-mulx\libc.a(lib_a-memchr.o)
                0x0908937c                memchr
 .text          0x09089460       0xa0 c:/programs/altera/13.0sp1/nios2eds/bin/gnu/h-i686-mingw32/bin/../lib/gcc/nios2-elf/4.1.2/../../../../nios2-elf/lib/mhw-mulx\libc.a(lib_a-memcpy.o)
                0x09089460                memcpy
 .text          0x09089500       0xe0 c:/programs/altera/13.0sp1/nios2eds/bin/gnu/h-i686-mingw32/bin/../lib/gcc/nios2-elf/4.1.2/../../../../nios2-elf/lib/mhw-mulx\libc.a(lib_a-memmove.o)
                0x09089500                memmove
 .text          0x090895e0      0xff4 c:/programs/altera/13.0sp1/nios2eds/bin/gnu/h-i686-mingw32/bin/../lib/gcc/nios2-elf/4.1.2/../../../../nios2-elf/lib/mhw-mulx\libc.a(lib_a-mprec.o)
                0x090895e0                _Bfree
                0x09089608                __hi0bits
                0x09089678                __lo0bits
                0x0908973c                __mcmp
                0x0908979c                __ulp
                0x0908981c                __b2d
                0x0908993c                __ratio
                0x090899ec                _mprec_log10
                0x09089a80                __copybits
                0x09089ad8                __any_on
                0x09089b60                _Balloc
                0x09089c1c                __d2b
                0x09089d98                __mdiff
                0x09089f24                __lshift
                0x0908a070                __multiply
                0x0908a258                __i2b
                0x0908a294                __multadd
                0x0908a394                __pow5mult
                0x0908a4b4                __s2b
 .text          0x0908a5d4      0x5f4 c:/programs/altera/13.0sp1/nios2eds/bin/gnu/h-i686-mingw32/bin/../lib/gcc/nios2-elf/4.1.2/../../../../nios2-elf/lib/mhw-mulx\libc.a(lib_a-reallocr.o)
                0x0908a5d4                _realloc_r
 .text          0x0908abc8      0x1e0 c:/programs/altera/13.0sp1/nios2eds/bin/gnu/h-i686-mingw32/bin/../lib/gcc/nios2-elf/4.1.2/../../../../nios2-elf/lib/mhw-mulx\libc.a(lib_a-refill.o)
                0x0908abc8                __srefill_r
 .text          0x0908ada8       0x40 c:/programs/altera/13.0sp1/nios2eds/bin/gnu/h-i686-mingw32/bin/../lib/gcc/nios2-elf/4.1.2/../../../../nios2-elf/lib/mhw-mulx\libc.a(lib_a-s_isinfd.o)
                0x0908ada8                __isinfd
 .text          0x0908ade8       0x30 c:/programs/altera/13.0sp1/nios2eds/bin/gnu/h-i686-mingw32/bin/../lib/gcc/nios2-elf/4.1.2/../../../../nios2-elf/lib/mhw-mulx\libc.a(lib_a-s_isnand.o)
                0x0908ade8                __isnand
 .text          0x0908ae18       0x70 c:/programs/altera/13.0sp1/nios2eds/bin/gnu/h-i686-mingw32/bin/../lib/gcc/nios2-elf/4.1.2/../../../../nios2-elf/lib/mhw-mulx\libc.a(lib_a-sbrkr.o)
                0x0908ae18                _sbrk_r
 .text          0x0908ae88      0x14c c:/programs/altera/13.0sp1/nios2eds/bin/gnu/h-i686-mingw32/bin/../lib/gcc/nios2-elf/4.1.2/../../../../nios2-elf/lib/mhw-mulx\libc.a(lib_a-stdio.o)
                0x0908ae88                __sclose
                0x0908ae90                __sseek
                0x0908aef8                __swrite
                0x0908af74                __sread
 .text          0x0908afd4       0xbc c:/programs/altera/13.0sp1/nios2eds/bin/gnu/h-i686-mingw32/bin/../lib/gcc/nios2-elf/4.1.2/../../../../nios2-elf/lib/mhw-mulx\libc.a(lib_a-strcmp.o)
                0x0908afd4                strcmp
 .text          0x0908b090       0x78 c:/programs/altera/13.0sp1/nios2eds/bin/gnu/h-i686-mingw32/bin/../lib/gcc/nios2-elf/4.1.2/../../../../nios2-elf/lib/mhw-mulx\libc.a(lib_a-writer.o)
                0x0908b090                _write_r
 .text          0x0908b108       0xb4 c:/programs/altera/13.0sp1/nios2eds/bin/gnu/h-i686-mingw32/bin/../lib/gcc/nios2-elf/4.1.2/../../../../nios2-elf/lib/mhw-mulx\libc.a(lib_a-callocr.o)
                0x0908b108                _calloc_r
 .text          0x0908b1bc       0x70 c:/programs/altera/13.0sp1/nios2eds/bin/gnu/h-i686-mingw32/bin/../lib/gcc/nios2-elf/4.1.2/../../../../nios2-elf/lib/mhw-mulx\libc.a(lib_a-closer.o)
                0x0908b1bc                _close_r
 .text          0x0908b22c      0x124 c:/programs/altera/13.0sp1/nios2eds/bin/gnu/h-i686-mingw32/bin/../lib/gcc/nios2-elf/4.1.2/../../../../nios2-elf/lib/mhw-mulx\libc.a(lib_a-fclose.o)
                0x0908b22c                _fclose_r
                0x0908b33c                fclose
 .text          0x0908b350       0x74 c:/programs/altera/13.0sp1/nios2eds/bin/gnu/h-i686-mingw32/bin/../lib/gcc/nios2-elf/4.1.2/../../../../nios2-elf/lib/mhw-mulx\libc.a(lib_a-fstatr.o)
                0x0908b350                _fstat_r
 .text          0x0908b3c4        0x0 c:/programs/altera/13.0sp1/nios2eds/bin/gnu/h-i686-mingw32/bin/../lib/gcc/nios2-elf/4.1.2/../../../../nios2-elf/lib/mhw-mulx\libc.a(lib_a-int_errno.o)
 .text          0x0908b3c4       0x70 c:/programs/altera/13.0sp1/nios2eds/bin/gnu/h-i686-mingw32/bin/../lib/gcc/nios2-elf/4.1.2/../../../../nios2-elf/lib/mhw-mulx\libc.a(lib_a-isattyr.o)
                0x0908b3c4                _isatty_r
 .text          0x0908b434       0x78 c:/programs/altera/13.0sp1/nios2eds/bin/gnu/h-i686-mingw32/bin/../lib/gcc/nios2-elf/4.1.2/../../../../nios2-elf/lib/mhw-mulx\libc.a(lib_a-lseekr.o)
                0x0908b434                _lseek_r
 .text          0x0908b4ac       0x78 c:/programs/altera/13.0sp1/nios2eds/bin/gnu/h-i686-mingw32/bin/../lib/gcc/nios2-elf/4.1.2/../../../../nios2-elf/lib/mhw-mulx\libc.a(lib_a-readr.o)
                0x0908b4ac                _read_r
 .text          0x0908b524      0x5dc c:/programs/altera/13.0sp1/nios2eds/bin/gnu/h-i686-mingw32/bin/../lib/gcc/nios2-elf/4.1.2/mhw-mulx\libgcc.a(_udivdi3.o)
                0x0908b524                __udivdi3
 .text          0x0908bb00      0x5b0 c:/programs/altera/13.0sp1/nios2eds/bin/gnu/h-i686-mingw32/bin/../lib/gcc/nios2-elf/4.1.2/mhw-mulx\libgcc.a(_umoddi3.o)
                0x0908bb00                __umoddi3
 .text          0x0908c0b0      0x504 c:/programs/altera/13.0sp1/nios2eds/bin/gnu/h-i686-mingw32/bin/../lib/gcc/nios2-elf/4.1.2/mhw-mulx\libgcc.a(_addsub_df.o)
                0x0908c4c0                __subdf3
                0x0908c540                __adddf3
 .text          0x0908c5b4      0x3b4 c:/programs/altera/13.0sp1/nios2eds/bin/gnu/h-i686-mingw32/bin/../lib/gcc/nios2-elf/4.1.2/mhw-mulx\libgcc.a(_mul_df.o)
                0x0908c5b4                __muldf3
 .text          0x0908c968      0x258 c:/programs/altera/13.0sp1/nios2eds/bin/gnu/h-i686-mingw32/bin/../lib/gcc/nios2-elf/4.1.2/mhw-mulx\libgcc.a(_div_df.o)
                0x0908c968                __divdf3
 .text          0x0908cbc0       0x88 c:/programs/altera/13.0sp1/nios2eds/bin/gnu/h-i686-mingw32/bin/../lib/gcc/nios2-elf/4.1.2/mhw-mulx\libgcc.a(_eq_df.o)
                0x0908cbc0                __eqdf2
 .text          0x0908cc48       0x88 c:/programs/altera/13.0sp1/nios2eds/bin/gnu/h-i686-mingw32/bin/../lib/gcc/nios2-elf/4.1.2/mhw-mulx\libgcc.a(_ne_df.o)
                0x0908cc48                __nedf2
 .text          0x0908ccd0       0x88 c:/programs/altera/13.0sp1/nios2eds/bin/gnu/h-i686-mingw32/bin/../lib/gcc/nios2-elf/4.1.2/mhw-mulx\libgcc.a(_gt_df.o)
                0x0908ccd0                __gtdf2
 .text          0x0908cd58       0x88 c:/programs/altera/13.0sp1/nios2eds/bin/gnu/h-i686-mingw32/bin/../lib/gcc/nios2-elf/4.1.2/mhw-mulx\libgcc.a(_ge_df.o)
                0x0908cd58                __gedf2
 .text          0x0908cde0       0x88 c:/programs/altera/13.0sp1/nios2eds/bin/gnu/h-i686-mingw32/bin/../lib/gcc/nios2-elf/4.1.2/mhw-mulx\libgcc.a(_lt_df.o)
                0x0908cde0                __ltdf2
 .text          0x0908ce68       0xf8 c:/programs/altera/13.0sp1/nios2eds/bin/gnu/h-i686-mingw32/bin/../lib/gcc/nios2-elf/4.1.2/mhw-mulx\libgcc.a(_si_to_df.o)
                0x0908ce68                __floatsidf
 .text          0x0908cf60       0xd8 c:/programs/altera/13.0sp1/nios2eds/bin/gnu/h-i686-mingw32/bin/../lib/gcc/nios2-elf/4.1.2/mhw-mulx\libgcc.a(_df_to_si.o)
                0x0908cf60                __fixdfsi
 .text          0x0908d038        0x0 c:/programs/altera/13.0sp1/nios2eds/bin/gnu/h-i686-mingw32/bin/../lib/gcc/nios2-elf/4.1.2/mhw-mulx\libgcc.a(_thenan_df.o)
 .text          0x0908d038      0x194 c:/programs/altera/13.0sp1/nios2eds/bin/gnu/h-i686-mingw32/bin/../lib/gcc/nios2-elf/4.1.2/mhw-mulx\libgcc.a(_usi_to_df.o)
                0x0908d038                __floatunsidf
 .text          0x0908d1cc      0x14c c:/programs/altera/13.0sp1/nios2eds/bin/gnu/h-i686-mingw32/bin/../lib/gcc/nios2-elf/4.1.2/mhw-mulx\libgcc.a(lib2-divmod.o)
                0x0908d248                __divsi3
                0x0908d2a8                __modsi3
                0x0908d308                __udivsi3
                0x0908d310                __umodsi3
 .text          0x0908d318        0x0 c:/programs/altera/13.0sp1/nios2eds/bin/gnu/h-i686-mingw32/bin/../lib/gcc/nios2-elf/4.1.2/mhw-mulx\libgcc.a(_clz.o)
 .text          0x0908d318       0x80 c:/programs/altera/13.0sp1/nios2eds/bin/gnu/h-i686-mingw32/bin/../lib/gcc/nios2-elf/4.1.2/mhw-mulx\libgcc.a(_clzsi2.o)
                0x0908d318                __clzsi2
 .text          0x0908d398      0x314 c:/programs/altera/13.0sp1/nios2eds/bin/gnu/h-i686-mingw32/bin/../lib/gcc/nios2-elf/4.1.2/mhw-mulx\libgcc.a(_pack_df.o)
                0x0908d398                __pack_d
 .text          0x0908d6ac      0x138 c:/programs/altera/13.0sp1/nios2eds/bin/gnu/h-i686-mingw32/bin/../lib/gcc/nios2-elf/4.1.2/mhw-mulx\libgcc.a(_unpack_df.o)
                0x0908d6ac                __unpack_d
 .text          0x0908d7e4       0xc8 c:/programs/altera/13.0sp1/nios2eds/bin/gnu/h-i686-mingw32/bin/../lib/gcc/nios2-elf/4.1.2/mhw-mulx\libgcc.a(_fpcmp_parts_df.o)
                0x0908d7e4                __fpcmp_parts_d
 .text          0x0908d8ac      0x134 ../AsicController_bsp/\libucosii_bsp.a(alt_fstat.o)
                0x0908d8ac                fstat
 .text          0x0908d9e0      0x120 ../AsicController_bsp/\libucosii_bsp.a(alt_isatty.o)
                0x0908d9e0                isatty
 .text          0x0908db00      0x150 ../AsicController_bsp/\libucosii_bsp.a(alt_lseek.o)
                0x0908db00                lseek
 .text          0x0908dc50       0xb8 ../AsicController_bsp/\libucosii_bsp.a(alt_main.o)
                0x0908dc50                alt_main
 .text          0x0908dd08       0xbc ../AsicController_bsp/\libucosii_bsp.a(alt_sbrk.o)
                0x0908dd08                sbrk
 .text          0x0908ddc4      0x108 ../AsicController_bsp/\libucosii_bsp.a(alt_env_lock.o)
                0x0908ddc4                __env_lock
                0x0908de70                __env_unlock
 .text          0x0908decc      0x1d8 ../AsicController_bsp/\libucosii_bsp.a(alt_malloc_lock.o)
                0x0908decc                __malloc_lock
                0x0908dfd4                __malloc_unlock
 .text          0x0908e0a4     0x2140 ../AsicController_bsp/\libucosii_bsp.a(os_core.o)
                0x0908e0a4                OSEventNameGet
                0x0908e1d4                OSEventNameSet
                0x0908e318                OSEventPendMulti
                0x0908e9cc                OSInit
                0x0908ea20                OSIntEnter
                0x0908ea9c                OSIntExit
                0x0908eb9c                OSSchedLock
                0x0908ec28                OSSchedUnlock
                0x0908ed0c                OSStart
                0x0908ed7c                OSStatInit
                0x0908ee28                OSTimeTick
                0x0908f068                OSVersion
                0x0908f088                OS_Dummy
                0x0908f0a4                OS_EventTaskRdy
                0x0908f238                OS_EventTaskWait
                0x0908f348                OS_EventTaskWaitMulti
                0x0908f49c                OS_EventTaskRemove
                0x0908f554                OS_EventTaskRemoveMulti
                0x0908f658                OS_EventWaitListInit
                0x0908fa24                OS_MemClr
                0x0908fa78                OS_MemCopy
                0x0908fae4                OS_Sched
                0x0908fc28                OS_StrCopy
                0x0908fca8                OS_StrLen
                0x0908fd00                OS_TaskIdle
                0x0908fd5c                OS_TaskStat
                0x0908fe3c                OS_TaskStatStkChk
                0x0908ff04                OS_TCBInit
 .text          0x090901e4      0x18c ../AsicController_bsp/\libucosii_bsp.a(os_dbg.o)
                0x090901e4                OSDebugInit
 .text          0x09090370     0x193c ../AsicController_bsp/\libucosii_bsp.a(os_flag.o)
                0x09090370                OSFlagAccept
                0x090906a4                OSFlagCreate
                0x090907e0                OSFlagDel
                0x09090a88                OSFlagNameGet
                0x09090bcc                OSFlagNameSet
                0x09090d20                OSFlagPend
                0x09091364                OSFlagPendGetFlagsRdy
                0x090913cc                OSFlagPost
                0x09091774                OSFlagQuery
                0x09091a0c                OS_FlagInit
                0x09091c00                OS_FlagUnlink
 .text          0x09091cac      0x808 ../AsicController_bsp/\libucosii_bsp.a(os_mem.o)
                0x09091cac                OSMemCreate
                0x09091ec8                OSMemGet
                0x09091fcc                OSMemNameGet
                0x090920d8                OSMemNameSet
                0x090921f8                OSMemPut
                0x090922e8                OSMemQuery
                0x090923e4                OS_MemInit
 .text          0x090924b4     0x1334 ../AsicController_bsp/\libucosii_bsp.a(os_q.o)
                0x090924b4                OSQAccept
                0x09092608                OSQCreate
                0x0909281c                OSQDel
                0x09092b1c                OSQFlush
                0x09092be4                OSQPend
                0x09092f04                OSQPendAbort
                0x09093080                OSQPost
                0x09093200                OSQPostFront
                0x09093388                OSQPostOpt
                0x090935bc                OSQQuery
                0x0909373c                OS_QInit
 .text          0x090937e8      0xbc8 ../AsicController_bsp/\libucosii_bsp.a(os_sem.o)
                0x090937e8                OSSemAccept
                0x090938a8                OSSemCreate
                0x090939bc                OSSemDel
                0x09093c5c                OSSemPend
                0x09093ed8                OSSemPendAbort
                0x09094054                OSSemPost
                0x0909417c                OSSemQuery
                0x090942ac                OSSemSet
 .text          0x090943b0     0x1a40 ../AsicController_bsp/\libucosii_bsp.a(os_task.o)
                0x090943b0                OSTaskChangePrio
                0x09094924                OSTaskCreate
                0x09094af8                OSTaskCreateExt
                0x09094cf8                OSTaskDel
                0x09095104                OSTaskDelReq
                0x09095274                OSTaskNameGet
                0x0909542c                OSTaskNameSet
                0x090955f0                OSTaskResume
                0x09095808                OSTaskStkChk
                0x09095a04                OSTaskSuspend
                0x09095c30                OSTaskQuery
                0x09095d74                OS_TaskStkClr
 .text          0x09095df0      0x668 ../AsicController_bsp/\libucosii_bsp.a(os_time.o)
                0x09095df0                OSTimeDly
                0x09095f3c                OSTimeDlyHMSM
                0x09096180                OSTimeDlyResume
                0x09096390                OSTimeGet
                0x090963f4                OSTimeSet
 .text          0x09096458      0x2ec ../AsicController_bsp/\libucosii_bsp.a(alt_sys_init.o)
                0x09096458                alt_irq_init
                0x0909648c                alt_sys_init
 .text          0x09096744      0x8d8 ../AsicController_bsp/\libucosii_bsp.a(altera_avalon_cfi_flash.o)
                0x09096744                alt_flash_cfi_init
                0x09096818                alt_flash_cfi_write
                0x09096ad8                alt_flash_cfi_get_info
                0x09096b68                alt_flash_cfi_read
                0x09096bd0                alt_write_value_to_flash
                0x09096d34                alt_flash_program_block
 .text          0x0909701c     0x14a8 ../AsicController_bsp/\libucosii_bsp.a(altera_avalon_cfi_flash_table.o)
                0x0909701c                alt_read_query_entry_8bit
                0x0909705c                alt_read_query_entry_16bit
                0x090970a0                alt_read_query_entry_32bit
                0x090970e8                alt_write_flash_command_8bit_device_8bit_mode
                0x09097124                alt_write_flash_command_16bit_device_8bit_mode
                0x090971a0                alt_write_flash_command_32bit_device_8bit_mode
                0x090971e8                alt_write_flash_command_16bit_device_16bit_mode
                0x0909722c                alt_write_flash_command_32bit_device_16bit_mode
                0x09097274                alt_write_flash_command_32bit_device_32bit_mode
                0x090972bc                alt_write_native_8bit
                0x090972f0                alt_write_native_16bit
                0x09097324                alt_write_native_32bit
                0x09097354                alt_set_flash_width_func
                0x09097534                alt_set_flash_algorithm_func
                0x0909765c                alt_read_cfi_table
                0x09097c3c                alt_read_cfi_width
                0x090983e8                alt_check_primary_table
 .text          0x090984c4      0x148 ../AsicController_bsp/\libucosii_bsp.a(altera_avalon_jtag_uart_fd.o)
                0x090984c4                altera_avalon_jtag_uart_read_fd
                0x0909851c                altera_avalon_jtag_uart_write_fd
                0x09098574                altera_avalon_jtag_uart_close_fd
                0x090985bc                altera_avalon_jtag_uart_ioctl_fd
 .text          0x0909860c      0x584 ../AsicController_bsp/\libucosii_bsp.a(altera_avalon_jtag_uart_init.o)
                0x0909860c                altera_avalon_jtag_uart_init
                0x09098b1c                altera_avalon_jtag_uart_close
 .text          0x09098b90       0xf4 ../AsicController_bsp/\libucosii_bsp.a(altera_avalon_jtag_uart_ioctl.o)
                0x09098b90                altera_avalon_jtag_uart_ioctl
 .text          0x09098c84      0x2c0 ../AsicController_bsp/\libucosii_bsp.a(altera_avalon_jtag_uart_read.o)
                0x09098c84                altera_avalon_jtag_uart_read
 .text          0x09098f44      0x2dc ../AsicController_bsp/\libucosii_bsp.a(altera_avalon_jtag_uart_write.o)
                0x09098f44                altera_avalon_jtag_uart_write
 .text          0x09099220      0xf4c ../AsicController_bsp/\libucosii_bsp.a(altera_avalon_lcd_16207.o)
                0x090999f4                altera_avalon_lcd_16207_write
                0x09099ff0                altera_avalon_lcd_16207_init
 .text          0x0909a16c       0x58 ../AsicController_bsp/\libucosii_bsp.a(altera_avalon_lcd_16207_fd.o)
                0x0909a16c                altera_avalon_lcd_16207_write_fd
 .text          0x0909a1c4      0xde4 ../AsicController_bsp/\libucosii_bsp.a(altera_avalon_sgdma.o)
                0x0909a1c4                alt_avalon_sgdma_do_async_transfer
                0x0909a300                alt_avalon_sgdma_do_sync_transfer
                0x0909a424                alt_avalon_sgdma_construct_mem_to_mem_desc
                0x0909a494                alt_avalon_sgdma_construct_mem_to_mem_desc_burst
                0x0909a514                alt_avalon_sgdma_construct_stream_to_mem_desc
                0x0909a568                alt_avalon_sgdma_construct_stream_to_mem_desc_burst
                0x0909a5d8                alt_avalon_sgdma_construct_mem_to_stream_desc
                0x0909a64c                alt_avalon_sgdma_construct_mem_to_stream_desc_burst
                0x0909a6d0                alt_avalon_sgdma_register_callback
                0x0909a720                alt_avalon_sgdma_start
                0x0909a774                alt_avalon_sgdma_stop
                0x0909a7cc                alt_avalon_sgdma_check_descriptor_status
                0x0909a83c                alt_avalon_sgdma_open
                0x0909a8f4                alt_avalon_sgdma_construct_descriptor
                0x0909a97c                alt_avalon_sgdma_enable_desc_poll
                0x0909a9f8                alt_avalon_sgdma_disable_desc_poll
                0x0909aa54                alt_avalon_sgdma_construct_descriptor_burst
                0x0909aefc                alt_avalon_sgdma_init
 .text          0x0909afa8      0x100 ../AsicController_bsp/\libucosii_bsp.a(altera_avalon_timer_sc.o)
                0x0909b018                alt_avalon_timer_sc_init
 .text          0x0909b0a8     0x5340 ../AsicController_bsp/\libucosii_bsp.a(altera_avalon_tse.o)
                0x0909b0a8                no_printf
                0x0909b0d4                tse_mac_initTransInfo2
                0x0909b134                tse_mac_sTxWrite
                0x0909b224                tse_mac_aRxRead
                0x0909b2c8                tse_mac_SwReset
                0x0909b35c                tse_mac_setMIImode
                0x0909b3b4                tse_mac_setGMIImode
                0x0909b408                alt_tse_phy_add_profile
                0x0909b5e0                alt_tse_system_add_sys
                0x0909bff4                alt_tse_sys_enable_mdio_sharing
                0x0909c16c                alt_tse_mac_get_common_speed
                0x0909c1ac                alt_tse_mac_set_common_speed
                0x0909c1f4                alt_tse_get_system_index
                0x0909c270                alt_tse_get_mac_group_index
                0x0909c2f0                alt_tse_get_mac_info_index
                0x0909c37c                alt_tse_get_mac_info
                0x0909c45c                alt_tse_mac_set_speed
                0x0909c548                alt_tse_mac_set_duplex
                0x0909c5e0                getPHYSpeed
                0x0909d3e8                alt_tse_phy_rd_mdio_addr
                0x0909d430                alt_tse_phy_wr_mdio_addr
                0x0909d484                alt_tse_phy_wr_mdio_reg
                0x0909d5ac                alt_tse_phy_rd_mdio_reg
                0x0909d670                alt_tse_phy_add_profile_default
                0x0909d8e8                alt_tse_phy_print_profile
                0x0909dad8                alt_tse_mac_group_init
                0x0909e1e4                alt_tse_mac_get_phy
                0x0909e5fc                alt_tse_mac_associate_phy
                0x0909e834                alt_tse_phy_cfg_pcs
                0x0909e954                alt_tse_phy_init
                0x0909ea68                alt_tse_phy_restart_an
                0x0909ec18                alt_tse_phy_check_link
                0x0909ed5c                alt_tse_phy_get_cap
                0x0909f29c                alt_tse_phy_set_adv_1000
                0x0909f430                alt_tse_phy_set_adv_100
                0x0909f640                alt_tse_phy_set_adv_10
                0x0909f7d8                alt_tse_phy_get_common_speed
                0x0909faf4                alt_tse_phy_set_common_speed
                0x0909ffd8                marvell_phy_cfg
                0x090a0080                marvell_cfg_gmii
                0x090a0174                marvell_cfg_sgmii
                0x090a0268                marvell_cfg_rgmii
                0x090a0368                DP83848C_link_status_read
 .text          0x090a03e8     0x17a4 ../AsicController_bsp/\libucosii_bsp.a(ins_tse_mac.o)
                0x090a03e8                altera_eth_tse_init
                0x090a0544                prep_tse_mac
                0x090a07c8                tse_mac_init
                0x090a12b0                tse_mac_raw_send
                0x090a15a8                tse_sgdmaRx_isr
                0x090a1650                tse_sgdma_read_init
                0x090a17f8                tse_mac_rcv
                0x090a1a48                tse_mac_stats
                0x090a1a88                tse_mac_close
 .text          0x090a1b8c       0x54 ../AsicController_bsp/\libucosii_bsp.a(alt_iniche_close.o)
                0x090a1b8c                close
 .text          0x090a1be0      0x144 ../AsicController_bsp/\libucosii_bsp.a(alt_iniche_dev.o)
                0x090a1be0                iniche_devices_init
 .text          0x090a1d24       0x78 ../AsicController_bsp/\libucosii_bsp.a(alt_iniche_read.o)
                0x090a1d24                read
 .text          0x090a1d9c       0x70 ../AsicController_bsp/\libucosii_bsp.a(alt_iniche_write.o)
                0x090a1d9c                write
 .text          0x090a1e0c      0xedc ../AsicController_bsp/\libucosii_bsp.a(ipnet.o)
                0x090a1e0c                Netinit
                0x090a2458                fixup_subnet_mask
                0x090a25b8                netclose
                0x090a26a0                pktdemux
                0x090a2a74                c_older
                0x090a2b44                ip2mac
 .text          0x090a2ce8      0x4b0 ../AsicController_bsp/\libucosii_bsp.a(ipstart.o)
                0x090a2ce8                ip_startup
                0x090a2fcc                exit_hook
                0x090a3038                ip_exit
                0x090a3108                if_netnumber
 .text          0x090a3198     0x10f8 ../AsicController_bsp/\libucosii_bsp.a(igmp_cmn.o)
                0x090a3198                igmp_init
                0x090a3288                igmp_input
                0x090a3380                igmp_fasttimo
                0x090a35b4                igmp_send
                0x090a385c                igmp_joingroup
                0x090a3ad8                igmp_leavegroup
                0x090a3b54                igmp_validate
                0x090a3eb0                igmp_print_stats
 .text          0x090a4290      0xbb4 ../AsicController_bsp/\libucosii_bsp.a(bsdsock.o)
                0x090a4290                bsd_accept
                0x090a43c8                bsd_getpeername
                0x090a44f4                bsd_getsockname
                0x090a4620                bsd_i_sockoptlen
                0x090a47d8                bsd_getsockopt
                0x090a48f8                bsd_ioctl
                0x090a49fc                bsd_inet_ntoa
                0x090a4a2c                bsd_recvfrom
                0x090a4b8c                bsd_select
                0x090a4d58                bsd_setsockopt
 .text          0x090a4e44      0x118 ../AsicController_bsp/\libucosii_bsp.a(cksum.o)
                0x090a4e44                ccksum
                0x090a4ef4                cksum
 .text          0x090a4f5c      0xb34 ../AsicController_bsp/\libucosii_bsp.a(in_utils.o)
                0x090a4f5c                do_trap
                0x090a4f88                nextarg
                0x090a5004                hexdump
                0x090a514c                print_ipad
                0x090a51c0                print_uptime
                0x090a537c                panic
                0x090a53c0                print_eth
                0x090a5524                uslash
                0x090a55a4                ns_printf
                0x090a5728                std_out
                0x090a576c                con_page
                0x090a5864                parse_args
 .text          0x090a5a90      0x1c8 ../AsicController_bsp/\libucosii_bsp.a(netmain.o)
                0x090a5a90                netmain
                0x090a5b84                tk_netmain
                0x090a5c0c                tk_nettick
 .text          0x090a5c58      0x5e8 ../AsicController_bsp/\libucosii_bsp.a(tk_crnos.o)
                0x090a5c58                TK_OSTimeDly
                0x090a5c84                TK_OSTaskResume
                0x090a5cf4                tcp_sleep
                0x090a5e94                tcp_wakeup
                0x090a5f98                TK_OSTaskQuery
                0x090a600c                tk_yield
                0x090a6038                tk_stats
 .text          0x090a6240     0x3298 ../AsicController_bsp/\libucosii_bsp.a(dhcpclnt.o)
                0x090a6240                dhc_get_srv_ipaddr
                0x090a62d0                dhc_init
                0x090a638c                dhc_set_callback
                0x090a63d0                dhc_upcall
                0x090a6c00                dhc_buildheader
                0x090a6e1c                dhc_discover
                0x090a734c                dhc_rx_offer
                0x090a7450                dhc_request
                0x090a7f8c                dhc_setip
                0x090a820c                dhc_resetip
                0x090a82f0                dhc_decline
                0x090a84d4                dhc_extract_opts
                0x090a8790                dhc_second
                0x090a906c                dhc_halt
                0x090a90f4                dhc_reclaim
                0x090a92c4                dhc_state_init
                0x090a9324                dhc_alldone
                0x090a93b4                dhc_ifacedone
                0x090a9428                dhc_set_state
 .text          0x090a94d8       0xcc ../AsicController_bsp/\libucosii_bsp.a(dhcputil.o)
                0x090a94d8                find_opt
 .text          0x090a95a4      0x79c ../AsicController_bsp/\libucosii_bsp.a(pktalloc.o)
                0x090a95a4                pk_init
                0x090a9834                pk_alloc
                0x090a9910                pk_validate
                0x090a9bc8                pk_free
                0x090a9c74                pk_get_max_intrsafe_buf_len
                0x090a9c94                dump_buf_estats
 .text          0x090a9d40      0x288 ../AsicController_bsp/\libucosii_bsp.a(q.o)
                0x090a9d40                getq
                0x090a9e08                putq
                0x090a9eb8                qdel
 .text          0x090a9fc8      0x31c ../AsicController_bsp/\libucosii_bsp.a(udp_open.o)
                0x090a9fc8                udp_open
                0x090aa200                udp_close
 .text          0x090aa2e4      0x194 ../AsicController_bsp/\libucosii_bsp.a(asm_cksum.o)
                0x090aa2e4                asm_cksum
 .text          0x090aa478      0x2e0 ../AsicController_bsp/\libucosii_bsp.a(brdutils.o)
                0x090aa478                dtrap
                0x090aa4a8                kbhit
                0x090aa554                getch
                0x090aa5b4                clock_init
                0x090aa5f0                clock_c
                0x090aa60c                cticks_hook
                0x090aa6b8                irq_Mask
                0x090aa714                irq_Unmask
 .text          0x090aa758      0x488 ../AsicController_bsp/\libucosii_bsp.a(osportco.o)
                0x090aa758                LOCK_NET_RESOURCE
                0x090aa818                UNLOCK_NET_RESOURCE
                0x090aa8a0                TK_NEWTASK
                0x090aaab4                wait_app_sem
                0x090aab68                post_app_sem
 .text          0x090aabe0      0x568 ../AsicController_bsp/\libucosii_bsp.a(targnios.o)
                0x090aabe0                alt_iniche_init
                0x090aadfc                pre_task_setup
                0x090aae70                post_task_setup
                0x090aae90                prep_armintcp
                0x090aaec8                calloc2
                0x090aaefc                npalloc
                0x090aaff0                npfree
                0x090ab0a8                ncpalloc
                0x090ab0fc                ncpfree
 .text          0x090ab148     0x19b4 ../AsicController_bsp/\libucosii_bsp.a(nptcp.o)
                0x090ab148                pffindtype
                0x090ab1e8                pffindproto
                0x090ab2b8                m_getnbuf
                0x090ab460                m_free
                0x090ab594                m_freem
                0x090ab5d8                m_copy
                0x090ab8fc                m_adj
                0x090abacc                mbuf_len
                0x090abb24                dtom
                0x090abbcc                remque
                0x090abc3c                insque
                0x090abcb8                nptcp_init
                0x090abddc                tcp_rcv
                0x090abfc8                ip_output
                0x090ac5c0                in_broadcast
                0x090ac600                np_stripoptions
                0x090ac6e8                so_icmpdu
                0x090aca40                tcp_tick
 .text          0x090acafc      0xa2c ../AsicController_bsp/\libucosii_bsp.a(rawsock.o)
                0x090acafc                rawip_lookup
                0x090acb6c                rawip_soinput
                0x090acd40                rawip_usrreq
 .text          0x090ad528     0x17fc ../AsicController_bsp/\libucosii_bsp.a(sockcall.o)
                0x090ad528                DOMAIN_CHECK
                0x090ad574                t_socket
                0x090ad604                t_bind
                0x090ad780                t_listen
                0x090ad864                t_accept
                0x090adafc                t_connect
                0x090adda4                t_getpeername
                0x090adde8                t_getsockname
                0x090ae028                t_setsockopt
                0x090ae204                t_getsockopt
                0x090ae3a8                t_recv
                0x090ae498                t_recvfrom
                0x090ae5e8                t_sendto
                0x090ae814                t_send
                0x090aea3c                t_shutdown
                0x090aeb20                t_socketclose
                0x090aec88                t_errno
 .text          0x090aed24     0x23e8 ../AsicController_bsp/\libucosii_bsp.a(socket.o)
                0x090aed24                socreate
                0x090aeef0                sobind
                0x090aef4c                solisten
                0x090af03c                sofree
                0x090af16c                soclose
                0x090af4d4                soabort
                0x090af524                soaccept
                0x090af5c0                soconnect
                0x090af694                sodisconnect
                0x090af734                sosend
                0x090afd3c                soreceive
                0x090b0520                soshutdown
                0x090b05c8                sorflush
                0x090b06c8                sosetopt
                0x090b0b88                sogetopt
                0x090b10c8                sohasoutofband
 .text          0x090b110c     0x1318 ../AsicController_bsp/\libucosii_bsp.a(socket2.o)
                0x090b110c                soisconnecting
                0x090b1178                soisconnected
                0x090b1274                soisdisconnecting
                0x090b1300                soisdisconnected
                0x090b13bc                sonewconn
                0x090b15d8                soqinsque
                0x090b1684                soqremque
                0x090b17a4                socantsendmore
                0x090b17f4                socantrcvmore
                0x090b1844                sbselqueue
                0x090b187c                sbwait
                0x090b18e4                sbwakeup
                0x090b1980                soreserve
                0x090b1a00                sbreserve
                0x090b1a60                sbrelease
                0x090b1aa8                sbappend
                0x090b1b50                sbappendrecord
                0x090b1c30                sbappendaddr
                0x090b1e38                sbcompress
                0x090b2020                sbflush
                0x090b20b0                sbdrop
                0x090b2280                sbdropend
                0x090b2390                sbdroprecord
 .text          0x090b2424      0x914 ../AsicController_bsp/\libucosii_bsp.a(soselect.o)
                0x090b2424                t_select
                0x090b2644                sock_selscan
                0x090b279c                sock_select
                0x090b29b0                in_pcbnotify
                0x090b2a7c                tcp_notify
                0x090b2ae4                ifd_clr
                0x090b2bd4                ifd_set
                0x090b2c48                ifd_isset
                0x090b2cc8                ifd_get
 .text          0x090b2d38     0x301c ../AsicController_bsp/\libucosii_bsp.a(tcp_in.o)
                0x090b2d38                tcp_reass
                0x090b3140                tcp_input
                0x090b5694                tcp_dooptions
                0x090b5824                tcp_pulloutofband
                0x090b5950                tcp_xmit_timer
                0x090b5bf0                ip4_tcpmss
                0x090b5c38                tcp_mss
 .text          0x090b5d54     0x1360 ../AsicController_bsp/\libucosii_bsp.a(tcp_out.o)
                0x090b5d54                tcp_output
                0x090b6ed0                tcp_setpersist
 .text          0x090b70b4      0x9e8 ../AsicController_bsp/\libucosii_bsp.a(tcp_subr.o)
                0x090b70b4                tcp_init
                0x090b710c                tcp_template
                0x090b7224                tcp_respond
                0x090b76ac                tcp_newtcpcb
                0x090b77c4                tcp_drop
                0x090b7870                tcp_close
                0x090b7958                tcp_quench
                0x090b79a4                tcp_putseq
                0x090b7a24                tcp_getseq
 .text          0x090b7a9c      0x798 ../AsicController_bsp/\libucosii_bsp.a(tcp_timr.o)
                0x090b7a9c                tcp_slowtimo
                0x090b7d3c                tcp_canceltimers
                0x090b7d98                tcp_timers
 .text          0x090b8234      0x9ec ../AsicController_bsp/\libucosii_bsp.a(tcp_usr.o)
                0x090b8234                tcp_usrreq
                0x090b8938                tcp_attach
                0x090b8a6c                tcp_disconnect
                0x090b8b40                tcp_usrclosed
 .text          0x090b8c20       0x4c ../AsicController_bsp/\libucosii_bsp.a(tcpport.o)
                0x090b8c20                tcpinit
 .text          0x090b8c6c      0xd20 ../AsicController_bsp/\libucosii_bsp.a(udpsock.o)
                0x090b8c6c                udp_lookup
                0x090b8cdc                udp_soinput
                0x090b8e94                udp_usrreq
                0x090b9118                udp4_sockbind
                0x090b9454                udp4_socksend
                0x090b9830                udp4_sockaddr
 .text          0x090b998c      0x154 ../AsicController_bsp/\libucosii_bsp.a(alt_alarm_start.o)
                0x090b998c                alt_alarm_start
 .text          0x090b9ae0      0x15c ../AsicController_bsp/\libucosii_bsp.a(alt_close.o)
                0x090b9ae0                alt_close
 .text          0x090b9c3c       0x78 ../AsicController_bsp/\libucosii_bsp.a(alt_dcache_flush.o)
                0x090b9c3c                alt_dcache_flush
 .text          0x090b9cb4       0x2c ../AsicController_bsp/\libucosii_bsp.a(alt_dev.o)
 .text          0x090b9ce0      0x114 ../AsicController_bsp/\libucosii_bsp.a(alt_dev_llist_insert.o)
                0x090b9ce0                alt_dev_llist_insert
 .text          0x090b9df4        0x0 ../AsicController_bsp/\libucosii_bsp.a(alt_errno.o)
 .text          0x090b9df4       0x94 ../AsicController_bsp/\libucosii_bsp.a(alt_find_dev.o)
                0x090b9df4                alt_find_dev
 .text          0x090b9e88       0xd0 ../AsicController_bsp/\libucosii_bsp.a(alt_flash_dev.o)
                0x090b9e88                alt_flash_open_dev
                0x090b9f04                alt_flash_close_dev
 .text          0x090b9f58      0x1d4 ../AsicController_bsp/\libucosii_bsp.a(alt_iic.o)
                0x090b9f58                alt_ic_isr_register
                0x090b9fa8                alt_ic_irq_enable
                0x090ba044                alt_ic_irq_disable
                0x090ba0e4                alt_ic_irq_enabled
 .text          0x090ba12c       0xf8 ../AsicController_bsp/\libucosii_bsp.a(alt_iic_isr_register.o)
                0x090ba12c                alt_iic_isr_register
 .text          0x090ba224      0x13c ../AsicController_bsp/\libucosii_bsp.a(alt_io_redirect.o)
                0x090ba2e8                alt_io_redirect
 .text          0x090ba360        0x0 ../AsicController_bsp/\libucosii_bsp.a(alt_irq_entry.o)
 .text          0x090ba360        0x0 ../AsicController_bsp/\libucosii_bsp.a(alt_irq_handler.o)
 .text          0x090ba360        0x0 ../AsicController_bsp/\libucosii_bsp.a(alt_irq_vars.o)
 .text          0x090ba360      0x2c4 ../AsicController_bsp/\libucosii_bsp.a(alt_open.o)
                0x090ba43c                open
 .text          0x090ba624      0x180 ../AsicController_bsp/\libucosii_bsp.a(alt_read.o)
                0x090ba624                alt_read
 .text          0x090ba7a4       0x60 ../AsicController_bsp/\libucosii_bsp.a(alt_release_fd.o)
                0x090ba7a4                alt_release_fd
 .text          0x090ba804       0x38 ../AsicController_bsp/\libucosii_bsp.a(alt_remap_cached.o)
                0x090ba804                alt_remap_cached
 .text          0x090ba83c       0x40 ../AsicController_bsp/\libucosii_bsp.a(alt_remap_uncached.o)
                0x090ba83c                alt_remap_uncached
 .text          0x090ba87c      0x1a8 ../AsicController_bsp/\libucosii_bsp.a(alt_tick.o)
                0x090ba87c                alt_alarm_stop
                0x090ba914                alt_tick
 .text          0x090baa24       0x64 ../AsicController_bsp/\libucosii_bsp.a(alt_uncached_malloc.o)
                0x090baa24                alt_uncached_malloc
 .text          0x090baa88      0x164 ../AsicController_bsp/\libucosii_bsp.a(alt_usleep.o)
                0x090baa88                usleep
 .text          0x090babec      0x180 ../AsicController_bsp/\libucosii_bsp.a(alt_write.o)
                0x090babec                alt_write
 .text          0x090bad6c       0x20 ../AsicController_bsp/\libucosii_bsp.a(altera_nios2_qsys_irq.o)
                0x090bad6c                altera_nios2_qsys_irq_init
 .text          0x090bad8c       0xd0 ../AsicController_bsp/\libucosii_bsp.a(os_cpu_a.o)
                0x090bad8c                OSCtxSw
                0x090bad8c                OSIntCtxSw
                0x090bae18                OSStartHighRdy
                0x090bae38                OSStartTsk
 .text          0x090bae5c      0x424 ../AsicController_bsp/\libucosii_bsp.a(os_cpu_c.o)
                0x090bae5c                OSTaskStkInit
                0x090bb16c                OSTaskCreateHook
                0x090bb18c                OSTaskDelHook
                0x090bb1ac                OSTaskSwHook
                0x090bb1c8                OSTaskStatHook
                0x090bb1e4                OSTimeTickHook
                0x090bb20c                OSInitHookBegin
                0x090bb228                OSInitHookEnd
                0x090bb244                OSTaskIdleHook
                0x090bb260                OSTCBInitHook
 .text          0x090bb280      0x460 ../AsicController_bsp/\libucosii_bsp.a(altera_avalon_cfi_flash_amd.o)
                0x090bb280                alt_program_amd
                0x090bb2e8                alt_erase_block_amd
 .text          0x090bb6e0      0x460 ../AsicController_bsp/\libucosii_bsp.a(altera_avalon_cfi_flash_intel.o)
                0x090bb6e0                alt_program_intel
                0x090bb764                alt_erase_block_intel
 .text          0x090bbb40      0x464 ../AsicController_bsp/\libucosii_bsp.a(allports.o)
                0x090bbb40                netmain_init
                0x090bbc3c                icmp_port_du
                0x090bbcc4                station_state
                0x090bbe4c                sysuptime
                0x090bbedc                packet_check
                0x090bbf28                mcastlist
                0x090bbf4c                prep_modules
 .text          0x090bbfa4      0x578 ../AsicController_bsp/\libucosii_bsp.a(timeouts.o)
                0x090bbfa4                inet_timer
                0x090bc2a0                in_timerset
                0x090bc474                in_timerkill
 .text          0x090bc51c       0xa4 ../AsicController_bsp/\libucosii_bsp.a(tk_misc.o)
                0x090bc51c                create_apptasks
                0x090bc540                task_stats
 .text          0x090bc5c0       0xb0 ../AsicController_bsp/\libucosii_bsp.a(alt_iniche_fcntl.o)
                0x090bc5c0                fcntl
 .text          0x090bc670     0x159c ../AsicController_bsp/\libucosii_bsp.a(et_arp.o)
                0x090bc670                etainit
                0x090bc6c4                et_send
                0x090bc840                arp_free_pending
                0x090bc8c8                arp_send_pending
                0x090bc93c                send_arp
                0x090bcdd4                find_oldest_arp
                0x090bcfc8                make_arp_entry
                0x090bd0dc                arpReply
                0x090bd370                arprcv
                0x090bd5d0                send_via_arp
                0x090bd79c                cb_arpent_tmo
                0x090bd940                grat_arp
 .text          0x090bdc0c      0x298 ../AsicController_bsp/\libucosii_bsp.a(iface.o)
                0x090bdc0c                if_getbynum
                0x090bdc90                isbcast
                0x090bdd70                reg_type
                0x090bde0c                if_killsocks
 .text          0x090bdea4     0x22ac ../AsicController_bsp/\libucosii_bsp.a(ip.o)
                0x090bdea4                ip_init
                0x090bdfa0                ip_bldhead
                0x090be144                ip_write_internal
                0x090be8c4                ip_write
                0x090beb0c                ip_write2
                0x090beebc                ip_raw_write
                0x090bef94                ip_fragment_lc
                0x090bf41c                ip_fragment
                0x090bfa48                ip_mymach
                0x090bfaf4                ip_dump
                0x090bfdac                iproute
                0x090c0018                ip_copypkt
 .text          0x090c0150     0x1e00 ../AsicController_bsp/\libucosii_bsp.a(ip_reasm.o)
                0x090c0150                ip_reasm_match_frag_with_ire
                0x090c0220                ip_reasm_determine_type_of_frag
                0x090c030c                ip_reasm_check_mem_useage
                0x090c03a4                ip_reasm_incr_mem_useage
                0x090c044c                ip_reasm_decr_mem_useage
                0x090c04ec                ip_reasm_process_first_fragment
                0x090c07cc                ip_reassm
                0x090c086c                ip_reasm_compute_overlap
                0x090c0dfc                ip_reasm_process_subsequent_fragments
                0x090c1390                ip_reasm_find_ire
                0x090c13f4                ip_reasm_copy_queued_fragments_into_reassy_buffer
                0x090c1750                ip_reasm_process_timer_tick
                0x090c186c                ip_reasm_delete_ire
                0x090c1a34                ip_reasm_mark_compact_rfq
                0x090c1b7c                ipr_stats
                0x090c1efc                ip_reasm_send_icmp_timex
 .text          0x090c1f50      0xe3c ../AsicController_bsp/\libucosii_bsp.a(ipdemux.o)
                0x090c1f50                ip_rcv
                0x090c2350                ip_rcv_phase2
                0x090c295c                ip_demux
 .text          0x090c2d8c      0x2f0 ../AsicController_bsp/\libucosii_bsp.a(ipmc.o)
                0x090c2d8c                in_addmulti
                0x090c2ef4                in_delmulti
                0x090c300c                lookup_mcast
 .text          0x090c307c       0xe4 ../AsicController_bsp/\libucosii_bsp.a(ipport.o)
                0x090c307c                prep_ifaces
                0x090c3110                netexit
                0x090c3138                evtmap_setup
 .text          0x090c3160      0x550 ../AsicController_bsp/\libucosii_bsp.a(ipraw.o)
                0x090c3160                ip_raw_open
                0x090c3250                ip_raw_close
                0x090c3310                ip_raw_input
                0x090c3548                ip_raw_alloc
                0x090c3614                ip_raw_free
                0x090c3654                ip_raw_maxalloc
 .text          0x090c36b0      0x6f0 ../AsicController_bsp/\libucosii_bsp.a(iproute.o)
                0x090c36b0                rt_lookup
                0x090c3834                add_route
                0x090c3c5c                del_route
 .text          0x090c3da0      0xe3c ../AsicController_bsp/\libucosii_bsp.a(udp.o)
                0x090c3da0                udpdemux
                0x090c45f8                udp_send
                0x090c48b0                udpswap
                0x090c49e0                udp_socket
                0x090c4ab0                udp_alloc
                0x090c4b70                udp_maxalloc
                0x090c4b9c                udp_free
 .text          0x090c4bdc      0x2f0 ../AsicController_bsp/\libucosii_bsp.a(igmp.o)
                0x090c4bdc                igmpv1_input
 .text          0x090c4ecc      0x7c0 ../AsicController_bsp/\libucosii_bsp.a(igmp2.o)
                0x090c4ecc                igmpv2_input
                0x090c502c                igmpv2_process_report
                0x090c5178                igmpv2_process_query
                0x090c53c4                igmpv2_chk_set_timer
                0x090c551c                igmpv2_chk4_rtr_alert_opt
 .text          0x090c568c      0x8fc ../AsicController_bsp/\libucosii_bsp.a(ipopt.o)
                0x090c568c                IPADDR_TO_NETP
                0x090c57d4                ip_setmoptions
                0x090c5dc4                ip_getmoptions
                0x090c5f04                ip_freemoptions
 .text          0x090c5f88      0x6e8 ../AsicController_bsp/\libucosii_bsp.a(u_mctest.o)
                0x090c5f88                u_mctest_init
                0x090c5fb8                u_mctest_run
 .text          0x090c6670      0x3d0 ../AsicController_bsp/\libucosii_bsp.a(dhcsetup.o)
                0x090c6670                dhc_setup
                0x090c693c                dhc_main_ipset
 .text          0x090c6a40      0x40c ../AsicController_bsp/\libucosii_bsp.a(memdev.o)
                0x090c6a40                init_memdev
                0x090c6ab8                md_fopen
                0x090c6ae0                md_fclose
                0x090c6b00                md_fread
                0x090c6c80                md_fwrite
                0x090c6d00                md_fseek
                0x090c6d2c                md_ftell
                0x090c6d50                md_fgetc
                0x090c6e28                md_unlink
 .text          0x090c6e4c      0x810 ../AsicController_bsp/\libucosii_bsp.a(parseip.o)
                0x090c6e4c                parse_ipad
                0x090c7168                inet_addr
                0x090c71d0                hextoa
                0x090c7240                inet_pton
                0x090c72ec                inet_ntop
                0x090c7378                print46_addr
                0x090c73d8                inet46_addr
                0x090c749c                inet_setport
                0x090c7510                convert_ip
 .text          0x090c765c      0x1cc ../AsicController_bsp/\libucosii_bsp.a(tcpcksum.o)
                0x090c765c                tcp_cksum
 .text          0x090c7828      0x900 ../AsicController_bsp/\libucosii_bsp.a(in_pcb.o)
                0x090c7828                in_pcballoc
                0x090c78bc                in_pcbdetach
                0x090c7910                in_pcbbind
                0x090c7b64                in_pcbconnect
                0x090c7d74                in_pcbdisconnect
                0x090c7dd4                in_setsockaddr
                0x090c7e50                in_setpeeraddr
                0x090c7ecc                in_pcblookup
 .text          0x090c8128     0x1a74 ../AsicController_bsp/\libucosii_bsp.a(vfsfiles.o)
                0x090c8128                set_vfopen_error
                0x090c8150                get_vfopen_error
                0x090c8170                vf_alloc_and_link_vop
                0x090c81ec                vf_alloc_buffer
                0x090c82c4                vf_free_buffer
                0x090c8314                vfopen_locked
                0x090c867c                vfopen
                0x090c86cc                vfclose_locked
                0x090c8874                vfclose
                0x090c88b4                vfflush
                0x090c88fc                vfgets
                0x090c89e0                vfeof
                0x090c8a38                vunlink_flag_open_files
                0x090c8a94                vunlink
                0x090c8cb4                vfread
                0x090c8e60                vfwrite_locked
                0x090c9248                vfwrite
                0x090c92a8                vfseek
                0x090c9424                vftell
                0x090c9558                vgetc_locked
                0x090c9678                vgetc
                0x090c96c0                vfslookup_locked
                0x090c97f8                vfslookup
                0x090c9840                strippath
                0x090c9a28                isvfile_locked
                0x090c9a8c                isvfile
                0x090c9ad4                vferror
                0x090c9b40                vclearerr
 .text          0x090c9b9c       0x24 ../AsicController_bsp/\libucosii_bsp.a(vfsport.o)
                0x090c9b9c                prep_vfs
 .text          0x090c9bc0      0x12c ../AsicController_bsp/\libucosii_bsp.a(alt_busy_sleep.o)
                0x090c9bc0                alt_busy_sleep
 .text          0x090c9cec        0x0 ../AsicController_bsp/\libucosii_bsp.a(alt_exception_entry.o)
 .text          0x090c9cec      0x1b4 ../AsicController_bsp/\libucosii_bsp.a(alt_fcntl.o)
                0x090c9cec                alt_fcntl
 .text          0x090c9ea0      0x120 ../AsicController_bsp/\libucosii_bsp.a(alt_find_file.o)
                0x090c9ea0                alt_find_file
 .text          0x090c9fc0       0xf4 ../AsicController_bsp/\libucosii_bsp.a(alt_get_fd.o)
                0x090c9fc0                alt_get_fd
 .text          0x090ca0b4     0x130c ../AsicController_bsp/\libucosii_bsp.a(icmp.o)
                0x090ca0b4                icmprcv
                0x090cace8                icmp_destun
                0x090cb038                icmp_timex
                0x090cb36c                icmp_du
 .text          0x090cb3c0       0x18 c:/programs/altera/13.0sp1/nios2eds/bin/gnu/h-i686-mingw32/bin/../lib/gcc/nios2-elf/4.1.2/../../../../nios2-elf/lib/mhw-mulx\libc.a(lib_a-atoi.o)
                0x090cb3c0                _atoi_r
                0x090cb3cc                atoi
 .text          0x090cb3d8       0x1c c:/programs/altera/13.0sp1/nios2eds/bin/gnu/h-i686-mingw32/bin/../lib/gcc/nios2-elf/4.1.2/../../../../nios2-elf/lib/mhw-mulx\libc.a(lib_a-calloc.o)
                0x090cb3d8                calloc
 .text          0x090cb3f4       0x38 c:/programs/altera/13.0sp1/nios2eds/bin/gnu/h-i686-mingw32/bin/../lib/gcc/nios2-elf/4.1.2/../../../../nios2-elf/lib/mhw-mulx\libc.a(lib_a-exit.o)
 .text          0x090cb42c       0x28 c:/programs/altera/13.0sp1/nios2eds/bin/gnu/h-i686-mingw32/bin/../lib/gcc/nios2-elf/4.1.2/../../../../nios2-elf/lib/mhw-mulx\libc.a(lib_a-malloc.o)
                0x090cb42c                free
                0x090cb440                malloc
 .text          0x090cb454       0x74 c:/programs/altera/13.0sp1/nios2eds/bin/gnu/h-i686-mingw32/bin/../lib/gcc/nios2-elf/4.1.2/../../../../nios2-elf/lib/mhw-mulx\libc.a(lib_a-memcmp.o)
                0x090cb454                memcmp
 .text          0x090cb4c8       0x8c c:/programs/altera/13.0sp1/nios2eds/bin/gnu/h-i686-mingw32/bin/../lib/gcc/nios2-elf/4.1.2/../../../../nios2-elf/lib/mhw-mulx\libc.a(lib_a-strcpy.o)
                0x090cb4c8                strcpy
 .text          0x090cb554       0xf0 c:/programs/altera/13.0sp1/nios2eds/bin/gnu/h-i686-mingw32/bin/../lib/gcc/nios2-elf/4.1.2/../../../../nios2-elf/lib/mhw-mulx\libc.a(lib_a-strncmp.o)
                0x090cb554                strncmp
 .text          0x090cb644       0xbc c:/programs/altera/13.0sp1/nios2eds/bin/gnu/h-i686-mingw32/bin/../lib/gcc/nios2-elf/4.1.2/../../../../nios2-elf/lib/mhw-mulx\libc.a(lib_a-strncpy.o)
                0x090cb644                strncpy
 .text          0x090cb700      0x268 c:/programs/altera/13.0sp1/nios2eds/bin/gnu/h-i686-mingw32/bin/../lib/gcc/nios2-elf/4.1.2/../../../../nios2-elf/lib/mhw-mulx\libc.a(lib_a-strtol.o)
                0x090cb700                _strtol_r
                0x090cb944                strtol
 .text          0x090cb968       0x34 c:/programs/altera/13.0sp1/nios2eds/bin/gnu/h-i686-mingw32/bin/../lib/gcc/nios2-elf/4.1.2/../../../../nios2-elf/lib/mhw-mulx\libc.a(lib_a-vprintf.o)
                0x090cb968                _vprintf_r
                0x090cb97c                vprintf
 .text          0x090cb99c       0x74 c:/programs/altera/13.0sp1/nios2eds/bin/gnu/h-i686-mingw32/bin/../lib/gcc/nios2-elf/4.1.2/../../../../nios2-elf/lib/mhw-mulx\libc.a(lib_a-vsprintf.o)
                0x090cb99c                _vsprintf_r
                0x090cb9ec                vsprintf
 .text          0x090cba10      0x1b4 c:/programs/altera/13.0sp1/nios2eds/bin/gnu/h-i686-mingw32/bin/../lib/gcc/nios2-elf/4.1.2/../../../../nios2-elf/lib/mhw-mulx\libc.a(lib_a-__call_atexit.o)
                0x090cba14                __call_exitprocs
 .text          0x090cbbc4       0xa4 c:/programs/altera/13.0sp1/nios2eds/bin/gnu/h-i686-mingw32/bin/../lib/gcc/nios2-elf/4.1.2/mhw-mulx\libgcc.a(_fixunsdfsi.o)
                0x090cbbc4                __fixunsdfsi
 *(.gnu.warning.*)
 *(.fini)
                0x090cbc68                PROVIDE (__etext, ABSOLUTE (.))
                0x090cbc68                PROVIDE (_etext, ABSOLUTE (.))
                0x090cbc68                PROVIDE (etext, ABSOLUTE (.))
 *(.eh_frame_hdr)
                0x090cbc68                . = ALIGN (0x4)
                0x090cbc68                PROVIDE (__preinit_array_start, ABSOLUTE (.))
 *(.preinit_array)
                0x090cbc68                PROVIDE (__preinit_array_end, ABSOLUTE (.))
                0x090cbc68                PROVIDE (__init_array_start, ABSOLUTE (.))
 *(.init_array)
                0x090cbc68                PROVIDE (__init_array_end, ABSOLUTE (.))
                0x090cbc68                PROVIDE (__fini_array_start, ABSOLUTE (.))
 *(.fini_array)
                0x090cbc68                PROVIDE (__fini_array_end, ABSOLUTE (.))
 *(.eh_frame)
 *(.gcc_except_table)
 *(.dynamic)
                0x090cbc68                PROVIDE (__CTOR_LIST__, ABSOLUTE (.))
 *(.ctors)
 *(SORT(.ctors.*))
 .ctors.65535   0x090cbc68        0x4 c:/programs/altera/13.0sp1/nios2eds/bin/gnu/h-i686-mingw32/bin/../lib/gcc/nios2-elf/4.1.2/../../../../nios2-elf/lib/mhw-mulx\libc.a(lib_a-__call_atexit.o)
                0x090cbc6c                PROVIDE (__CTOR_END__, ABSOLUTE (.))
                0x090cbc6c                PROVIDE (__DTOR_LIST__, ABSOLUTE (.))
 *(.dtors)
 *(SORT(.dtors.*))
                0x090cbc6c                PROVIDE (__DTOR_END__, ABSOLUTE (.))
 *(.jcr)
                0x090cbc6c                . = ALIGN (0x4)

.rodata         0x090cbc6c     0x5da4
                0x090cbc6c                PROVIDE (__ram_rodata_start, ABSOLUTE (.))
                0x090cbc6c                . = ALIGN (0x4)
 *(.rodata .rodata.* .gnu.linkonce.r.*)
 .rodata        0x090cbc6c      0xba4 obj/default/alt_error_handler.o
 .rodata        0x090cc810       0x84 obj/default/atoul.o
 .rodata        0x090cc894       0x3c obj/default/iniche_init.o
 .rodata        0x090cc8d0      0x180 obj/default/network_utilities.o
 .rodata        0x090cca50       0x84 obj/default/simple_socket_server.o
 .rodata        0x090ccad4       0x20 obj/default/tse_my_system.o
 .rodata        0x090ccaf4      0x281 c:/programs/altera/13.0sp1/nios2eds/bin/gnu/h-i686-mingw32/bin/../lib/gcc/nios2-elf/4.1.2/../../../../nios2-elf/lib/mhw-mulx\libc.a(lib_a-ctype_.o)
                0x090ccaf4                _ctype_
 *fill*         0x090ccd75        0x3 00
 .rodata.str1.4
                0x090ccd78        0x2 c:/programs/altera/13.0sp1/nios2eds/bin/gnu/h-i686-mingw32/bin/../lib/gcc/nios2-elf/4.1.2/../../../../nios2-elf/lib/mhw-mulx\libc.a(lib_a-impure.o)
                                  0x4 (size before relaxing)
 *fill*         0x090ccd7a        0x2 00
 .rodata.str1.4
                0x090ccd7c        0x3 c:/programs/altera/13.0sp1/nios2eds/bin/gnu/h-i686-mingw32/bin/../lib/gcc/nios2-elf/4.1.2/../../../../nios2-elf/lib/mhw-mulx\libc.a(lib_a-perror.o)
                                  0x4 (size before relaxing)
 *fill*         0x090ccd7f        0x1 00
 .rodata.str1.4
                0x090ccd80        0x2 c:/programs/altera/13.0sp1/nios2eds/bin/gnu/h-i686-mingw32/bin/../lib/gcc/nios2-elf/4.1.2/../../../../nios2-elf/lib/mhw-mulx\libc.a(lib_a-puts.o)
                                  0x4 (size before relaxing)
 *fill*         0x090ccd82        0x2 00
 .rodata.str1.4
                0x090ccd84      0x7a2 c:/programs/altera/13.0sp1/nios2eds/bin/gnu/h-i686-mingw32/bin/../lib/gcc/nios2-elf/4.1.2/../../../../nios2-elf/lib/mhw-mulx\libc.a(lib_a-strerror.o)
                                0x7a8 (size before relaxing)
 *fill*         0x090cd526        0x2 00
 .rodata.str1.4
                0x090cd528       0x5e c:/programs/altera/13.0sp1/nios2eds/bin/gnu/h-i686-mingw32/bin/../lib/gcc/nios2-elf/4.1.2/../../../../nios2-elf/lib/mhw-mulx\libc.a(lib_a-vfprintf.o)
                                 0x60 (size before relaxing)
 .rodata        0x090cd586       0x20 c:/programs/altera/13.0sp1/nios2eds/bin/gnu/h-i686-mingw32/bin/../lib/gcc/nios2-elf/4.1.2/../../../../nios2-elf/lib/mhw-mulx\libc.a(lib_a-vfprintf.o)
 *fill*         0x090cd5a6        0x2 00
 .rodata.str1.4
                0x090cd5a8       0x10 c:/programs/altera/13.0sp1/nios2eds/bin/gnu/h-i686-mingw32/bin/../lib/gcc/nios2-elf/4.1.2/../../../../nios2-elf/lib/mhw-mulx\libc.a(lib_a-dtoa.o)
                                 0x14 (size before relaxing)
 .rodata.str1.4
                0x090cd5b8       0x10 c:/programs/altera/13.0sp1/nios2eds/bin/gnu/h-i686-mingw32/bin/../lib/gcc/nios2-elf/4.1.2/../../../../nios2-elf/lib/mhw-mulx\libc.a(lib_a-locale.o)
                                 0x18 (size before relaxing)
 .rodata        0x090cd5c8       0x30 c:/programs/altera/13.0sp1/nios2eds/bin/gnu/h-i686-mingw32/bin/../lib/gcc/nios2-elf/4.1.2/../../../../nios2-elf/lib/mhw-mulx\libc.a(lib_a-locale.o)
 .rodata        0x090cd5f8      0x124 c:/programs/altera/13.0sp1/nios2eds/bin/gnu/h-i686-mingw32/bin/../lib/gcc/nios2-elf/4.1.2/../../../../nios2-elf/lib/mhw-mulx\libc.a(lib_a-mprec.o)
                0x090cd5f8                __mprec_tens
                0x090cd6c0                __mprec_bigtens
                0x090cd6e8                __mprec_tinytens
 .rodata        0x090cd71c       0x14 c:/programs/altera/13.0sp1/nios2eds/bin/gnu/h-i686-mingw32/bin/../lib/gcc/nios2-elf/4.1.2/mhw-mulx\libgcc.a(_thenan_df.o)
                0x090cd71c                __thenan_df
 .rodata        0x090cd730      0x100 c:/programs/altera/13.0sp1/nios2eds/bin/gnu/h-i686-mingw32/bin/../lib/gcc/nios2-elf/4.1.2/mhw-mulx\libgcc.a(_clz.o)
                0x090cd730                __clz_tab
 .rodata        0x090cd830       0x10 ../AsicController_bsp/\libucosii_bsp.a(alt_main.o)
 .rodata        0x090cd840      0x120 ../AsicController_bsp/\libucosii_bsp.a(os_core.o)
                0x090cd840                OSUnMapTbl
 .rodata        0x090cd960       0x5c ../AsicController_bsp/\libucosii_bsp.a(alt_sys_init.o)
 .rodata        0x090cd9bc     0x1cc0 ../AsicController_bsp/\libucosii_bsp.a(altera_avalon_tse.o)
 .rodata        0x090cf67c      0x36c ../AsicController_bsp/\libucosii_bsp.a(ins_tse_mac.o)
 .rodata        0x090cf9e8       0xd8 ../AsicController_bsp/\libucosii_bsp.a(ipnet.o)
 .rodata        0x090cfac0       0xec ../AsicController_bsp/\libucosii_bsp.a(ipstart.o)
 .rodata        0x090cfbac      0x54c ../AsicController_bsp/\libucosii_bsp.a(igmp_cmn.o)
 .rodata        0x090d00f8       0xb8 ../AsicController_bsp/\libucosii_bsp.a(in_utils.o)
 .rodata        0x090d01b0       0x34 ../AsicController_bsp/\libucosii_bsp.a(netmain.o)
 .rodata        0x090d01e4      0x1a8 ../AsicController_bsp/\libucosii_bsp.a(tk_crnos.o)
 .rodata        0x090d038c        0x8 ../AsicController_bsp/\libucosii_bsp.a(dhcpclnt.o)
 .rodata        0x090d0394      0x118 ../AsicController_bsp/\libucosii_bsp.a(pktalloc.o)
 .rodata        0x090d04ac       0x84 ../AsicController_bsp/\libucosii_bsp.a(udp_open.o)
 .rodata        0x090d0530       0x2c ../AsicController_bsp/\libucosii_bsp.a(brdutils.o)
 .rodata        0x090d055c      0x26c ../AsicController_bsp/\libucosii_bsp.a(osportco.o)
 .rodata        0x090d07c8       0xa0 ../AsicController_bsp/\libucosii_bsp.a(targnios.o)
 .rodata        0x090d0868       0x90 ../AsicController_bsp/\libucosii_bsp.a(nptcp.o)
 .rodata        0x090d08f8        0x8 ../AsicController_bsp/\libucosii_bsp.a(sockcall.o)
 .rodata        0x090d0900       0x50 ../AsicController_bsp/\libucosii_bsp.a(socket.o)
 .rodata        0x090d0950       0x40 ../AsicController_bsp/\libucosii_bsp.a(socket2.o)
 .rodata        0x090d0990       0x20 ../AsicController_bsp/\libucosii_bsp.a(tcp_in.o)
 .rodata        0x090d09b0       0x40 ../AsicController_bsp/\libucosii_bsp.a(tcp_out.o)
 .rodata        0x090d09f0       0x24 ../AsicController_bsp/\libucosii_bsp.a(tcp_subr.o)
 .rodata        0x090d0a14       0x2c ../AsicController_bsp/\libucosii_bsp.a(tcp_usr.o)
 .rodata        0x090d0a40        0xc ../AsicController_bsp/\libucosii_bsp.a(alt_dev.o)
 .rodata        0x090d0a4c        0x4 ../AsicController_bsp/\libucosii_bsp.a(os_cpu_c.o)
 .rodata        0x090d0a50      0x1d4 ../AsicController_bsp/\libucosii_bsp.a(allports.o)
 .rodata        0x090d0c24       0x34 ../AsicController_bsp/\libucosii_bsp.a(tk_misc.o)
 .rodata        0x090d0c58       0x44 ../AsicController_bsp/\libucosii_bsp.a(et_arp.o)
 .rodata        0x090d0c9c      0x1dc ../AsicController_bsp/\libucosii_bsp.a(ip.o)
 .rodata        0x090d0e78      0x158 ../AsicController_bsp/\libucosii_bsp.a(ip_reasm.o)
 .rodata        0x090d0fd0      0x120 ../AsicController_bsp/\libucosii_bsp.a(ipdemux.o)
 .rodata        0x090d10f0       0x34 ../AsicController_bsp/\libucosii_bsp.a(ipport.o)
 .rodata        0x090d1124       0x24 ../AsicController_bsp/\libucosii_bsp.a(ipraw.o)
 .rodata        0x090d1148       0x38 ../AsicController_bsp/\libucosii_bsp.a(iproute.o)
 .rodata        0x090d1180       0xe8 ../AsicController_bsp/\libucosii_bsp.a(udp.o)
 .rodata        0x090d1268      0x2d0 ../AsicController_bsp/\libucosii_bsp.a(u_mctest.o)
 .rodata        0x090d1538       0xf8 ../AsicController_bsp/\libucosii_bsp.a(dhcsetup.o)
 .rodata        0x090d1630       0x94 ../AsicController_bsp/\libucosii_bsp.a(parseip.o)
 .rodata        0x090d16c4       0x34 ../AsicController_bsp/\libucosii_bsp.a(vfsfiles.o)
 .rodata        0x090d16f8      0x318 ../AsicController_bsp/\libucosii_bsp.a(icmp.o)
 *(.rodata1)
                0x090d1a10                . = ALIGN (0x4)
                0x090d1a10                PROVIDE (__ram_rodata_end, ABSOLUTE (.))
                0x090cbc6c                PROVIDE (__flash_rodata_start, LOADADDR (.rodata))

.rwdata         0x090d1a10     0x215c
                0x090d1a10                PROVIDE (__ram_rwdata_start, ABSOLUTE (.))
                0x090d1a10                . = ALIGN (0x4)
 *(.got.plt)
 *(.got)
 *(.data1)
 *(.data .data.* .gnu.linkonce.d.*)
 .data          0x090d1a10        0x0 ../AsicController_bsp//obj/HAL/src/crt0.o
 .data          0x090d1a10        0x0 obj/default/AsicCtrl.o
 .data          0x090d1a10        0x0 obj/default/alt_error_handler.o
 .data          0x090d1a10       0x28 obj/default/atoul.o
 .data          0x090d1a38       0x18 obj/default/iniche_init.o
                0x090d1a38                ssstask
 .data          0x090d1a50        0x0 obj/default/led.o
 .data          0x090d1a50        0x0 obj/default/network_utilities.o
 .data          0x090d1a50        0x0 obj/default/simple_socket_server.o
 .data          0x090d1a50      0x120 obj/default/tse_my_system.o
                0x090d1a50                tse_mac_device
 .data          0x090d1b70        0x0 c:/programs/altera/13.0sp1/nios2eds/bin/gnu/h-i686-mingw32/bin/../lib/gcc/nios2-elf/4.1.2/../../../../nios2-elf/lib/mhw-mulx\libc.a(lib_a-ctype_.o)
 .data          0x090d1b70        0x0 c:/programs/altera/13.0sp1/nios2eds/bin/gnu/h-i686-mingw32/bin/../lib/gcc/nios2-elf/4.1.2/../../../../nios2-elf/lib/mhw-mulx\libc.a(lib_a-fprintf.o)
 .data          0x090d1b70        0x0 c:/programs/altera/13.0sp1/nios2eds/bin/gnu/h-i686-mingw32/bin/../lib/gcc/nios2-elf/4.1.2/../../../../nios2-elf/lib/mhw-mulx\libc.a(lib_a-fwrite.o)
 .data          0x090d1b70        0x0 c:/programs/altera/13.0sp1/nios2eds/bin/gnu/h-i686-mingw32/bin/../lib/gcc/nios2-elf/4.1.2/../../../../nios2-elf/lib/mhw-mulx\libc.a(lib_a-getc.o)
 .data          0x090d1b70      0x400 c:/programs/altera/13.0sp1/nios2eds/bin/gnu/h-i686-mingw32/bin/../lib/gcc/nios2-elf/4.1.2/../../../../nios2-elf/lib/mhw-mulx\libc.a(lib_a-impure.o)
 .data          0x090d1f70        0x0 c:/programs/altera/13.0sp1/nios2eds/bin/gnu/h-i686-mingw32/bin/../lib/gcc/nios2-elf/4.1.2/../../../../nios2-elf/lib/mhw-mulx\libc.a(lib_a-memset.o)
 .data          0x090d1f70        0x0 c:/programs/altera/13.0sp1/nios2eds/bin/gnu/h-i686-mingw32/bin/../lib/gcc/nios2-elf/4.1.2/../../../../nios2-elf/lib/mhw-mulx\libc.a(lib_a-perror.o)
 .data          0x090d1f70        0x0 c:/programs/altera/13.0sp1/nios2eds/bin/gnu/h-i686-mingw32/bin/../lib/gcc/nios2-elf/4.1.2/../../../../nios2-elf/lib/mhw-mulx\libc.a(lib_a-printf.o)
 .data          0x090d1f70        0x0 c:/programs/altera/13.0sp1/nios2eds/bin/gnu/h-i686-mingw32/bin/../lib/gcc/nios2-elf/4.1.2/../../../../nios2-elf/lib/mhw-mulx\libc.a(lib_a-putc.o)
 .data          0x090d1f70        0x0 c:/programs/altera/13.0sp1/nios2eds/bin/gnu/h-i686-mingw32/bin/../lib/gcc/nios2-elf/4.1.2/../../../../nios2-elf/lib/mhw-mulx\libc.a(lib_a-putchar.o)
 .data          0x090d1f70        0x0 c:/programs/altera/13.0sp1/nios2eds/bin/gnu/h-i686-mingw32/bin/../lib/gcc/nios2-elf/4.1.2/../../../../nios2-elf/lib/mhw-mulx\libc.a(lib_a-puts.o)
 .data          0x090d1f70        0x0 c:/programs/altera/13.0sp1/nios2eds/bin/gnu/h-i686-mingw32/bin/../lib/gcc/nios2-elf/4.1.2/../../../../nios2-elf/lib/mhw-mulx\libc.a(lib_a-rget.o)
 .data          0x090d1f70        0x0 c:/programs/altera/13.0sp1/nios2eds/bin/gnu/h-i686-mingw32/bin/../lib/gcc/nios2-elf/4.1.2/../../../../nios2-elf/lib/mhw-mulx\libc.a(lib_a-sprintf.o)
 .data          0x090d1f70        0x0 c:/programs/altera/13.0sp1/nios2eds/bin/gnu/h-i686-mingw32/bin/../lib/gcc/nios2-elf/4.1.2/../../../../nios2-elf/lib/mhw-mulx\libc.a(lib_a-strchr.o)
 .data          0x090d1f70        0x0 c:/programs/altera/13.0sp1/nios2eds/bin/gnu/h-i686-mingw32/bin/../lib/gcc/nios2-elf/4.1.2/../../../../nios2-elf/lib/mhw-mulx\libc.a(lib_a-strerror.o)
 .data          0x090d1f70        0x0 c:/programs/altera/13.0sp1/nios2eds/bin/gnu/h-i686-mingw32/bin/../lib/gcc/nios2-elf/4.1.2/../../../../nios2-elf/lib/mhw-mulx\libc.a(lib_a-strlen.o)
 .data          0x090d1f70        0x0 c:/programs/altera/13.0sp1/nios2eds/bin/gnu/h-i686-mingw32/bin/../lib/gcc/nios2-elf/4.1.2/../../../../nios2-elf/lib/mhw-mulx\libc.a(lib_a-u_strerr.o)
 .data          0x090d1f70        0x0 c:/programs/altera/13.0sp1/nios2eds/bin/gnu/h-i686-mingw32/bin/../lib/gcc/nios2-elf/4.1.2/../../../../nios2-elf/lib/mhw-mulx\libc.a(lib_a-vfprintf.o)
 .data          0x090d1f70        0x0 c:/programs/altera/13.0sp1/nios2eds/bin/gnu/h-i686-mingw32/bin/../lib/gcc/nios2-elf/4.1.2/../../../../nios2-elf/lib/mhw-mulx\libc.a(lib_a-wbuf.o)
 .data          0x090d1f70        0x0 c:/programs/altera/13.0sp1/nios2eds/bin/gnu/h-i686-mingw32/bin/../lib/gcc/nios2-elf/4.1.2/../../../../nios2-elf/lib/mhw-mulx\libc.a(lib_a-wsetup.o)
 .data          0x090d1f70        0x0 c:/programs/altera/13.0sp1/nios2eds/bin/gnu/h-i686-mingw32/bin/../lib/gcc/nios2-elf/4.1.2/../../../../nios2-elf/lib/mhw-mulx\libc.a(lib_a-dtoa.o)
 .data          0x090d1f70        0x0 c:/programs/altera/13.0sp1/nios2eds/bin/gnu/h-i686-mingw32/bin/../lib/gcc/nios2-elf/4.1.2/../../../../nios2-elf/lib/mhw-mulx\libc.a(lib_a-fflush.o)
 .data          0x090d1f70        0x0 c:/programs/altera/13.0sp1/nios2eds/bin/gnu/h-i686-mingw32/bin/../lib/gcc/nios2-elf/4.1.2/../../../../nios2-elf/lib/mhw-mulx\libc.a(lib_a-findfp.o)
 .data          0x090d1f70        0x0 c:/programs/altera/13.0sp1/nios2eds/bin/gnu/h-i686-mingw32/bin/../lib/gcc/nios2-elf/4.1.2/../../../../nios2-elf/lib/mhw-mulx\libc.a(lib_a-fputc.o)
 .data          0x090d1f70        0x0 c:/programs/altera/13.0sp1/nios2eds/bin/gnu/h-i686-mingw32/bin/../lib/gcc/nios2-elf/4.1.2/../../../../nios2-elf/lib/mhw-mulx\libc.a(lib_a-fputs.o)
 .data          0x090d1f70        0x0 c:/programs/altera/13.0sp1/nios2eds/bin/gnu/h-i686-mingw32/bin/../lib/gcc/nios2-elf/4.1.2/../../../../nios2-elf/lib/mhw-mulx\libc.a(lib_a-freer.o)
 .data          0x090d1f70        0x0 c:/programs/altera/13.0sp1/nios2eds/bin/gnu/h-i686-mingw32/bin/../lib/gcc/nios2-elf/4.1.2/../../../../nios2-elf/lib/mhw-mulx\libc.a(lib_a-fvwrite.o)
 .data          0x090d1f70        0x0 c:/programs/altera/13.0sp1/nios2eds/bin/gnu/h-i686-mingw32/bin/../lib/gcc/nios2-elf/4.1.2/../../../../nios2-elf/lib/mhw-mulx\libc.a(lib_a-fwalk.o)
 .data          0x090d1f70        0xc c:/programs/altera/13.0sp1/nios2eds/bin/gnu/h-i686-mingw32/bin/../lib/gcc/nios2-elf/4.1.2/../../../../nios2-elf/lib/mhw-mulx\libc.a(lib_a-locale.o)
                0x090d1f70                __lc_ctype
 .data          0x090d1f7c        0x0 c:/programs/altera/13.0sp1/nios2eds/bin/gnu/h-i686-mingw32/bin/../lib/gcc/nios2-elf/4.1.2/../../../../nios2-elf/lib/mhw-mulx\libc.a(lib_a-makebuf.o)
 .data          0x090d1f7c      0x408 c:/programs/altera/13.0sp1/nios2eds/bin/gnu/h-i686-mingw32/bin/../lib/gcc/nios2-elf/4.1.2/../../../../nios2-elf/lib/mhw-mulx\libc.a(lib_a-mallocr.o)
                0x090d1f7c                __malloc_av_
 .data          0x090d2384        0x0 c:/programs/altera/13.0sp1/nios2eds/bin/gnu/h-i686-mingw32/bin/../lib/gcc/nios2-elf/4.1.2/../../../../nios2-elf/lib/mhw-mulx\libc.a(lib_a-memchr.o)
 .data          0x090d2384        0x0 c:/programs/altera/13.0sp1/nios2eds/bin/gnu/h-i686-mingw32/bin/../lib/gcc/nios2-elf/4.1.2/../../../../nios2-elf/lib/mhw-mulx\libc.a(lib_a-memcpy.o)